Archive member included because of file (symbol)

/opt/altera/13.0sp1/nios2eds/bin/gnu/H-i686-pc-linux-gnu/bin/../lib/gcc/nios2-elf/4.1.2/mno-hw-mul/libgcc.a(_floatdisf.o)
                              obj/default/ContexSwitch.o (__floatdisf)
/opt/altera/13.0sp1/nios2eds/bin/gnu/H-i686-pc-linux-gnu/bin/../lib/gcc/nios2-elf/4.1.2/mno-hw-mul/libgcc.a(_floatdidf.o)
                              obj/default/ContexSwitch.o (__floatdidf)
/opt/altera/13.0sp1/nios2eds/bin/gnu/H-i686-pc-linux-gnu/bin/../lib/gcc/nios2-elf/4.1.2/mno-hw-mul/libgcc.a(_sf_to_df.o)
                              obj/default/ContexSwitch.o (__extendsfdf2)
/opt/altera/13.0sp1/nios2eds/bin/gnu/H-i686-pc-linux-gnu/bin/../lib/gcc/nios2-elf/4.1.2/mno-hw-mul/libgcc.a(_usi_to_sf.o)
                              obj/default/ContexSwitch.o (__floatunsisf)
/opt/altera/13.0sp1/nios2eds/bin/gnu/H-i686-pc-linux-gnu/bin/../lib/gcc/nios2-elf/4.1.2/mno-hw-mul/libgcc.a(_addsub_df.o)
                              /opt/altera/13.0sp1/nios2eds/bin/gnu/H-i686-pc-linux-gnu/bin/../lib/gcc/nios2-elf/4.1.2/mno-hw-mul/libgcc.a(_floatdisf.o) (__adddf3)
/opt/altera/13.0sp1/nios2eds/bin/gnu/H-i686-pc-linux-gnu/bin/../lib/gcc/nios2-elf/4.1.2/mno-hw-mul/libgcc.a(_mul_df.o)
                              obj/default/ContexSwitch.o (__muldf3)
/opt/altera/13.0sp1/nios2eds/bin/gnu/H-i686-pc-linux-gnu/bin/../lib/gcc/nios2-elf/4.1.2/mno-hw-mul/libgcc.a(_div_df.o)
                              obj/default/ContexSwitch.o (__divdf3)
/opt/altera/13.0sp1/nios2eds/bin/gnu/H-i686-pc-linux-gnu/bin/../lib/gcc/nios2-elf/4.1.2/mno-hw-mul/libgcc.a(_ne_df.o)
                              obj/default/ContexSwitch.o (__nedf2)
/opt/altera/13.0sp1/nios2eds/bin/gnu/H-i686-pc-linux-gnu/bin/../lib/gcc/nios2-elf/4.1.2/mno-hw-mul/libgcc.a(_ge_df.o)
                              obj/default/ContexSwitch.o (__gedf2)
/opt/altera/13.0sp1/nios2eds/bin/gnu/H-i686-pc-linux-gnu/bin/../lib/gcc/nios2-elf/4.1.2/mno-hw-mul/libgcc.a(_le_df.o)
                              obj/default/ContexSwitch.o (__ledf2)
/opt/altera/13.0sp1/nios2eds/bin/gnu/H-i686-pc-linux-gnu/bin/../lib/gcc/nios2-elf/4.1.2/mno-hw-mul/libgcc.a(_si_to_df.o)
                              obj/default/ContexSwitch.o (__floatsidf)
/opt/altera/13.0sp1/nios2eds/bin/gnu/H-i686-pc-linux-gnu/bin/../lib/gcc/nios2-elf/4.1.2/mno-hw-mul/libgcc.a(_make_df.o)
                              /opt/altera/13.0sp1/nios2eds/bin/gnu/H-i686-pc-linux-gnu/bin/../lib/gcc/nios2-elf/4.1.2/mno-hw-mul/libgcc.a(_sf_to_df.o) (__make_dp)
/opt/altera/13.0sp1/nios2eds/bin/gnu/H-i686-pc-linux-gnu/bin/../lib/gcc/nios2-elf/4.1.2/mno-hw-mul/libgcc.a(_df_to_sf.o)
                              /opt/altera/13.0sp1/nios2eds/bin/gnu/H-i686-pc-linux-gnu/bin/../lib/gcc/nios2-elf/4.1.2/mno-hw-mul/libgcc.a(_floatdisf.o) (__truncdfsf2)
/opt/altera/13.0sp1/nios2eds/bin/gnu/H-i686-pc-linux-gnu/bin/../lib/gcc/nios2-elf/4.1.2/mno-hw-mul/libgcc.a(_thenan_df.o)
                              /opt/altera/13.0sp1/nios2eds/bin/gnu/H-i686-pc-linux-gnu/bin/../lib/gcc/nios2-elf/4.1.2/mno-hw-mul/libgcc.a(_addsub_df.o) (__thenan_df)
/opt/altera/13.0sp1/nios2eds/bin/gnu/H-i686-pc-linux-gnu/bin/../lib/gcc/nios2-elf/4.1.2/mno-hw-mul/libgcc.a(_usi_to_df.o)
                              /opt/altera/13.0sp1/nios2eds/bin/gnu/H-i686-pc-linux-gnu/bin/../lib/gcc/nios2-elf/4.1.2/mno-hw-mul/libgcc.a(_floatdisf.o) (__floatunsidf)
/opt/altera/13.0sp1/nios2eds/bin/gnu/H-i686-pc-linux-gnu/bin/../lib/gcc/nios2-elf/4.1.2/mno-hw-mul/libgcc.a(lib2-divmod.o)
                              obj/default/ContexSwitch.o (__modsi3)
/opt/altera/13.0sp1/nios2eds/bin/gnu/H-i686-pc-linux-gnu/bin/../lib/gcc/nios2-elf/4.1.2/mno-hw-mul/libgcc.a(_muldi3.o)
                              /opt/altera/13.0sp1/nios2eds/bin/gnu/H-i686-pc-linux-gnu/bin/../lib/gcc/nios2-elf/4.1.2/mno-hw-mul/libgcc.a(_mul_df.o) (__muldi3)
/opt/altera/13.0sp1/nios2eds/bin/gnu/H-i686-pc-linux-gnu/bin/../lib/gcc/nios2-elf/4.1.2/mno-hw-mul/libgcc.a(_clzsi2.o)
                              /opt/altera/13.0sp1/nios2eds/bin/gnu/H-i686-pc-linux-gnu/bin/../lib/gcc/nios2-elf/4.1.2/mno-hw-mul/libgcc.a(_usi_to_sf.o) (__clzsi2)
/opt/altera/13.0sp1/nios2eds/bin/gnu/H-i686-pc-linux-gnu/bin/../lib/gcc/nios2-elf/4.1.2/mno-hw-mul/libgcc.a(_pack_sf.o)
                              /opt/altera/13.0sp1/nios2eds/bin/gnu/H-i686-pc-linux-gnu/bin/../lib/gcc/nios2-elf/4.1.2/mno-hw-mul/libgcc.a(_usi_to_sf.o) (__pack_f)
/opt/altera/13.0sp1/nios2eds/bin/gnu/H-i686-pc-linux-gnu/bin/../lib/gcc/nios2-elf/4.1.2/mno-hw-mul/libgcc.a(_unpack_sf.o)
                              /opt/altera/13.0sp1/nios2eds/bin/gnu/H-i686-pc-linux-gnu/bin/../lib/gcc/nios2-elf/4.1.2/mno-hw-mul/libgcc.a(_sf_to_df.o) (__unpack_f)
/opt/altera/13.0sp1/nios2eds/bin/gnu/H-i686-pc-linux-gnu/bin/../lib/gcc/nios2-elf/4.1.2/mno-hw-mul/libgcc.a(_make_sf.o)
                              /opt/altera/13.0sp1/nios2eds/bin/gnu/H-i686-pc-linux-gnu/bin/../lib/gcc/nios2-elf/4.1.2/mno-hw-mul/libgcc.a(_df_to_sf.o) (__make_fp)
[...]
Memory Configuration

Name             Origin             Length             Attributes
onchip_memory    0x00000000         0x00006400
sram             0x00100000         0x00080000
reset            0x01000000         0x00000020
sdram            0x01000020         0x007fffe0
*default*        0x00000000         0xffffffff

Linker script and memory map

LOAD ../bsp//obj/HAL/src/crt0.o
LOAD obj/default/ContexSwitch.o
LOAD /opt/altera/13.0sp1/nios2eds/bin/gnu/H-i686-pc-linux-gnu/bin/../lib/gcc/nios2-elf/4.1.2/../../../../nios2-elf/lib/mno-hw-mul/libstdc++.a
LOAD /opt/altera/13.0sp1/nios2eds/bin/gnu/H-i686-pc-linux-gnu/bin/../lib/gcc/nios2-elf/4.1.2/../../../../nios2-elf/lib/mno-hw-mul/libm.a
LOAD /opt/altera/13.0sp1/nios2eds/bin/gnu/H-i686-pc-linux-gnu/bin/../lib/gcc/nios2-elf/4.1.2/mno-hw-mul/libgcc.a
START GROUP
LOAD /opt/altera/13.0sp1/nios2eds/bin/gnu/H-i686-pc-linux-gnu/bin/../lib/gcc/nios2-elf/4.1.2/../../../../nios2-elf/lib/mno-hw-mul/libc.a
LOAD /opt/altera/13.0sp1/nios2eds/bin/gnu/H-i686-pc-linux-gnu/bin/../lib/gcc/nios2-elf/4.1.2/mno-hw-mul/libgcc.a
LOAD ../bsp//libucosii_bsp.a
END GROUP
LOAD /opt/altera/13.0sp1/nios2eds/bin/gnu/H-i686-pc-linux-gnu/bin/../lib/gcc/nios2-elf/4.1.2/mno-hw-mul/libgcc.a
                0x00000000                __alt_mem_onchip_memory = 0x0
                0x00100000                __alt_mem_sram = 0x100000
                0x01000000                __alt_mem_sdram = 0x1000000

.entry          0x01000000       0x20
 *(.entry)
 .entry         0x01000000       0x20 ../bsp//obj/HAL/src/crt0.o
                0x01000000                __reset

.exceptions     0x01000020      0x124 load address 0x00100000
                0x01000020                PROVIDE (__ram_exceptions_start, ABSOLUTE (.))
                0x01000020                . = ALIGN (0x20)
 *(.irq)
 *(.exceptions.entry.label)
 .exceptions.entry.label
                0x01000020        0x0 ../bsp//libucosii_bsp.a(alt_irq_entry.o)
                0x01000020                alt_irq_entry
 .exceptions.entry.label
                0x01000020        0x0 ../bsp//libucosii_bsp.a(alt_exception_entry.o)
                0x01000020                alt_exception
 *(.exceptions.entry.user)
 *(.exceptions.entry)
 .exceptions.entry
                0x01000020       0x54 ../bsp//libucosii_bsp.a(alt_exception_entry.o)
 *(.exceptions.irqtest.user)
 *(.exceptions.irqtest)
 .exceptions.irqtest
                0x01000074       0x10 ../bsp//libucosii_bsp.a(alt_irq_entry.o)
 *(.exceptions.irqhandler.user)
 *(.exceptions.irqhandler)
 .exceptions.irqhandler
                0x01000084        0x4 ../bsp//libucosii_bsp.a(alt_irq_entry.o)
 *(.exceptions.irqreturn.user)
 *(.exceptions.irqreturn)
 .exceptions.irqreturn
                0x01000088        0x4 ../bsp//libucosii_bsp.a(alt_irq_entry.o)
 *(.exceptions.notirq.label)
 .exceptions.notirq.label
                0x0100008c        0x0 ../bsp//libucosii_bsp.a(alt_irq_entry.o)
 *(.exceptions.notirq.user)
 *(.exceptions.notirq)
 .exceptions.notirq
                0x0100008c        0x8 ../bsp//libucosii_bsp.a(alt_exception_entry.o)
 *(.exceptions.soft.user)
 *(.exceptions.soft)
 *(.exceptions.unknown.user)
 *(.exceptions.unknown)
 .exceptions.unknown
                0x01000094        0x4 ../bsp//libucosii_bsp.a(alt_exception_entry.o)
 *(.exceptions.exit.label)
 .exceptions.exit.label
                0x01000098        0x0 ../bsp//libucosii_bsp.a(alt_irq_entry.o)
 .exceptions.exit.label
                0x01000098        0x0 ../bsp//libucosii_bsp.a(alt_exception_entry.o)
 *(.exceptions.exit.user)
 *(.exceptions.exit)
 .exceptions.exit
                0x01000098       0x54 ../bsp//libucosii_bsp.a(alt_exception_entry.o)
 *(.exceptions)
 .exceptions    0x010000ec       0x58 ../bsp//libucosii_bsp.a(alt_irq_handler.o)
                0x010000ec                alt_irq_handler
                0x01000144                PROVIDE (__ram_exceptions_end, ABSOLUTE (.))
                0x00100000                PROVIDE (__flash_exceptions_start, LOADADDR (.exceptions))

.text           0x00100124    0x11afc
                0x00100124                PROVIDE (stext, ABSOLUTE (.))
 *(.interp)
 *(.hash)
 *(.dynsym)
 *(.dynstr)
 *(.gnu.version)
 *(.gnu.version_d)
 *(.gnu.version_r)
 *(.rel.init)
 *(.rela.init)
 *(.rel.text .rel.text.* .rel.gnu.linkonce.t.*)
 *(.rela.text .rela.text.* .rela.gnu.linkonce.t.*)
 *(.rel.fini)
 *(.rela.fini)
 *(.rel.rodata .rel.rodata.* .rel.gnu.linkonce.r.*)
 *(.rela.rodata .rela.rodata.* .rela.gnu.linkonce.r.*)
 *(.rel.data .rel.data.* .rel.gnu.linkonce.d.*)
 *(.rela.data .rela.data.* .rela.gnu.linkonce.d.*)
 *(.rel.tdata .rel.tdata.* .rel.gnu.linkonce.td.*)
 *(.rela.tdata .rela.tdata.* .rela.gnu.linkonce.td.*)
 *(.rel.tbss .rel.tbss.* .rel.gnu.linkonce.tb.*)
 *(.rela.tbss .rela.tbss.* .rela.gnu.linkonce.tb.*)
 *(.rel.ctors)
 *(.rela.ctors)
 *(.rel.dtors)
 *(.rela.dtors)
 *(.rel.got)
 *(.rela.got)
 *(.rel.sdata .rel.sdata.* .rel.gnu.linkonce.s.*)
 *(.rela.sdata .rela.sdata.* .rela.gnu.linkonce.s.*)
 *(.rel.sbss .rel.sbss.* .rel.gnu.linkonce.sb.*)
 *(.rela.sbss .rela.sbss.* .rela.gnu.linkonce.sb.*)
 *(.rel.sdata2 .rel.sdata2.* .rel.gnu.linkonce.s2.*)
 *(.rela.sdata2 .rela.sdata2.* .rela.gnu.linkonce.s2.*)
 *(.rel.sbss2 .rel.sbss2.* .rel.gnu.linkonce.sb2.*)
 *(.rela.sbss2 .rela.sbss2.* .rela.gnu.linkonce.sb2.*)
 *(.rel.bss .rel.bss.* .rel.gnu.linkonce.b.*)
 *(.rela.bss .rela.bss.* .rela.gnu.linkonce.b.*)
 *(.rel.plt)
 *(.rela.plt)
 *(.rel.dyn)
 *(.init)
 *(.plt)
 *(.text .stub .text.* .gnu.linkonce.t.*)
 .text          0x00100124       0x3c ../bsp//obj/HAL/src/crt0.o
                0x00100124                _start
 .text          0x00100160      0xa08 obj/default/ContexSwitch.o
                0x00100160                task0
                0x001005f8                task1
                0x00100a90                main
 .text          0x00100b68       0xe0 /opt/altera/13.0sp1/nios2eds/bin/gnu/H-i686-pc-linux-gnu/bin/../lib/gcc/nios2-elf/4.1.2/mno-hw-mul/libgcc.a(_floatdisf.o)
                0x00100b68                __floatdisf
 .text          0x00100c48       0x88 /opt/altera/13.0sp1/nios2eds/bin/gnu/H-i686-pc-linux-gnu/bin/../lib/gcc/nios2-elf/4.1.2/mno-hw-mul/libgcc.a(_floatdidf.o)
                0x00100c48                __floatdidf
 .text          0x00100cd0       0x54 /opt/altera/13.0sp1/nios2eds/bin/gnu/H-i686-pc-linux-gnu/bin/../lib/gcc/nios2-elf/4.1.2/mno-hw-mul/libgcc.a(_sf_to_df.o)
                0x00100cd0                __extendsfdf2
 .text          0x00100d24       0xc0 /opt/altera/13.0sp1/nios2eds/bin/gnu/H-i686-pc-linux-gnu/bin/../lib/gcc/nios2-elf/4.1.2/mno-hw-mul/libgcc.a(_usi_to_sf.o)
                0x00100d24                __floatunsisf
 .text          0x00100de4      0x504 /opt/altera/13.0sp1/nios2eds/bin/gnu/H-i686-pc-linux-gnu/bin/../lib/gcc/nios2-elf/4.1.2/mno-hw-mul/libgcc.a(_addsub_df.o)
                0x001011f4                __subdf3
                0x00101274                __adddf3
 .text          0x001012e8      0x3c4 /opt/altera/13.0sp1/nios2eds/bin/gnu/H-i686-pc-linux-gnu/bin/../lib/gcc/nios2-elf/4.1.2/mno-hw-mul/libgcc.a(_mul_df.o)
                0x001012e8                __muldf3
 .text          0x001016ac      0x258 /opt/altera/13.0sp1/nios2eds/bin/gnu/H-i686-pc-linux-gnu/bin/../lib/gcc/nios2-elf/4.1.2/mno-hw-mul/libgcc.a(_div_df.o)
                0x001016ac                __divdf3
 .text          0x00101904       0x88 /opt/altera/13.0sp1/nios2eds/bin/gnu/H-i686-pc-linux-gnu/bin/../lib/gcc/nios2-elf/4.1.2/mno-hw-mul/libgcc.a(_ne_df.o)
                0x00101904                __nedf2
 .text          0x0010198c       0x88 /opt/altera/13.0sp1/nios2eds/bin/gnu/H-i686-pc-linux-gnu/bin/../lib/gcc/nios2-elf/4.1.2/mno-hw-mul/libgcc.a(_ge_df.o)
                0x0010198c                __gedf2
 .text          0x00101a14       0x88 /opt/altera/13.0sp1/nios2eds/bin/gnu/H-i686-pc-linux-gnu/bin/../lib/gcc/nios2-elf/4.1.2/mno-hw-mul/libgcc.a(_le_df.o)
                0x00101a14                __ledf2
 .text          0x00101a9c       0xf8 /opt/altera/13.0sp1/nios2eds/bin/gnu/H-i686-pc-linux-gnu/bin/../lib/gcc/nios2-elf/4.1.2/mno-hw-mul/libgcc.a(_si_to_df.o)
                0x00101a9c                __floatsidf
 .text          0x00101b94       0x38 /opt/altera/13.0sp1/nios2eds/bin/gnu/H-i686-pc-linux-gnu/bin/../lib/gcc/nios2-elf/4.1.2/mno-hw-mul/libgcc.a(_make_df.o)
                0x00101b94                __make_dp
 .text          0x00101bcc       0x74 /opt/altera/13.0sp1/nios2eds/bin/gnu/H-i686-pc-linux-gnu/bin/../lib/gcc/nios2-elf/4.1.2/mno-hw-mul/libgcc.a(_df_to_sf.o)
                0x00101bcc                __truncdfsf2
 .text          0x00101c40        0x0 /opt/altera/13.0sp1/nios2eds/bin/gnu/H-i686-pc-linux-gnu/bin/../lib/gcc/nios2-elf/4.1.2/mno-hw-mul/libgcc.a(_thenan_df.o)
 .text          0x00101c40      0x194 /opt/altera/13.0sp1/nios2eds/bin/gnu/H-i686-pc-linux-gnu/bin/../lib/gcc/nios2-elf/4.1.2/mno-hw-mul/libgcc.a(_usi_to_df.o)
                0x00101c40                __floatunsidf
 .text          0x00101dd4      0x14c /opt/altera/13.0sp1/nios2eds/bin/gnu/H-i686-pc-linux-gnu/bin/../lib/gcc/nios2-elf/4.1.2/mno-hw-mul/libgcc.a(lib2-divmod.o)
                0x00101e50                __divsi3
                0x00101eb0                __modsi3
                0x00101f10                __udivsi3
                0x00101f18                __umodsi3
 .text          0x00101f20      0x124 /opt/altera/13.0sp1/nios2eds/bin/gnu/H-i686-pc-linux-gnu/bin/../lib/gcc/nios2-elf/4.1.2/mno-hw-mul/libgcc.a(_muldi3.o)
                0x00101f20                __muldi3
 .text          0x00102044       0x80 /opt/altera/13.0sp1/nios2eds/bin/gnu/H-i686-pc-linux-gnu/bin/../lib/gcc/nios2-elf/4.1.2/mno-hw-mul/libgcc.a(_clzsi2.o)
                0x00102044                __clzsi2
 .text          0x001020c4      0x160 /opt/altera/13.0sp1/nios2eds/bin/gnu/H-i686-pc-linux-gnu/bin/../lib/gcc/nios2-elf/4.1.2/mno-hw-mul/libgcc.a(_pack_sf.o)
                0x001020c4                __pack_f
 .text          0x00102224       0xc8 /opt/altera/13.0sp1/nios2eds/bin/gnu/H-i686-pc-linux-gnu/bin/../lib/gcc/nios2-elf/4.1.2/mno-hw-mul/libgcc.a(_unpack_sf.o)
                0x00102224                __unpack_f
 .text          0x001022ec       0x2c /opt/altera/13.0sp1/nios2eds/bin/gnu/H-i686-pc-linux-gnu/bin/../lib/gcc/nios2-elf/4.1.2/mno-hw-mul/libgcc.a(_make_sf.o)
                0x001022ec                __make_fp
 .text          0x00102318      0x314 /opt/altera/13.0sp1/nios2eds/bin/gnu/H-i686-pc-linux-gnu/bin/../lib/gcc/nios2-elf/4.1.2/mno-hw-mul/libgcc.a(_pack_df.o)
                0x00102318                __pack_d
 .text          0x0010262c      0x138 /opt/altera/13.0sp1/nios2eds/bin/gnu/H-i686-pc-linux-gnu/bin/../lib/gcc/nios2-elf/4.1.2/mno-hw-mul/libgcc.a(_unpack_df.o)
                0x0010262c                __unpack_d
 .text          0x00102764       0xc8 /opt/altera/13.0sp1/nios2eds/bin/gnu/H-i686-pc-linux-gnu/bin/../lib/gcc/nios2-elf/4.1.2/mno-hw-mul/libgcc.a(_fpcmp_parts_df.o)
                0x00102764                __fpcmp_parts_d
 .text          0x0010282c       0x38 /opt/altera/13.0sp1/nios2eds/bin/gnu/H-i686-pc-linux-gnu/bin/../lib/gcc/nios2-elf/4.1.2/mno-hw-mul/libgcc.a(lib2-mul.o)
                0x0010282c                __mulsi3
 .text          0x00102864        0x0 /opt/altera/13.0sp1/nios2eds/bin/gnu/H-i686-pc-linux-gnu/bin/../lib/gcc/nios2-elf/4.1.2/mno-hw-mul/libgcc.a(_clz.o)
 .text          0x00102864       0x78 /opt/altera/13.0sp1/nios2eds/bin/gnu/H-i686-pc-linux-gnu/bin/../lib/gcc/nios2-elf/4.1.2/../../../../nios2-elf/lib/mno-hw-mul/libc.a(lib_a-printf.o)
                0x00102864                printf
                0x001028a8                _printf_r
 .text          0x001028dc       0xb4 /opt/altera/13.0sp1/nios2eds/bin/gnu/H-i686-pc-linux-gnu/bin/../lib/gcc/nios2-elf/4.1.2/../../../../nios2-elf/lib/mno-hw-mul/libc.a(lib_a-puts.o)
                0x001028dc                _puts_r
                0x0010297c                puts
 .text          0x00102990       0x74 /opt/altera/13.0sp1/nios2eds/bin/gnu/H-i686-pc-linux-gnu/bin/../lib/gcc/nios2-elf/4.1.2/../../../../nios2-elf/lib/mno-hw-mul/libc.a(lib_a-strlen.o)
                0x00102990                strlen
 .text          0x00102a04     0x1f40 /opt/altera/13.0sp1/nios2eds/bin/gnu/H-i686-pc-linux-gnu/bin/../lib/gcc/nios2-elf/4.1.2/../../../../nios2-elf/lib/mno-hw-mul/libc.a(lib_a-vfprintf.o)
                0x00102a5c                ___vfprintf_internal_r
                0x00104920                __vfprintf_internal
 .text          0x00104944      0x13c /opt/altera/13.0sp1/nios2eds/bin/gnu/H-i686-pc-linux-gnu/bin/../lib/gcc/nios2-elf/4.1.2/../../../../nios2-elf/lib/mno-hw-mul/libc.a(lib_a-wsetup.o)
                0x00104944                __swsetup_r
 .text          0x00104a80     0x17f8 /opt/altera/13.0sp1/nios2eds/bin/gnu/H-i686-pc-linux-gnu/bin/../lib/gcc/nios2-elf/4.1.2/../../../../nios2-elf/lib/mno-hw-mul/libc.a(lib_a-dtoa.o)
                0x00104cc4                _dtoa_r
 .text          0x00106278      0x230 /opt/altera/13.0sp1/nios2eds/bin/gnu/H-i686-pc-linux-gnu/bin/../lib/gcc/nios2-elf/4.1.2/../../../../nios2-elf/lib/mno-hw-mul/libc.a(lib_a-fflush.o)
                0x00106278                _fflush_r
                0x00106474                fflush
 .text          0x001064a8      0x2f4 /opt/altera/13.0sp1/nios2eds/bin/gnu/H-i686-pc-linux-gnu/bin/../lib/gcc/nios2-elf/4.1.2/../../../../nios2-elf/lib/mno-hw-mul/libc.a(lib_a-findfp.o)
                0x00106500                __sfp_lock_acquire
                0x00106504                __sfp_lock_release
                0x00106508                __sinit_lock_acquire
                0x0010650c                __sinit_lock_release
                0x00106510                __sinit
                0x001065c4                __fp_unlock_all
                0x001065dc                __fp_lock_all
                0x001065f4                _cleanup_r
                0x00106600                _cleanup
                0x00106610                __sfmoreglue
                0x001066ac                __sfp
 .text          0x0010679c      0x440 /opt/altera/13.0sp1/nios2eds/bin/gnu/H-i686-pc-linux-gnu/bin/../lib/gcc/nios2-elf/4.1.2/../../../../nios2-elf/lib/mno-hw-mul/libc.a(lib_a-freer.o)
                0x0010679c                _malloc_trim_r
                0x001068c8                _free_r
 .text          0x00106bdc      0x49c /opt/altera/13.0sp1/nios2eds/bin/gnu/H-i686-pc-linux-gnu/bin/../lib/gcc/nios2-elf/4.1.2/../../../../nios2-elf/lib/mno-hw-mul/libc.a(lib_a-fvwrite.o)
                0x00106bdc                __sfvwrite_r
 .text          0x00107078      0x180 /opt/altera/13.0sp1/nios2eds/bin/gnu/H-i686-pc-linux-gnu/bin/../lib/gcc/nios2-elf/4.1.2/../../../../nios2-elf/lib/mno-hw-mul/libc.a(lib_a-fwalk.o)
                0x00107078                _fwalk_reent
                0x00107140                _fwalk
 .text          0x001071f8        0x0 /opt/altera/13.0sp1/nios2eds/bin/gnu/H-i686-pc-linux-gnu/bin/../lib/gcc/nios2-elf/4.1.2/../../../../nios2-elf/lib/mno-hw-mul/libc.a(lib_a-impure.o)
 .text          0x001071f8       0xc4 /opt/altera/13.0sp1/nios2eds/bin/gnu/H-i686-pc-linux-gnu/bin/../lib/gcc/nios2-elf/4.1.2/../../../../nios2-elf/lib/mno-hw-mul/libc.a(lib_a-locale.o)
                0x001071f8                __locale_charset
                0x00107200                _localeconv_r
                0x0010720c                localeconv
                0x0010721c                _setlocale_r
                0x001072a0                setlocale
 .text          0x001072bc      0x194 /opt/altera/13.0sp1/nios2eds/bin/gnu/H-i686-pc-linux-gnu/bin/../lib/gcc/nios2-elf/4.1.2/../../../../nios2-elf/lib/mno-hw-mul/libc.a(lib_a-makebuf.o)
                0x001072bc                __smakebuf_r
 .text          0x00107450      0x740 /opt/altera/13.0sp1/nios2eds/bin/gnu/H-i686-pc-linux-gnu/bin/../lib/gcc/nios2-elf/4.1.2/../../../../nios2-elf/lib/mno-hw-mul/libc.a(lib_a-mallocr.o)
                0x00107450                _malloc_r
 .text          0x00107b90       0xe4 /opt/altera/13.0sp1/nios2eds/bin/gnu/H-i686-pc-linux-gnu/bin/../lib/gcc/nios2-elf/4.1.2/../../../../nios2-elf/lib/mno-hw-mul/libc.a(lib_a-memchr.o)
                0x00107b90                memchr
 .text          0x00107c74       0xa0 /opt/altera/13.0sp1/nios2eds/bin/gnu/H-i686-pc-linux-gnu/bin/../lib/gcc/nios2-elf/4.1.2/../../../../nios2-elf/lib/mno-hw-mul/libc.a(lib_a-memcpy.o)
                0x00107c74                memcpy
 .text          0x00107d14       0xe0 /opt/altera/13.0sp1/nios2eds/bin/gnu/H-i686-pc-linux-gnu/bin/../lib/gcc/nios2-elf/4.1.2/../../../../nios2-elf/lib/mno-hw-mul/libc.a(lib_a-memmove.o)
                0x00107d14                memmove
 .text          0x00107df4       0x98 /opt/altera/13.0sp1/nios2eds/bin/gnu/H-i686-pc-linux-gnu/bin/../lib/gcc/nios2-elf/4.1.2/../../../../nios2-elf/lib/mno-hw-mul/libc.a(lib_a-memset.o)
                0x00107df4                memset
 .text          0x00107e8c     0x108c /opt/altera/13.0sp1/nios2eds/bin/gnu/H-i686-pc-linux-gnu/bin/../lib/gcc/nios2-elf/4.1.2/../../../../nios2-elf/lib/mno-hw-mul/libc.a(lib_a-mprec.o)
                0x00107e8c                _Bfree
                0x00107eb4                __hi0bits
                0x00107f24                __lo0bits
                0x00107fe8                __mcmp
                0x00108048                __ulp
                0x001080c8                __b2d
                0x001081e8                __ratio
                0x00108298                _mprec_log10
                0x0010832c                __copybits
                0x00108384                __any_on
                0x0010840c                _Balloc
                0x001084c8                __d2b
                0x00108644                __mdiff
                0x001087d0                __lshift
                0x0010891c                __multiply
                0x00108b70                __i2b
                0x00108bac                __multadd
                0x00108cd8                __pow5mult
                0x00108df8                __s2b
 .text          0x00108f18      0x5f4 /opt/altera/13.0sp1/nios2eds/bin/gnu/H-i686-pc-linux-gnu/bin/../lib/gcc/nios2-elf/4.1.2/../../../../nios2-elf/lib/mno-hw-mul/libc.a(lib_a-reallocr.o)
                0x00108f18                _realloc_r
 .text          0x0010950c       0x40 /opt/altera/13.0sp1/nios2eds/bin/gnu/H-i686-pc-linux-gnu/bin/../lib/gcc/nios2-elf/4.1.2/../../../../nios2-elf/lib/mno-hw-mul/libc.a(lib_a-s_isinfd.o)
                0x0010950c                __isinfd
 .text          0x0010954c       0x30 /opt/altera/13.0sp1/nios2eds/bin/gnu/H-i686-pc-linux-gnu/bin/../lib/gcc/nios2-elf/4.1.2/../../../../nios2-elf/lib/mno-hw-mul/libc.a(lib_a-s_isnand.o)
                0x0010954c                __isnand
 .text          0x0010957c       0x70 /opt/altera/13.0sp1/nios2eds/bin/gnu/H-i686-pc-linux-gnu/bin/../lib/gcc/nios2-elf/4.1.2/../../../../nios2-elf/lib/mno-hw-mul/libc.a(lib_a-sbrkr.o)
                0x0010957c                _sbrk_r
 .text          0x001095ec      0x14c /opt/altera/13.0sp1/nios2eds/bin/gnu/H-i686-pc-linux-gnu/bin/../lib/gcc/nios2-elf/4.1.2/../../../../nios2-elf/lib/mno-hw-mul/libc.a(lib_a-stdio.o)
                0x001095ec                __sclose
                0x001095f4                __sseek
                0x0010965c                __swrite
                0x001096d8                __sread
 .text          0x00109738       0xbc /opt/altera/13.0sp1/nios2eds/bin/gnu/H-i686-pc-linux-gnu/bin/../lib/gcc/nios2-elf/4.1.2/../../../../nios2-elf/lib/mno-hw-mul/libc.a(lib_a-strcmp.o)
                0x00109738                strcmp
 .text          0x001097f4       0x78 /opt/altera/13.0sp1/nios2eds/bin/gnu/H-i686-pc-linux-gnu/bin/../lib/gcc/nios2-elf/4.1.2/../../../../nios2-elf/lib/mno-hw-mul/libc.a(lib_a-writer.o)
                0x001097f4                _write_r
 .text          0x0010986c       0xc8 /opt/altera/13.0sp1/nios2eds/bin/gnu/H-i686-pc-linux-gnu/bin/../lib/gcc/nios2-elf/4.1.2/../../../../nios2-elf/lib/mno-hw-mul/libc.a(lib_a-callocr.o)
                0x0010986c                _calloc_r
 .text          0x00109934       0x70 /opt/altera/13.0sp1/nios2eds/bin/gnu/H-i686-pc-linux-gnu/bin/../lib/gcc/nios2-elf/4.1.2/../../../../nios2-elf/lib/mno-hw-mul/libc.a(lib_a-closer.o)
                0x00109934                _close_r
 .text          0x001099a4      0x124 /opt/altera/13.0sp1/nios2eds/bin/gnu/H-i686-pc-linux-gnu/bin/../lib/gcc/nios2-elf/4.1.2/../../../../nios2-elf/lib/mno-hw-mul/libc.a(lib_a-fclose.o)
                0x001099a4                _fclose_r
                0x00109ab4                fclose
 .text          0x00109ac8       0x74 /opt/altera/13.0sp1/nios2eds/bin/gnu/H-i686-pc-linux-gnu/bin/../lib/gcc/nios2-elf/4.1.2/../../../../nios2-elf/lib/mno-hw-mul/libc.a(lib_a-fstatr.o)
                0x00109ac8                _fstat_r
 .text          0x00109b3c        0x0 /opt/altera/13.0sp1/nios2eds/bin/gnu/H-i686-pc-linux-gnu/bin/../lib/gcc/nios2-elf/4.1.2/../../../../nios2-elf/lib/mno-hw-mul/libc.a(lib_a-int_errno.o)
 .text          0x00109b3c       0x70 /opt/altera/13.0sp1/nios2eds/bin/gnu/H-i686-pc-linux-gnu/bin/../lib/gcc/nios2-elf/4.1.2/../../../../nios2-elf/lib/mno-hw-mul/libc.a(lib_a-isattyr.o)
                0x00109b3c                _isatty_r
 .text          0x00109bac       0x78 /opt/altera/13.0sp1/nios2eds/bin/gnu/H-i686-pc-linux-gnu/bin/../lib/gcc/nios2-elf/4.1.2/../../../../nios2-elf/lib/mno-hw-mul/libc.a(lib_a-lseekr.o)
                0x00109bac                _lseek_r
 .text          0x00109c24       0x78 /opt/altera/13.0sp1/nios2eds/bin/gnu/H-i686-pc-linux-gnu/bin/../lib/gcc/nios2-elf/4.1.2/../../../../nios2-elf/lib/mno-hw-mul/libc.a(lib_a-readr.o)
                0x00109c24                _read_r
 .text          0x00109c9c      0x66c /opt/altera/13.0sp1/nios2eds/bin/gnu/H-i686-pc-linux-gnu/bin/../lib/gcc/nios2-elf/4.1.2/mno-hw-mul/libgcc.a(_udivdi3.o)
                0x00109c9c                __udivdi3
 .text          0x0010a308      0x660 /opt/altera/13.0sp1/nios2eds/bin/gnu/H-i686-pc-linux-gnu/bin/../lib/gcc/nios2-elf/4.1.2/mno-hw-mul/libgcc.a(_umoddi3.o)
                0x0010a308                __umoddi3
 .text          0x0010a968       0x88 /opt/altera/13.0sp1/nios2eds/bin/gnu/H-i686-pc-linux-gnu/bin/../lib/gcc/nios2-elf/4.1.2/mno-hw-mul/libgcc.a(_eq_df.o)
                0x0010a968                __eqdf2
 .text          0x0010a9f0       0x88 /opt/altera/13.0sp1/nios2eds/bin/gnu/H-i686-pc-linux-gnu/bin/../lib/gcc/nios2-elf/4.1.2/mno-hw-mul/libgcc.a(_gt_df.o)
                0x0010a9f0                __gtdf2
 .text          0x0010aa78       0x88 /opt/altera/13.0sp1/nios2eds/bin/gnu/H-i686-pc-linux-gnu/bin/../lib/gcc/nios2-elf/4.1.2/mno-hw-mul/libgcc.a(_lt_df.o)
                0x0010aa78                __ltdf2
 .text          0x0010ab00       0xd8 /opt/altera/13.0sp1/nios2eds/bin/gnu/H-i686-pc-linux-gnu/bin/../lib/gcc/nios2-elf/4.1.2/mno-hw-mul/libgcc.a(_df_to_si.o)
                0x0010ab00                __fixdfsi
 .text          0x0010abd8       0xbc ../bsp//libucosii_bsp.a(alt_close.o)
                0x0010abf8                close
 .text          0x0010ac94        0x8 ../bsp//libucosii_bsp.a(alt_dev.o)
 .text          0x0010ac9c        0x0 ../bsp//libucosii_bsp.a(alt_errno.o)
 .text          0x0010ac9c       0x9c ../bsp//libucosii_bsp.a(alt_fstat.o)
                0x0010ac9c                fstat
 .text          0x0010ad38       0x94 ../bsp//libucosii_bsp.a(alt_isatty.o)
                0x0010ad38                isatty
 .text          0x0010adcc       0x8c ../bsp//libucosii_bsp.a(alt_load.o)
                0x0010adec                alt_load
 .text          0x0010ae58       0xb8 ../bsp//libucosii_bsp.a(alt_lseek.o)
                0x0010ae58                lseek
 .text          0x0010af10       0xa8 ../bsp//libucosii_bsp.a(alt_main.o)
                0x0010af10                alt_main
 .text          0x0010afb8       0xd8 ../bsp//libucosii_bsp.a(alt_read.o)
                0x0010afd8                read
 .text          0x0010b090       0x5c ../bsp//libucosii_bsp.a(alt_release_fd.o)
                0x0010b090                alt_release_fd
 .text          0x0010b0ec       0x50 ../bsp//libucosii_bsp.a(alt_sbrk.o)
                0x0010b0ec                sbrk
 .text          0x0010b13c       0xd4 ../bsp//libucosii_bsp.a(alt_write.o)
                0x0010b15c                write
 .text          0x0010b210       0xa8 ../bsp//libucosii_bsp.a(alt_env_lock.o)
                0x0010b210                __env_unlock
                0x0010b238                __env_lock
 .text          0x0010b2b8      0x110 ../bsp//libucosii_bsp.a(alt_malloc_lock.o)
                0x0010b2b8                __malloc_unlock
                0x0010b314                __malloc_lock
 .text          0x0010b3c8     0x1118 ../bsp//libucosii_bsp.a(os_core.o)
                0x0010b3c8                OSVersion
                0x0010b3d0                OS_Dummy
                0x0010b3d4                OS_EventTaskWait
                0x0010b458                OS_EventTaskWaitMulti
                0x0010b4f8                OS_EventTaskRemove
                0x0010b544                OS_EventTaskRemoveMulti
                0x0010b5a0                OS_EventTaskRdy
                0x0010b694                OS_EventWaitListInit
                0x0010b6b0                OS_MemClr
                0x0010b6cc                OS_MemCopy
                0x0010b6f0                OS_StrCopy
                0x0010b71c                OS_StrLen
                0x0010b73c                OS_TaskStatStkChk
                0x0010b7c0                OS_Sched
                0x0010b878                OSStart
                0x0010b8e4                OSInit
                0x0010bac4                OSEventNameGet
                0x0010bb7c                OSEventPendMulti
                0x0010bed4                OSIntEnter
                0x0010bf10                OSSchedLock
                0x0010bf54                OSSchedUnlock
                0x0010bfa8                OSStatInit
                0x0010c00c                OSTimeTick
                0x0010c118                OS_TaskIdle
                0x0010c148                OS_TaskStat
                0x0010c1cc                OS_TCBInit
                0x0010c350                OSIntExit
                0x0010c424                OSEventNameSet
 .text          0x0010c4e0        0x4 ../bsp//libucosii_bsp.a(os_dbg.o)
                0x0010c4e0                OSDebugInit
 .text          0x0010c4e4      0xc5c ../bsp//libucosii_bsp.a(os_flag.o)
                0x0010c59c                OS_FlagUnlink
                0x0010c668                OS_FlagInit
                0x0010c6d8                OSFlagQuery
                0x0010c734                OSFlagAccept
                0x0010c8a4                OSFlagCreate
                0x0010c92c                OSFlagDel
                0x0010ca8c                OSFlagNameGet
                0x0010cb4c                OSFlagNameSet
                0x0010cc20                OSFlagPend
                0x0010cf20                OSFlagPendGetFlagsRdy
                0x0010cf4c                OSFlagPost
 .text          0x0010d140      0x3b8 ../bsp//libucosii_bsp.a(os_mem.o)
                0x0010d140                OS_MemInit
                0x0010d1a8                OSMemQuery
                0x0010d20c                OSMemCreate
                0x0010d2dc                OSMemGet
                0x0010d348                OSMemNameGet
                0x0010d3e4                OSMemNameSet
                0x0010d4a0                OSMemPut
 .text          0x0010d4f8      0x9c4 ../bsp//libucosii_bsp.a(os_q.o)
                0x0010d4f8                OS_QInit
                0x0010d548                OSQQuery
                0x0010d5e0                OSQAccept
                0x0010d67c                OSQCreate
                0x0010d77c                OSQDel
                0x0010d900                OSQFlush
                0x0010d950                OSQPend
                0x0010db10                OSQPendAbort
                0x0010dbf8                OSQPost
                0x0010dcb4                OSQPostFront
                0x0010dd78                OSQPostOpt
 .text          0x0010debc      0x5e0 ../bsp//libucosii_bsp.a(os_sem.o)
                0x0010debc                OSSemSet
                0x0010df20                OSSemAccept
                0x0010df64                OSSemCreate
                0x0010dff0                OSSemDel
                0x0010e144                OSSemPend
                0x0010e2ac                OSSemPendAbort
                0x0010e398                OSSemPost
                0x0010e434                OSSemQuery
 .text          0x0010e49c      0xe74 ../bsp//libucosii_bsp.a(os_task.o)
                0x0010e49c                OS_TaskStkClr
                0x0010e4cc                OSTaskQuery
                0x0010e594                OSTaskChangePrio
                0x0010e830                OSTaskCreate
                0x0010e93c                OSTaskCreateExt
                0x0010eab4                OSTaskDel
                0x0010ed00                OSTaskDelReq
                0x0010edb4                OSTaskNameGet
                0x0010eebc                OSTaskNameSet
                0x0010efd8                OSTaskResume
                0x0010f0dc                OSTaskStkChk
                0x0010f1cc                OSTaskSuspend
 .text          0x0010f310      0x378 ../bsp//libucosii_bsp.a(os_time.o)
                0x0010f310                OSTimeSet
                0x0010f334                OSTimeDly
                0x0010f3cc                OSTimeDlyHMSM
                0x0010f56c                OSTimeDlyResume
                0x0010f664                OSTimeGet
 .text          0x0010f688      0xb94 ../bsp//libucosii_bsp.a(os_tmr.o)
                0x0010f7f4                OSTmr_Init
                0x0010fa50                OSTmrStop
                0x0010fbac                OSTmrStart
                0x0010fcb0                OSTmrStateGet
                0x0010fd58                OSTmrRemainGet
                0x0010fe70                OSTmrDel
                0x0010ff6c                OSTmrSignal
                0x0010ff94                OSTmrNameGet
                0x00110080                OSTmrCreate
 .text          0x0011021c       0x9c ../bsp//libucosii_bsp.a(alt_sys_init.o)
                0x00110228                alt_sys_init
                0x00110298                alt_irq_init
 .text          0x001102b8       0x3c ../bsp//libucosii_bsp.a(altera_avalon_jtag_uart_fd.o)
                0x001102b8                altera_avalon_jtag_uart_ioctl_fd
                0x001102c4                altera_avalon_jtag_uart_close_fd
                0x001102d4                altera_avalon_jtag_uart_write_fd
                0x001102e4                altera_avalon_jtag_uart_read_fd
 .text          0x001102f4      0x2f4 ../bsp//libucosii_bsp.a(altera_avalon_jtag_uart_init.o)
                0x001102f4                altera_avalon_jtag_uart_close
                0x001103b4                altera_avalon_jtag_uart_init
 .text          0x001105e8       0x7c ../bsp//libucosii_bsp.a(altera_avalon_jtag_uart_ioctl.o)
                0x001105e8                altera_avalon_jtag_uart_ioctl
 .text          0x00110664      0x1ac ../bsp//libucosii_bsp.a(altera_avalon_jtag_uart_read.o)
                0x00110664                altera_avalon_jtag_uart_read
 .text          0x00110810      0x1b8 ../bsp//libucosii_bsp.a(altera_avalon_jtag_uart_write.o)
                0x00110810                altera_avalon_jtag_uart_write
 .text          0x001109c8       0x5c ../bsp//libucosii_bsp.a(altera_avalon_performance_counter.o)
                0x001109c8                alt_get_performance_counter_base
                0x001109d0                alt_get_cpu_freq
                0x001109dc                perf_get_num_starts
                0x001109ec                perf_get_section_time
                0x00110a1c                perf_get_total_time
 .text          0x00110a24       0x8c ../bsp//libucosii_bsp.a(altera_avalon_timer_sc.o)
                0x00110a24                alt_avalon_timer_sc_init
 .text          0x00110ab0      0x250 ../bsp//libucosii_bsp.a(altera_up_avalon_character_lcd.o)
                0x00110ab0                get_DDRAM_addr
                0x00110ac8                alt_up_character_lcd_string
                0x00110ae4                alt_up_character_lcd_write
                0x00110b08                alt_up_character_lcd_write_fd
                0x00110b28                alt_up_character_lcd_init
                0x00110b38                alt_up_character_lcd_send_cmd
                0x00110b48                alt_up_character_lcd_cursor_blink_on
                0x00110b50                alt_up_character_lcd_cursor_off
                0x00110b58                alt_up_character_lcd_erase_pos
                0x00110bbc                alt_up_character_lcd_shift_display
                0x00110c2c                alt_up_character_lcd_shift_cursor
                0x00110c9c                alt_up_character_lcd_set_cursor_pos
                0x00110cf4                alt_up_character_lcd_open_dev
 .text          0x00110d00       0x90 ../bsp//libucosii_bsp.a(alt_alarm_start.o)
                0x00110d00                alt_alarm_start
 .text          0x00110d90        0x4 ../bsp//libucosii_bsp.a(alt_dcache_flush_all.o)
                0x00110d90                alt_dcache_flush_all
 .text          0x00110d94       0x70 ../bsp//libucosii_bsp.a(alt_dev_llist_insert.o)
                0x00110d94                alt_dev_llist_insert
 .text          0x00110e04       0x40 ../bsp//libucosii_bsp.a(alt_do_ctors.o)
                0x00110e04                _do_ctors
 .text          0x00110e44       0x40 ../bsp//libucosii_bsp.a(alt_do_dtors.o)
                0x00110e44                _do_dtors
 .text          0x00110e84       0x70 ../bsp//libucosii_bsp.a(alt_find_dev.o)
                0x00110e84                alt_find_dev
 .text          0x00110ef4        0x4 ../bsp//libucosii_bsp.a(alt_icache_flush_all.o)
                0x00110ef4                alt_icache_flush_all
 .text          0x00110ef8       0x9c ../bsp//libucosii_bsp.a(alt_iic.o)
                0x00110ef8                alt_ic_irq_enabled
                0x00110f10                alt_ic_irq_enable
                0x00110f50                alt_ic_irq_disable
                0x00110f90                alt_ic_isr_register
 .text          0x00110f94       0x6c ../bsp//libucosii_bsp.a(alt_iic_isr_register.o)
                0x00110f94                alt_iic_isr_register
 .text          0x00111000      0x114 ../bsp//libucosii_bsp.a(alt_io_redirect.o)
                0x00111088                alt_io_redirect
 .text          0x00111114        0x0 ../bsp//libucosii_bsp.a(alt_irq_entry.o)
 .text          0x00111114        0x0 ../bsp//libucosii_bsp.a(alt_irq_handler.o)
 .text          0x00111114        0x0 ../bsp//libucosii_bsp.a(alt_irq_vars.o)
 .text          0x00111114      0x17c ../bsp//libucosii_bsp.a(alt_open.o)
                0x00111114                open
 .text          0x00111290       0xe0 ../bsp//libucosii_bsp.a(alt_tick.o)
                0x00111290                alt_alarm_stop
                0x001112c4                alt_tick
 .text          0x00111370        0x8 ../bsp//libucosii_bsp.a(altera_nios2_qsys_irq.o)
                0x00111370                altera_nios2_qsys_irq_init
 .text          0x00111378       0xd0 ../bsp//libucosii_bsp.a(os_cpu_a.o)
                0x00111378                OSCtxSw
                0x00111378                OSIntCtxSw
                0x00111404                OSStartHighRdy
                0x00111424                OSStartTsk
 .text          0x00111448      0x228 ../bsp//libucosii_bsp.a(os_cpu_c.o)
                0x00111448                OSTaskCreateHook
                0x0011144c                OSTaskDelHook
                0x00111450                OSTaskSwHook
                0x00111454                OSTaskStatHook
                0x00111458                OSInitHookBegin
                0x00111460                OSInitHookEnd
                0x00111464                OSTaskIdleHook
                0x00111468                OSTCBInitHook
                0x0011146c                OSTimeTickHook
                0x001114c4                OSTaskStkInit
 .text          0x00111670        0x0 ../bsp//libucosii_bsp.a(alt_exception_entry.o)
 .text          0x00111670       0x9c ../bsp//libucosii_bsp.a(alt_find_file.o)
                0x00111670                alt_find_file
 .text          0x0011170c       0xa4 ../bsp//libucosii_bsp.a(alt_get_fd.o)
                0x0011170c                alt_get_fd
 .text          0x001117b0       0x14 /opt/altera/13.0sp1/nios2eds/bin/gnu/H-i686-pc-linux-gnu/bin/../lib/gcc/nios2-elf/4.1.2/../../../../nios2-elf/lib/mno-hw-mul/libc.a(lib_a-atexit.o)
                0x001117b0                atexit
 .text          0x001117c4       0x38 /opt/altera/13.0sp1/nios2eds/bin/gnu/H-i686-pc-linux-gnu/bin/../lib/gcc/nios2-elf/4.1.2/../../../../nios2-elf/lib/mno-hw-mul/libc.a(lib_a-exit.o)
                0x001117c4                exit
 .text          0x001117fc       0x74 /opt/altera/13.0sp1/nios2eds/bin/gnu/H-i686-pc-linux-gnu/bin/../lib/gcc/nios2-elf/4.1.2/../../../../nios2-elf/lib/mno-hw-mul/libc.a(lib_a-memcmp.o)
                0x001117fc                memcmp
 .text          0x00111870      0x134 /opt/altera/13.0sp1/nios2eds/bin/gnu/H-i686-pc-linux-gnu/bin/../lib/gcc/nios2-elf/4.1.2/../../../../nios2-elf/lib/mno-hw-mul/libc.a(lib_a-__atexit.o)
                0x00111870                __register_exitproc
 .text          0x001119a4      0x1b4 /opt/altera/13.0sp1/nios2eds/bin/gnu/H-i686-pc-linux-gnu/bin/../lib/gcc/nios2-elf/4.1.2/../../../../nios2-elf/lib/mno-hw-mul/libc.a(lib_a-__call_atexit.o)
                0x001119a8                __call_exitprocs
 .text          0x00111b58       0xa4 /opt/altera/13.0sp1/nios2eds/bin/gnu/H-i686-pc-linux-gnu/bin/../lib/gcc/nios2-elf/4.1.2/mno-hw-mul/libgcc.a(_fixunsdfsi.o)
                0x00111b58                __fixunsdfsi
 .text          0x00111bfc       0x20 ../bsp//libucosii_bsp.a(alt_exit.o)
                0x00111bfc                _exit
 *(.gnu.warning.*)
 *(.fini)
                0x00111c1c                PROVIDE (__etext, ABSOLUTE (.))
                0x00111c1c                PROVIDE (_etext, ABSOLUTE (.))
                0x00111c1c                PROVIDE (etext, ABSOLUTE (.))
 *(.eh_frame_hdr)
                0x00111c1c                . = ALIGN (0x4)
                0x00111c1c                PROVIDE (__preinit_array_start, ABSOLUTE (.))
 *(.preinit_array)
                0x00111c1c                PROVIDE (__preinit_array_end, ABSOLUTE (.))
                0x00111c1c                PROVIDE (__init_array_start, ABSOLUTE (.))
 *(.init_array)
                0x00111c1c                PROVIDE (__init_array_end, ABSOLUTE (.))
                0x00111c1c                PROVIDE (__fini_array_start, ABSOLUTE (.))
 *(.fini_array)
                0x00111c1c                PROVIDE (__fini_array_end, ABSOLUTE (.))
 *(.eh_frame)
 *(.gcc_except_table)
 *(.dynamic)
                0x00111c1c                PROVIDE (__CTOR_LIST__, ABSOLUTE (.))
 *(.ctors)
 *(SORT(.ctors.*))
 .ctors.65535   0x00111c1c        0x4 /opt/altera/13.0sp1/nios2eds/bin/gnu/H-i686-pc-linux-gnu/bin/../lib/gcc/nios2-elf/4.1.2/../../../../nios2-elf/lib/mno-hw-mul/libc.a(lib_a-__call_atexit.o)
                0x00111c20                PROVIDE (__CTOR_END__, ABSOLUTE (.))
                0x00111c20                PROVIDE (__DTOR_LIST__, ABSOLUTE (.))
 *(.dtors)
 *(SORT(.dtors.*))
                0x00111c20                PROVIDE (__DTOR_END__, ABSOLUTE (.))
 *(.jcr)
                0x00111c20                . = ALIGN (0x4)

.rodata         0x00111c20      0x5d0
                0x00111c20                PROVIDE (__ram_rodata_start, ABSOLUTE (.))
                0x00111c20                . = ALIGN (0x4)
 *(.rodata .rodata.* .gnu.linkonce.r.*)
 .rodata        0x00111c20      0x138 obj/default/ContexSwitch.o
 .rodata        0x00111d58       0x14 /opt/altera/13.0sp1/nios2eds/bin/gnu/H-i686-pc-linux-gnu/bin/../lib/gcc/nios2-elf/4.1.2/mno-hw-mul/libgcc.a(_thenan_df.o)
                0x00111d58                __thenan_df
 .rodata        0x00111d6c      0x100 /opt/altera/13.0sp1/nios2eds/bin/gnu/H-i686-pc-linux-gnu/bin/../lib/gcc/nios2-elf/4.1.2/mno-hw-mul/libgcc.a(_clz.o)
                0x00111d6c                __clz_tab
 .rodata.str1.4
                0x00111e6c        0x2 /opt/altera/13.0sp1/nios2eds/bin/gnu/H-i686-pc-linux-gnu/bin/../lib/gcc/nios2-elf/4.1.2/../../../../nios2-elf/lib/mno-hw-mul/libc.a(lib_a-puts.o)
                                  0x4 (size before relaxing)
 *fill*         0x00111e6e        0x2 00
 .rodata.str1.4
                0x00111e70       0x5e /opt/altera/13.0sp1/nios2eds/bin/gnu/H-i686-pc-linux-gnu/bin/../lib/gcc/nios2-elf/4.1.2/../../../../nios2-elf/lib/mno-hw-mul/libc.a(lib_a-vfprintf.o)
                                 0x60 (size before relaxing)
 .rodata        0x00111ece       0x20 /opt/altera/13.0sp1/nios2eds/bin/gnu/H-i686-pc-linux-gnu/bin/../lib/gcc/nios2-elf/4.1.2/../../../../nios2-elf/lib/mno-hw-mul/libc.a(lib_a-vfprintf.o)
 *fill*         0x00111eee        0x2 00
 .rodata.str1.4
                0x00111ef0       0x10 /opt/altera/13.0sp1/nios2eds/bin/gnu/H-i686-pc-linux-gnu/bin/../lib/gcc/nios2-elf/4.1.2/../../../../nios2-elf/lib/mno-hw-mul/libc.a(lib_a-dtoa.o)
                                 0x14 (size before relaxing)
 .rodata.str1.4
                0x00111f00        0x2 /opt/altera/13.0sp1/nios2eds/bin/gnu/H-i686-pc-linux-gnu/bin/../lib/gcc/nios2-elf/4.1.2/../../../../nios2-elf/lib/mno-hw-mul/libc.a(lib_a-impure.o)
                                  0x4 (size before relaxing)
 *fill*         0x00111f02        0x2 00
 .rodata.str1.4
                0x00111f04        0xf /opt/altera/13.0sp1/nios2eds/bin/gnu/H-i686-pc-linux-gnu/bin/../lib/gcc/nios2-elf/4.1.2/../../../../nios2-elf/lib/mno-hw-mul/libc.a(lib_a-locale.o)
                                 0x18 (size before relaxing)
 *fill*         0x00111f13        0x1 00
 .rodata        0x00111f14       0x30 /opt/altera/13.0sp1/nios2eds/bin/gnu/H-i686-pc-linux-gnu/bin/../lib/gcc/nios2-elf/4.1.2/../../../../nios2-elf/lib/mno-hw-mul/libc.a(lib_a-locale.o)
 .rodata        0x00111f44      0x124 /opt/altera/13.0sp1/nios2eds/bin/gnu/H-i686-pc-linux-gnu/bin/../lib/gcc/nios2-elf/4.1.2/../../../../nios2-elf/lib/mno-hw-mul/libc.a(lib_a-mprec.o)
                0x00111f44                __mprec_tens
                0x0011200c                __mprec_bigtens
                0x00112034                __mprec_tinytens
 .rodata.str1.4
                0x00112068        0xa ../bsp//libucosii_bsp.a(alt_dev.o)
                                  0xc (size before relaxing)
 *fill*         0x00112072        0x2 00
 .rodata.str1.4
                0x00112074       0x11 ../bsp//libucosii_bsp.a(alt_main.o)
                                 0x14 (size before relaxing)
 *fill*         0x00112085        0x3 00
 .rodata.str1.4
                0x00112088       0x1e ../bsp//libucosii_bsp.a(os_core.o)
                                 0x20 (size before relaxing)
 .rodata        0x001120a6      0x100 ../bsp//libucosii_bsp.a(os_core.o)
                0x001120a6                OSUnMapTbl
 *fill*         0x001121a6        0x2 00
 .rodata.str1.4
                0x001121a8       0x35 ../bsp//libucosii_bsp.a(os_tmr.o)
                                 0x38 (size before relaxing)
 *fill*         0x001121dd        0x3 00
 .rodata.str1.4
                0x001121e0       0x10 ../bsp//libucosii_bsp.a(alt_sys_init.o)
                                 0x24 (size before relaxing)
 .rodata.str1.4
                0x00000000        0x4 ../bsp//libucosii_bsp.a(os_cpu_c.o)
 *(.rodata1)
                0x001121f0                . = ALIGN (0x4)
                0x001121f0                PROVIDE (__ram_rodata_end, ABSOLUTE (.))
                0x00111c20                PROVIDE (__flash_rodata_start, LOADADDR (.rodata))

.rwdata         0x001121f0     0x1b10 load address 0x00113d00
                0x001121f0                PROVIDE (__ram_rwdata_start, ABSOLUTE (.))
                0x001121f0                . = ALIGN (0x4)
 *(.got.plt)
 *(.got)
 *(.data1)
 *(.data .data.* .gnu.linkonce.d.*)
 .data          0x001121f0        0x0 ../bsp//obj/HAL/src/crt0.o
 .data          0x001121f0        0x0 obj/default/ContexSwitch.o
 .data          0x001121f0        0x0 /opt/altera/13.0sp1/nios2eds/bin/gnu/H-i686-pc-linux-gnu/bin/../lib/gcc/nios2-elf/4.1.2/mno-hw-mul/libgcc.a(_floatdisf.o)
 .data          0x001121f0        0x0 /opt/altera/13.0sp1/nios2eds/bin/gnu/H-i686-pc-linux-gnu/bin/../lib/gcc/nios2-elf/4.1.2/mno-hw-mul/libgcc.a(_floatdidf.o)
 .data          0x001121f0        0x0 /opt/altera/13.0sp1/nios2eds/bin/gnu/H-i686-pc-linux-gnu/bin/../lib/gcc/nios2-elf/4.1.2/mno-hw-mul/libgcc.a(_sf_to_df.o)
 .data          0x001121f0        0x0 /opt/altera/13.0sp1/nios2eds/bin/gnu/H-i686-pc-linux-gnu/bin/../lib/gcc/nios2-elf/4.1.2/mno-hw-mul/libgcc.a(_usi_to_sf.o)
 .data          0x001121f0        0x0 /opt/altera/13.0sp1/nios2eds/bin/gnu/H-i686-pc-linux-gnu/bin/../lib/gcc/nios2-elf/4.1.2/mno-hw-mul/libgcc.a(_addsub_df.o)
 .data          0x001121f0        0x0 /opt/altera/13.0sp1/nios2eds/bin/gnu/H-i686-pc-linux-gnu/bin/../lib/gcc/nios2-elf/4.1.2/mno-hw-mul/libgcc.a(_mul_df.o)
 .data          0x001121f0        0x0 /opt/altera/13.0sp1/nios2eds/bin/gnu/H-i686-pc-linux-gnu/bin/../lib/gcc/nios2-elf/4.1.2/mno-hw-mul/libgcc.a(_div_df.o)
 .data          0x001121f0        0x0 /opt/altera/13.0sp1/nios2eds/bin/gnu/H-i686-pc-linux-gnu/bin/../lib/gcc/nios2-elf/4.1.2/mno-hw-mul/libgcc.a(_ne_df.o)
 .data          0x001121f0        0x0 /opt/altera/13.0sp1/nios2eds/bin/gnu/H-i686-pc-linux-gnu/bin/../lib/gcc/nios2-elf/4.1.2/mno-hw-mul/libgcc.a(_ge_df.o)
 .data          0x001121f0        0x0 /opt/altera/13.0sp1/nios2eds/bin/gnu/H-i686-pc-linux-gnu/bin/../lib/gcc/nios2-elf/4.1.2/mno-hw-mul/libgcc.a(_le_df.o)
 .data          0x001121f0        0x0 /opt/altera/13.0sp1/nios2eds/bin/gnu/H-i686-pc-linux-gnu/bin/../lib/gcc/nios2-elf/4.1.2/mno-hw-mul/libgcc.a(_si_to_df.o)
 .data          0x001121f0        0x0 /opt/altera/13.0sp1/nios2eds/bin/gnu/H-i686-pc-linux-gnu/bin/../lib/gcc/nios2-elf/4.1.2/mno-hw-mul/libgcc.a(_make_df.o)
 .data          0x001121f0        0x0 /opt/altera/13.0sp1/nios2eds/bin/gnu/H-i686-pc-linux-gnu/bin/../lib/gcc/nios2-elf/4.1.2/mno-hw-mul/libgcc.a(_df_to_sf.o)
 .data          0x001121f0        0x0 /opt/altera/13.0sp1/nios2eds/bin/gnu/H-i686-pc-linux-gnu/bin/../lib/gcc/nios2-elf/4.1.2/mno-hw-mul/libgcc.a(_thenan_df.o)
 .data          0x001121f0        0x0 /opt/altera/13.0sp1/nios2eds/bin/gnu/H-i686-pc-linux-gnu/bin/../lib/gcc/nios2-elf/4.1.2/mno-hw-mul/libgcc.a(_usi_to_df.o)
 .data          0x001121f0        0x0 /opt/altera/13.0sp1/nios2eds/bin/gnu/H-i686-pc-linux-gnu/bin/../lib/gcc/nios2-elf/4.1.2/mno-hw-mul/libgcc.a(lib2-divmod.o)
 .data          0x001121f0        0x0 /opt/altera/13.0sp1/nios2eds/bin/gnu/H-i686-pc-linux-gnu/bin/../lib/gcc/nios2-elf/4.1.2/mno-hw-mul/libgcc.a(_muldi3.o)
 .data          0x001121f0        0x0 /opt/altera/13.0sp1/nios2eds/bin/gnu/H-i686-pc-linux-gnu/bin/../lib/gcc/nios2-elf/4.1.2/mno-hw-mul/libgcc.a(_clzsi2.o)
 .data          0x001121f0        0x0 /opt/altera/13.0sp1/nios2eds/bin/gnu/H-i686-pc-linux-gnu/bin/../lib/gcc/nios2-elf/4.1.2/mno-hw-mul/libgcc.a(_pack_sf.o)
 .data          0x001121f0        0x0 /opt/altera/13.0sp1/nios2eds/bin/gnu/H-i686-pc-linux-gnu/bin/../lib/gcc/nios2-elf/4.1.2/mno-hw-mul/libgcc.a(_unpack_sf.o)
 .data          0x001121f0        0x0 /opt/altera/13.0sp1/nios2eds/bin/gnu/H-i686-pc-linux-gnu/bin/../lib/gcc/nios2-elf/4.1.2/mno-hw-mul/libgcc.a(_make_sf.o)
 .data          0x001121f0        0x0 /opt/altera/13.0sp1/nios2eds/bin/gnu/H-i686-pc-linux-gnu/bin/../lib/gcc/nios2-elf/4.1.2/mno-hw-mul/libgcc.a(_pack_df.o)
 .data          0x001121f0        0x0 /opt/altera/13.0sp1/nios2eds/bin/gnu/H-i686-pc-linux-gnu/bin/../lib/gcc/nios2-elf/4.1.2/mno-hw-mul/libgcc.a(_unpack_df.o)
 .data          0x001121f0        0x0 /opt/altera/13.0sp1/nios2eds/bin/gnu/H-i686-pc-linux-gnu/bin/../lib/gcc/nios2-elf/4.1.2/mno-hw-mul/libgcc.a(_fpcmp_parts_df.o)
 .data          0x001121f0        0x0 /opt/altera/13.0sp1/nios2eds/bin/gnu/H-i686-pc-linux-gnu/bin/../lib/gcc/nios2-elf/4.1.2/mno-hw-mul/libgcc.a(lib2-mul.o)
 .data          0x001121f0        0x0 /opt/altera/13.0sp1/nios2eds/bin/gnu/H-i686-pc-linux-gnu/bin/../lib/gcc/nios2-elf/4.1.2/mno-hw-mul/libgcc.a(_clz.o)
 .data          0x001121f0        0x0 /opt/altera/13.0sp1/nios2eds/bin/gnu/H-i686-pc-linux-gnu/bin/../lib/gcc/nios2-elf/4.1.2/../../../../nios2-elf/lib/mno-hw-mul/libc.a(lib_a-printf.o)
 .data          0x001121f0        0x0 /opt/altera/13.0sp1/nios2eds/bin/gnu/H-i686-pc-linux-gnu/bin/../lib/gcc/nios2-elf/4.1.2/../../../../nios2-elf/lib/mno-hw-mul/libc.a(lib_a-puts.o)
 .data          0x001121f0        0x0 /opt/altera/13.0sp1/nios2eds/bin/gnu/H-i686-pc-linux-gnu/bin/../lib/gcc/nios2-elf/4.1.2/../../../../nios2-elf/lib/mno-hw-mul/libc.a(lib_a-strlen.o)
 .data          0x001121f0        0x0 /opt/altera/13.0sp1/nios2eds/bin/gnu/H-i686-pc-linux-gnu/bin/../lib/gcc/nios2-elf/4.1.2/../../../../nios2-elf/lib/mno-hw-mul/libc.a(lib_a-vfprintf.o)
 .data          0x001121f0        0x0 /opt/altera/13.0sp1/nios2eds/bin/gnu/H-i686-pc-linux-gnu/bin/../lib/gcc/nios2-elf/4.1.2/../../../../nios2-elf/lib/mno-hw-mul/libc.a(lib_a-wsetup.o)
 .data          0x001121f0        0x0 /opt/altera/13.0sp1/nios2eds/bin/gnu/H-i686-pc-linux-gnu/bin/../lib/gcc/nios2-elf/4.1.2/../../../../nios2-elf/lib/mno-hw-mul/libc.a(lib_a-dtoa.o)
 .data          0x001121f0        0x0 /opt/altera/13.0sp1/nios2eds/bin/gnu/H-i686-pc-linux-gnu/bin/../lib/gcc/nios2-elf/4.1.2/../../../../nios2-elf/lib/mno-hw-mul/libc.a(lib_a-fflush.o)
 .data          0x001121f0        0x0 /opt/altera/13.0sp1/nios2eds/bin/gnu/H-i686-pc-linux-gnu/bin/../lib/gcc/nios2-elf/4.1.2/../../../../nios2-elf/lib/mno-hw-mul/libc.a(lib_a-findfp.o)
 .data          0x001121f0        0x0 /opt/altera/13.0sp1/nios2eds/bin/gnu/H-i686-pc-linux-gnu/bin/../lib/gcc/nios2-elf/4.1.2/../../../../nios2-elf/lib/mno-hw-mul/libc.a(lib_a-freer.o)
 .data          0x001121f0        0x0 /opt/altera/13.0sp1/nios2eds/bin/gnu/H-i686-pc-linux-gnu/bin/../lib/gcc/nios2-elf/4.1.2/../../../../nios2-elf/lib/mno-hw-mul/libc.a(lib_a-fvwrite.o)
 .data          0x001121f0        0x0 /opt/altera/13.0sp1/nios2eds/bin/gnu/H-i686-pc-linux-gnu/bin/../lib/gcc/nios2-elf/4.1.2/../../../../nios2-elf/lib/mno-hw-mul/libc.a(lib_a-fwalk.o)
 .data          0x001121f0      0x400 /opt/altera/13.0sp1/nios2eds/bin/gnu/H-i686-pc-linux-gnu/bin/../lib/gcc/nios2-elf/4.1.2/../../../../nios2-elf/lib/mno-hw-mul/libc.a(lib_a-impure.o)
 .data          0x001125f0        0xc /opt/altera/13.0sp1/nios2eds/bin/gnu/H-i686-pc-linux-gnu/bin/../lib/gcc/nios2-elf/4.1.2/../../../../nios2-elf/lib/mno-hw-mul/libc.a(lib_a-locale.o)
                0x001125f0                __lc_ctype
 .data          0x001125fc        0x0 /opt/altera/13.0sp1/nios2eds/bin/gnu/H-i686-pc-linux-gnu/bin/../lib/gcc/nios2-elf/4.1.2/../../../../nios2-elf/lib/mno-hw-mul/libc.a(lib_a-makebuf.o)
 .data          0x001125fc      0x408 /opt/altera/13.0sp1/nios2eds/bin/gnu/H-i686-pc-linux-gnu/bin/../lib/gcc/nios2-elf/4.1.2/../../../../nios2-elf/lib/mno-hw-mul/libc.a(lib_a-mallocr.o)
                0x001125fc                __malloc_av_
 .data          0x00112a04        0x0 /opt/altera/13.0sp1/nios2eds/bin/gnu/H-i686-pc-linux-gnu/bin/../lib/gcc/nios2-elf/4.1.2/../../../../nios2-elf/lib/mno-hw-mul/libc.a(lib_a-memchr.o)
 .data          0x00112a04        0x0 /opt/altera/13.0sp1/nios2eds/bin/gnu/H-i686-pc-linux-gnu/bin/../lib/gcc/nios2-elf/4.1.2/../../../../nios2-elf/lib/mno-hw-mul/libc.a(lib_a-memcpy.o)
 .data          0x00112a04        0x0 /opt/altera/13.0sp1/nios2eds/bin/gnu/H-i686-pc-linux-gnu/bin/../lib/gcc/nios2-elf/4.1.2/../../../../nios2-elf/lib/mno-hw-mul/libc.a(lib_a-memmove.o)
 .data          0x00112a04        0x0 /opt/altera/13.0sp1/nios2eds/bin/gnu/H-i686-pc-linux-gnu/bin/../lib/gcc/nios2-elf/4.1.2/../../../../nios2-elf/lib/mno-hw-mul/libc.a(lib_a-memset.o)
 .data          0x00112a04        0x0 /opt/altera/13.0sp1/nios2eds/bin/gnu/H-i686-pc-linux-gnu/bin/../lib/gcc/nios2-elf/4.1.2/../../../../nios2-elf/lib/mno-hw-mul/libc.a(lib_a-mprec.o)
 .data          0x00112a04        0x0 /opt/altera/13.0sp1/nios2eds/bin/gnu/H-i686-pc-linux-gnu/bin/../lib/gcc/nios2-elf/4.1.2/../../../../nios2-elf/lib/mno-hw-mul/libc.a(lib_a-reallocr.o)
 .data          0x00112a04        0x0 /opt/altera/13.0sp1/nios2eds/bin/gnu/H-i686-pc-linux-gnu/bin/../lib/gcc/nios2-elf/4.1.2/../../../../nios2-elf/lib/mno-hw-mul/libc.a(lib_a-s_isinfd.o)
 .data          0x00112a04        0x0 /opt/altera/13.0sp1/nios2eds/bin/gnu/H-i686-pc-linux-gnu/bin/../lib/gcc/nios2-elf/4.1.2/../../../../nios2-elf/lib/mno-hw-mul/libc.a(lib_a-s_isnand.o)
 .data          0x00112a04        0x0 /opt/altera/13.0sp1/nios2eds/bin/gnu/H-i686-pc-linux-gnu/bin/../lib/gcc/nios2-elf/4.1.2/../../../../nios2-elf/lib/mno-hw-mul/libc.a(lib_a-sbrkr.o)
 .data          0x00112a04        0x0 /opt/altera/13.0sp1/nios2eds/bin/gnu/H-i686-pc-linux-gnu/bin/../lib/gcc/nios2-elf/4.1.2/../../../../nios2-elf/lib/mno-hw-mul/libc.a(lib_a-stdio.o)
 .data          0x00112a04        0x0 /opt/altera/13.0sp1/nios2eds/bin/gnu/H-i686-pc-linux-gnu/bin/../lib/gcc/nios2-elf/4.1.2/../../../../nios2-elf/lib/mno-hw-mul/libc.a(lib_a-strcmp.o)
 .data          0x00112a04        0x0 /opt/altera/13.0sp1/nios2eds/bin/gnu/H-i686-pc-linux-gnu/bin/../lib/gcc/nios2-elf/4.1.2/../../../../nios2-elf/lib/mno-hw-mul/libc.a(lib_a-writer.o)
 .data          0x00112a04        0x0 /opt/altera/13.0sp1/nios2eds/bin/gnu/H-i686-pc-linux-gnu/bin/../lib/gcc/nios2-elf/4.1.2/../../../../nios2-elf/lib/mno-hw-mul/libc.a(lib_a-callocr.o)
 .data          0x00112a04        0x0 /opt/altera/13.0sp1/nios2eds/bin/gnu/H-i686-pc-linux-gnu/bin/../lib/gcc/nios2-elf/4.1.2/../../../../nios2-elf/lib/mno-hw-mul/libc.a(lib_a-closer.o)
 .data          0x00112a04        0x0 /opt/altera/13.0sp1/nios2eds/bin/gnu/H-i686-pc-linux-gnu/bin/../lib/gcc/nios2-elf/4.1.2/../../../../nios2-elf/lib/mno-hw-mul/libc.a(lib_a-fclose.o)
 .data          0x00112a04        0x0 /opt/altera/13.0sp1/nios2eds/bin/gnu/H-i686-pc-linux-gnu/bin/../lib/gcc/nios2-elf/4.1.2/../../../../nios2-elf/lib/mno-hw-mul/libc.a(lib_a-fstatr.o)
 .data          0x00112a04        0x0 /opt/altera/13.0sp1/nios2eds/bin/gnu/H-i686-pc-linux-gnu/bin/../lib/gcc/nios2-elf/4.1.2/../../../../nios2-elf/lib/mno-hw-mul/libc.a(lib_a-int_errno.o)
 .data          0x00112a04        0x0 /opt/altera/13.0sp1/nios2eds/bin/gnu/H-i686-pc-linux-gnu/bin/../lib/gcc/nios2-elf/4.1.2/../../../../nios2-elf/lib/mno-hw-mul/libc.a(lib_a-isattyr.o)
 .data          0x00112a04        0x0 /opt/altera/13.0sp1/nios2eds/bin/gnu/H-i686-pc-linux-gnu/bin/../lib/gcc/nios2-elf/4.1.2/../../../../nios2-elf/lib/mno-hw-mul/libc.a(lib_a-lseekr.o)
 .data          0x00112a04        0x0 /opt/altera/13.0sp1/nios2eds/bin/gnu/H-i686-pc-linux-gnu/bin/../lib/gcc/nios2-elf/4.1.2/../../../../nios2-elf/lib/mno-hw-mul/libc.a(lib_a-readr.o)
 .data          0x00112a04        0x0 /opt/altera/13.0sp1/nios2eds/bin/gnu/H-i686-pc-linux-gnu/bin/../lib/gcc/nios2-elf/4.1.2/mno-hw-mul/libgcc.a(_udivdi3.o)
 .data          0x00112a04        0x0 /opt/altera/13.0sp1/nios2eds/bin/gnu/H-i686-pc-linux-gnu/bin/../lib/gcc/nios2-elf/4.1.2/mno-hw-mul/libgcc.a(_umoddi3.o)
 .data          0x00112a04        0x0 /opt/altera/13.0sp1/nios2eds/bin/gnu/H-i686-pc-linux-gnu/bin/../lib/gcc/nios2-elf/4.1.2/mno-hw-mul/libgcc.a(_eq_df.o)
 .data          0x00112a04        0x0 /opt/altera/13.0sp1/nios2eds/bin/gnu/H-i686-pc-linux-gnu/bin/../lib/gcc/nios2-elf/4.1.2/mno-hw-mul/libgcc.a(_gt_df.o)
 .data          0x00112a04        0x0 /opt/altera/13.0sp1/nios2eds/bin/gnu/H-i686-pc-linux-gnu/bin/../lib/gcc/nios2-elf/4.1.2/mno-hw-mul/libgcc.a(_lt_df.o)
 .data          0x00112a04        0x0 /opt/altera/13.0sp1/nios2eds/bin/gnu/H-i686-pc-linux-gnu/bin/../lib/gcc/nios2-elf/4.1.2/mno-hw-mul/libgcc.a(_df_to_si.o)
 .data          0x00112a04        0x0 ../bsp//libucosii_bsp.a(alt_close.o)
 .data          0x00112a04      0x1a8 ../bsp//libucosii_bsp.a(alt_dev.o)
                0x00112a04                alt_dev_null
                0x00112a2c                alt_fd_list
 .data          0x00112bac        0x0 ../bsp//libucosii_bsp.a(alt_errno.o)
 .data          0x00112bac        0x0 ../bsp//libucosii_bsp.a(alt_fstat.o)
 .data          0x00112bac        0x0 ../bsp//libucosii_bsp.a(alt_isatty.o)
 .data          0x00112bac        0x0 ../bsp//libucosii_bsp.a(alt_load.o)
 .data          0x00112bac        0x0 ../bsp//libucosii_bsp.a(alt_lseek.o)
 .data          0x00112bac        0x0 ../bsp//libucosii_bsp.a(alt_main.o)
 .data          0x00112bac        0x0 ../bsp//libucosii_bsp.a(alt_read.o)
 .data          0x00112bac        0x0 ../bsp//libucosii_bsp.a(alt_release_fd.o)
 .data          0x00112bac        0x0 ../bsp//libucosii_bsp.a(alt_sbrk.o)
 .data          0x00112bac        0x0 ../bsp//libucosii_bsp.a(alt_write.o)
 .data          0x00112bac        0x0 ../bsp//libucosii_bsp.a(alt_env_lock.o)
 .data          0x00112bac        0x0 ../bsp//libucosii_bsp.a(alt_malloc_lock.o)
 .data          0x00112bac        0x0 ../bsp//libucosii_bsp.a(os_core.o)
 .data          0x00112bac        0x0 ../bsp//libucosii_bsp.a(os_dbg.o)
 .data          0x00112bac        0x0 ../bsp//libucosii_bsp.a(os_flag.o)
 .data          0x00112bac        0x0 ../bsp//libucosii_bsp.a(os_mem.o)
 .data          0x00112bac        0x0 ../bsp//libucosii_bsp.a(os_q.o)
 .data          0x00112bac        0x0 ../bsp//libucosii_bsp.a(os_sem.o)
 .data          0x00112bac        0x0 ../bsp//libucosii_bsp.a(os_task.o)
 .data          0x00112bac        0x0 ../bsp//libucosii_bsp.a(os_time.o)
 .data          0x00112bac        0x0 ../bsp//libucosii_bsp.a(os_tmr.o)
 .data          0x00112bac     0x1098 ../bsp//libucosii_bsp.a(alt_sys_init.o)
 .data          0x00113c44        0x0 ../bsp//libucosii_bsp.a(altera_avalon_jtag_uart_fd.o)
 .data          0x00113c44        0x0 ../bsp//libucosii_bsp.a(altera_avalon_jtag_uart_init.o)
 .data          0x00113c44        0x0 ../bsp//libucosii_bsp.a(altera_avalon_jtag_uart_ioctl.o)
 .data          0x00113c44        0x0 ../bsp//libucosii_bsp.a(altera_avalon_jtag_uart_read.o)
 .data          0x00113c44        0x0 ../bsp//libucosii_bsp.a(altera_avalon_jtag_uart_write.o)
 .data          0x00113c44        0x0 ../bsp//libucosii_bsp.a(altera_avalon_performance_counter.o)
 .data          0x00113c44        0x0 ../bsp//libucosii_bsp.a(altera_avalon_timer_sc.o)
 .data          0x00113c44        0x0 ../bsp//libucosii_bsp.a(altera_up_avalon_character_lcd.o)
 .data          0x00113c44        0x0 ../bsp//libucosii_bsp.a(alt_alarm_start.o)
 .data          0x00113c44        0x0 ../bsp//libucosii_bsp.a(alt_dcache_flush_all.o)
 .data          0x00113c44        0x0 ../bsp//libucosii_bsp.a(alt_dev_llist_insert.o)
 .data          0x00113c44        0x0 ../bsp//libucosii_bsp.a(alt_do_ctors.o)
 .data          0x00113c44        0x0 ../bsp//libucosii_bsp.a(alt_do_dtors.o)
 .data          0x00113c44        0x0 ../bsp//libucosii_bsp.a(alt_find_dev.o)
 .data          0x00113c44        0x0 ../bsp//libucosii_bsp.a(alt_icache_flush_all.o)
 .data          0x00113c44        0x0 ../bsp//libucosii_bsp.a(alt_iic.o)
 .data          0x00113c44        0x0 ../bsp//libucosii_bsp.a(alt_iic_isr_register.o)
 .data          0x00113c44        0x0 ../bsp//libucosii_bsp.a(alt_io_redirect.o)
 .data          0x00113c44        0x0 ../bsp//libucosii_bsp.a(alt_irq_entry.o)
 .data          0x00113c44        0x0 ../bsp//libucosii_bsp.a(alt_irq_handler.o)
 .data          0x00113c44        0x0 ../bsp//libucosii_bsp.a(alt_irq_vars.o)
 .data          0x00113c44        0x0 ../bsp//libucosii_bsp.a(alt_open.o)
 .data          0x00113c44        0x0 ../bsp//libucosii_bsp.a(alt_tick.o)
 .data          0x00113c44        0x0 ../bsp//libucosii_bsp.a(altera_nios2_qsys_irq.o)
 .data          0x00113c44        0x0 ../bsp//libucosii_bsp.a(os_cpu_a.o)
 .data          0x00113c44        0x0 ../bsp//libucosii_bsp.a(os_cpu_c.o)
 .data          0x00113c44        0x0 ../bsp//libucosii_bsp.a(alt_exception_entry.o)
 .data          0x00113c44        0x0 ../bsp//libucosii_bsp.a(alt_find_file.o)
 .data          0x00113c44        0x0 ../bsp//libucosii_bsp.a(alt_get_fd.o)
 .data          0x00113c44        0x0 /opt/altera/13.0sp1/nios2eds/bin/gnu/H-i686-pc-linux-gnu/bin/../lib/gcc/nios2-elf/4.1.2/../../../../nios2-elf/lib/mno-hw-mul/libc.a(lib_a-atexit.o)
 .data          0x00113c44        0x0 /opt/altera/13.0sp1/nios2eds/bin/gnu/H-i686-pc-linux-gnu/bin/../lib/gcc/nios2-elf/4.1.2/../../../../nios2-elf/lib/mno-hw-mul/libc.a(lib_a-exit.o)
 .data          0x00113c44        0x0 /opt/altera/13.0sp1/nios2eds/bin/gnu/H-i686-pc-linux-gnu/bin/../lib/gcc/nios2-elf/4.1.2/../../../../nios2-elf/lib/mno-hw-mul/libc.a(lib_a-memcmp.o)
 .data          0x00113c44        0x0 /opt/altera/13.0sp1/nios2eds/bin/gnu/H-i686-pc-linux-gnu/bin/../lib/gcc/nios2-elf/4.1.2/../../../../nios2-elf/lib/mno-hw-mul/libc.a(lib_a-__atexit.o)
 .data          0x00113c44        0x0 /opt/altera/13.0sp1/nios2eds/bin/gnu/H-i686-pc-linux-gnu/bin/../lib/gcc/nios2-elf/4.1.2/../../../../nios2-elf/lib/mno-hw-mul/libc.a(lib_a-__call_atexit.o)
 .data          0x00113c44        0x0 /opt/altera/13.0sp1/nios2eds/bin/gnu/H-i686-pc-linux-gnu/bin/../lib/gcc/nios2-elf/4.1.2/mno-hw-mul/libgcc.a(_fixunsdfsi.o)
 .data          0x00113c44        0x0 ../bsp//libucosii_bsp.a(alt_exit.o)
                0x0011bc44                _gp = ABSOLUTE ((. + 0x8000))
                0x0011bc44                PROVIDE (gp, _gp)
 *(.rwdata .rwdata.*)
 *(.sdata .sdata.* .gnu.linkonce.s.*)
 .sdata         0x00113c44        0x8 /opt/altera/13.0sp1/nios2eds/bin/gnu/H-i686-pc-linux-gnu/bin/../lib/gcc/nios2-elf/4.1.2/../../../../nios2-elf/lib/mno-hw-mul/libc.a(lib_a-impure.o)
                0x00113c44                _impure_ptr
                0x00113c48                _global_impure_ptr
 .sdata         0x00113c4c        0x8 /opt/altera/13.0sp1/nios2eds/bin/gnu/H-i686-pc-linux-gnu/bin/../lib/gcc/nios2-elf/4.1.2/../../../../nios2-elf/lib/mno-hw-mul/libc.a(lib_a-locale.o)
                0x00113c4c                __mb_cur_max
 .sdata         0x00113c54        0x8 /opt/altera/13.0sp1/nios2eds/bin/gnu/H-i686-pc-linux-gnu/bin/../lib/gcc/nios2-elf/4.1.2/../../../../nios2-elf/lib/mno-hw-mul/libc.a(lib_a-mallocr.o)
                0x00113c54                __malloc_trim_threshold
                0x00113c58                __malloc_sbrk_base
 .sdata         0x00113c5c       0x14 ../bsp//libucosii_bsp.a(alt_dev.o)
                0x00113c5c                alt_fs_list
                0x00113c64                alt_dev_list
                0x00113c6c                alt_max_fd
 .sdata         0x00113c70        0x4 ../bsp//libucosii_bsp.a(alt_errno.o)
                0x00113c70                alt_errno
 .sdata         0x00113c74        0x4 ../bsp//libucosii_bsp.a(alt_sbrk.o)
 .sdata         0x00113c78        0x4 ../bsp//libucosii_bsp.a(alt_env_lock.o)
 .sdata         0x00113c7c        0x4 ../bsp//libucosii_bsp.a(alt_malloc_lock.o)
 .sdata         0x00113c80       0x74 ../bsp//libucosii_bsp.a(os_dbg.o)
                0x00113c80                OSDebugEn
                0x00113c84                OSEndiannessTest
                0x00113c88                OSEventEn
                0x00113c8a                OSEventMax
                0x00113c8c                OSEventNameSize
                0x00113c8e                OSEventSize
                0x00113c90                OSEventTblSize
                0x00113c92                OSEventMultiEn
                0x00113c94                OSFlagEn
                0x00113c96                OSFlagGrpSize
                0x00113c98                OSFlagNodeSize
                0x00113c9a                OSFlagWidth
                0x00113c9c                OSFlagMax
                0x00113c9e                OSFlagNameSize
                0x00113ca0                OSLowestPrio
                0x00113ca2                OSMboxEn
                0x00113ca4                OSMemEn
                0x00113ca6                OSMemMax
                0x00113ca8                OSMemNameSize
                0x00113caa                OSMemSize
                0x00113cac                OSMemTblSize
                0x00113cae                OSMutexEn
                0x00113cb0                OSPtrSize
                0x00113cb2                OSQEn
                0x00113cb4                OSQMax
                0x00113cb6                OSQSize
                0x00113cb8                OSRdyTblSize
                0x00113cba                OSSemEn
                0x00113cbc                OSStkWidth
                0x00113cbe                OSTaskCreateEn
                0x00113cc0                OSTaskCreateExtEn
                0x00113cc2                OSTaskDelEn
                0x00113cc4                OSTaskIdleStkSize
                0x00113cc6                OSTaskProfileEn
                0x00113cc8                OSTaskMax
                0x00113cca                OSTaskNameSize
                0x00113ccc                OSTaskStatEn
                0x00113cce                OSTaskStatStkSize
                0x00113cd0                OSTaskStatStkChkEn
                0x00113cd2                OSTaskSwHookEn
                0x00113cd4                OSTCBPrioTblMax
                0x00113cd6                OSTCBSize
                0x00113cd8                OSTicksPerSec
                0x00113cda                OSTimeTickHookEn
                0x00113cdc                OSVersionNbr
                0x00113cde                OSTmrEn
                0x00113ce0                OSTmrCfgMax
                0x00113ce2                OSTmrCfgNameSize
                0x00113ce4                OSTmrCfgWheelSize
                0x00113ce6                OSTmrCfgTicksPerSec
                0x00113ce8                OSTmrSize
                0x00113cea                OSTmrTblSize
                0x00113cec                OSTmrWheelSize
                0x00113cee                OSTmrWheelTblSize
                0x00113cf0                OSDataSize
 .sdata         0x00113cf4        0x4 ../bsp//libucosii_bsp.a(alt_irq_vars.o)
                0x00113cf4                alt_priority_mask
 .sdata         0x00113cf8        0x8 ../bsp//libucosii_bsp.a(alt_tick.o)
                0x00113cf8                alt_alarm_list
 *(.sdata2 .sdata2.* .gnu.linkonce.s2.*)
                0x00113d00                . = ALIGN (0x4)
                0x00113d00                _edata = ABSOLUTE (.)
                0x00113d00                PROVIDE (edata, ABSOLUTE (.))
                0x00113d00                PROVIDE (__ram_rwdata_end, ABSOLUTE (.))
                0x00113d00                PROVIDE (__flash_rwdata_start, LOADADDR (.rwdata))

.bss            0x00115810     0x8100
                0x00115810                __bss_start = ABSOLUTE (.)
                0x00115810                PROVIDE (__sbss_start, ABSOLUTE (.))
                0x00115810                PROVIDE (___sbss_start, ABSOLUTE (.))
 *(.dynsbss)
 *(.sbss .sbss.* .gnu.linkonce.sb.*)
 .sbss          0x00115810       0x18 obj/default/ContexSwitch.o
                0x00115810                pre_iteration_counter
                0x00115814                iteration_counter
                0x00115818                cs_overhead_ticks
                0x00115820                cs_avg_ticks
 .sbss          0x00115828        0x8 obj/default/ContexSwitch.o
                0x00115828                pAtomicSem1
                0x0011582c                pAtomicSem0
 .sbss          0x00115830        0xc /opt/altera/13.0sp1/nios2eds/bin/gnu/H-i686-pc-linux-gnu/bin/../lib/gcc/nios2-elf/4.1.2/../../../../nios2-elf/lib/mno-hw-mul/libc.a(lib_a-locale.o)
                0x00115830                __nlocale_changed
                0x00115834                __mlocale_changed
                0x00115838                _PathLocale
 .sbss          0x0011583c        0xc /opt/altera/13.0sp1/nios2eds/bin/gnu/H-i686-pc-linux-gnu/bin/../lib/gcc/nios2-elf/4.1.2/../../../../nios2-elf/lib/mno-hw-mul/libc.a(lib_a-mallocr.o)
                0x0011583c                __malloc_top_pad
                0x00115840                __malloc_max_sbrked_mem
                0x00115844                __malloc_max_total_mem
 .sbss          0x00115848        0x4 /opt/altera/13.0sp1/nios2eds/bin/gnu/H-i686-pc-linux-gnu/bin/../lib/gcc/nios2-elf/4.1.2/../../../../nios2-elf/lib/mno-hw-mul/libc.a(lib_a-int_errno.o)
                0x00115848                errno
 .sbss          0x0011584c        0x4 ../bsp//libucosii_bsp.a(alt_dev.o)
                0x0011584c                alt_fd_list_lock
 .sbss          0x00115850        0xc ../bsp//libucosii_bsp.a(alt_main.o)
                0x00115850                alt_argc
                0x00115854                alt_argv
                0x00115858                alt_envp
 .sbss          0x0011585c        0x8 ../bsp//libucosii_bsp.a(alt_env_lock.o)
                0x00115860                alt_envsem
 .sbss          0x00115864        0x8 ../bsp//libucosii_bsp.a(alt_malloc_lock.o)
                0x00115868                alt_heapsem
 .sbss          0x0011586c       0x68 ../bsp//libucosii_bsp.a(os_core.o)
                0x0011586c                OSTmrFreeList
                0x00115870                OSLockNesting
                0x00115874                OSTmrSemSignal
                0x00115878                OSRunning
                0x0011587c                OSIdleCtr
                0x00115880                OSTmrUsed
                0x00115882                OSPrioHighRdy
                0x00115883                OSPrioCur
                0x00115884                OSTCBList
                0x00115888                OSTickStepState
                0x0011588c                OSCtxSwCtr
                0x00115890                OSTmrFree
                0x00115894                OSIdleCtrMax
                0x00115898                OSTCBFreeList
                0x0011589c                OSCPUUsage
                0x0011589d                OSTaskCtr
                0x001158a0                OSMemFreeList
                0x001158a4                OSTCBHighRdy
                0x001158a8                OSQFreeList
                0x001158ac                OSRdyGrp
                0x001158ad                OSRdyTbl
                0x001158b0                OSEventFreeList
                0x001158b4                OSIntNesting
                0x001158b8                OSTCBCur
                0x001158bc                OSTmrTime
                0x001158c0                OSTime
                0x001158c4                OSTmrSem
                0x001158c8                OSFlagFreeList
                0x001158cc                OSStatRdy
                0x001158d0                OSIdleCtrRun
 .sbss          0x001158d4        0x4 ../bsp//libucosii_bsp.a(alt_irq_vars.o)
                0x001158d4                alt_irq_active
 .sbss          0x001158d8        0x8 ../bsp//libucosii_bsp.a(alt_tick.o)
                0x001158d8                _alt_tick_rate
                0x001158dc                _alt_nticks
 .sbss          0x001158e0        0x2 ../bsp//libucosii_bsp.a(os_cpu_c.o)
 *(.sbss2 .sbss2.* .gnu.linkonce.sb2.*)
 *(.scommon)
                0x001158e2                PROVIDE (__sbss_end, ABSOLUTE (.))
                0x001158e2                PROVIDE (___sbss_end, ABSOLUTE (.))
 *(.dynbss)
 *(.bss .bss.* .gnu.linkonce.b.*)
 .bss           0x001158e2        0x0 ../bsp//obj/HAL/src/crt0.o
 .bss           0x001158e2        0x0 obj/default/ContexSwitch.o
 .bss           0x001158e2        0x0 /opt/altera/13.0sp1/nios2eds/bin/gnu/H-i686-pc-linux-gnu/bin/../lib/gcc/nios2-elf/4.1.2/mno-hw-mul/libgcc.a(_floatdisf.o)
 .bss           0x001158e2        0x0 /opt/altera/13.0sp1/nios2eds/bin/gnu/H-i686-pc-linux-gnu/bin/../lib/gcc/nios2-elf/4.1.2/mno-hw-mul/libgcc.a(_floatdidf.o)
 .bss           0x001158e2        0x0 /opt/altera/13.0sp1/nios2eds/bin/gnu/H-i686-pc-linux-gnu/bin/../lib/gcc/nios2-elf/4.1.2/mno-hw-mul/libgcc.a(_sf_to_df.o)
 .bss           0x001158e2        0x0 /opt/altera/13.0sp1/nios2eds/bin/gnu/H-i686-pc-linux-gnu/bin/../lib/gcc/nios2-elf/4.1.2/mno-hw-mul/libgcc.a(_usi_to_sf.o)
 .bss           0x001158e2        0x0 /opt/altera/13.0sp1/nios2eds/bin/gnu/H-i686-pc-linux-gnu/bin/../lib/gcc/nios2-elf/4.1.2/mno-hw-mul/libgcc.a(_addsub_df.o)
 .bss           0x001158e2        0x0 /opt/altera/13.0sp1/nios2eds/bin/gnu/H-i686-pc-linux-gnu/bin/../lib/gcc/nios2-elf/4.1.2/mno-hw-mul/libgcc.a(_mul_df.o)
 .bss           0x001158e2        0x0 /opt/altera/13.0sp1/nios2eds/bin/gnu/H-i686-pc-linux-gnu/bin/../lib/gcc/nios2-elf/4.1.2/mno-hw-mul/libgcc.a(_div_df.o)
 .bss           0x001158e2        0x0 /opt/altera/13.0sp1/nios2eds/bin/gnu/H-i686-pc-linux-gnu/bin/../lib/gcc/nios2-elf/4.1.2/mno-hw-mul/libgcc.a(_ne_df.o)
 .bss           0x001158e2        0x0 /opt/altera/13.0sp1/nios2eds/bin/gnu/H-i686-pc-linux-gnu/bin/../lib/gcc/nios2-elf/4.1.2/mno-hw-mul/libgcc.a(_ge_df.o)
 .bss           0x001158e2        0x0 /opt/altera/13.0sp1/nios2eds/bin/gnu/H-i686-pc-linux-gnu/bin/../lib/gcc/nios2-elf/4.1.2/mno-hw-mul/libgcc.a(_le_df.o)
 .bss           0x001158e2        0x0 /opt/altera/13.0sp1/nios2eds/bin/gnu/H-i686-pc-linux-gnu/bin/../lib/gcc/nios2-elf/4.1.2/mno-hw-mul/libgcc.a(_si_to_df.o)
 .bss           0x001158e2        0x0 /opt/altera/13.0sp1/nios2eds/bin/gnu/H-i686-pc-linux-gnu/bin/../lib/gcc/nios2-elf/4.1.2/mno-hw-mul/libgcc.a(_make_df.o)
 .bss           0x001158e2        0x0 /opt/altera/13.0sp1/nios2eds/bin/gnu/H-i686-pc-linux-gnu/bin/../lib/gcc/nios2-elf/4.1.2/mno-hw-mul/libgcc.a(_df_to_sf.o)
 .bss           0x001158e2        0x0 /opt/altera/13.0sp1/nios2eds/bin/gnu/H-i686-pc-linux-gnu/bin/../lib/gcc/nios2-elf/4.1.2/mno-hw-mul/libgcc.a(_thenan_df.o)
 .bss           0x001158e2        0x0 /opt/altera/13.0sp1/nios2eds/bin/gnu/H-i686-pc-linux-gnu/bin/../lib/gcc/nios2-elf/4.1.2/mno-hw-mul/libgcc.a(_usi_to_df.o)
 .bss           0x001158e2        0x0 /opt/altera/13.0sp1/nios2eds/bin/gnu/H-i686-pc-linux-gnu/bin/../lib/gcc/nios2-elf/4.1.2/mno-hw-mul/libgcc.a(lib2-divmod.o)
 .bss           0x001158e2        0x0 /opt/altera/13.0sp1/nios2eds/bin/gnu/H-i686-pc-linux-gnu/bin/../lib/gcc/nios2-elf/4.1.2/mno-hw-mul/libgcc.a(_muldi3.o)
 .bss           0x001158e2        0x0 /opt/altera/13.0sp1/nios2eds/bin/gnu/H-i686-pc-linux-gnu/bin/../lib/gcc/nios2-elf/4.1.2/mno-hw-mul/libgcc.a(_clzsi2.o)
 .bss           0x001158e2        0x0 /opt/altera/13.0sp1/nios2eds/bin/gnu/H-i686-pc-linux-gnu/bin/../lib/gcc/nios2-elf/4.1.2/mno-hw-mul/libgcc.a(_pack_sf.o)
 .bss           0x001158e2        0x0 /opt/altera/13.0sp1/nios2eds/bin/gnu/H-i686-pc-linux-gnu/bin/../lib/gcc/nios2-elf/4.1.2/mno-hw-mul/libgcc.a(_unpack_sf.o)
 .bss           0x001158e2        0x0 /opt/altera/13.0sp1/nios2eds/bin/gnu/H-i686-pc-linux-gnu/bin/../lib/gcc/nios2-elf/4.1.2/mno-hw-mul/libgcc.a(_make_sf.o)
 .bss           0x001158e2        0x0 /opt/altera/13.0sp1/nios2eds/bin/gnu/H-i686-pc-linux-gnu/bin/../lib/gcc/nios2-elf/4.1.2/mno-hw-mul/libgcc.a(_pack_df.o)
 .bss           0x001158e2        0x0 /opt/altera/13.0sp1/nios2eds/bin/gnu/H-i686-pc-linux-gnu/bin/../lib/gcc/nios2-elf/4.1.2/mno-hw-mul/libgcc.a(_unpack_df.o)
 .bss           0x001158e2        0x0 /opt/altera/13.0sp1/nios2eds/bin/gnu/H-i686-pc-linux-gnu/bin/../lib/gcc/nios2-elf/4.1.2/mno-hw-mul/libgcc.a(_fpcmp_parts_df.o)
 .bss           0x001158e2        0x0 /opt/altera/13.0sp1/nios2eds/bin/gnu/H-i686-pc-linux-gnu/bin/../lib/gcc/nios2-elf/4.1.2/mno-hw-mul/libgcc.a(lib2-mul.o)
 .bss           0x001158e2        0x0 /opt/altera/13.0sp1/nios2eds/bin/gnu/H-i686-pc-linux-gnu/bin/../lib/gcc/nios2-elf/4.1.2/mno-hw-mul/libgcc.a(_clz.o)
 .bss           0x001158e2        0x0 /opt/altera/13.0sp1/nios2eds/bin/gnu/H-i686-pc-linux-gnu/bin/../lib/gcc/nios2-elf/4.1.2/../../../../nios2-elf/lib/mno-hw-mul/libc.a(lib_a-printf.o)
 .bss           0x001158e2        0x0 /opt/altera/13.0sp1/nios2eds/bin/gnu/H-i686-pc-linux-gnu/bin/../lib/gcc/nios2-elf/4.1.2/../../../../nios2-elf/lib/mno-hw-mul/libc.a(lib_a-puts.o)
 .bss           0x001158e2        0x0 /opt/altera/13.0sp1/nios2eds/bin/gnu/H-i686-pc-linux-gnu/bin/../lib/gcc/nios2-elf/4.1.2/../../../../nios2-elf/lib/mno-hw-mul/libc.a(lib_a-strlen.o)
 .bss           0x001158e2        0x0 /opt/altera/13.0sp1/nios2eds/bin/gnu/H-i686-pc-linux-gnu/bin/../lib/gcc/nios2-elf/4.1.2/../../../../nios2-elf/lib/mno-hw-mul/libc.a(lib_a-vfprintf.o)
 .bss           0x001158e2        0x0 /opt/altera/13.0sp1/nios2eds/bin/gnu/H-i686-pc-linux-gnu/bin/../lib/gcc/nios2-elf/4.1.2/../../../../nios2-elf/lib/mno-hw-mul/libc.a(lib_a-wsetup.o)
 .bss           0x001158e2        0x0 /opt/altera/13.0sp1/nios2eds/bin/gnu/H-i686-pc-linux-gnu/bin/../lib/gcc/nios2-elf/4.1.2/../../../../nios2-elf/lib/mno-hw-mul/libc.a(lib_a-dtoa.o)
 .bss           0x001158e2        0x0 /opt/altera/13.0sp1/nios2eds/bin/gnu/H-i686-pc-linux-gnu/bin/../lib/gcc/nios2-elf/4.1.2/../../../../nios2-elf/lib/mno-hw-mul/libc.a(lib_a-fflush.o)
 .bss           0x001158e2        0x0 /opt/altera/13.0sp1/nios2eds/bin/gnu/H-i686-pc-linux-gnu/bin/../lib/gcc/nios2-elf/4.1.2/../../../../nios2-elf/lib/mno-hw-mul/libc.a(lib_a-findfp.o)
 .bss           0x001158e2        0x0 /opt/altera/13.0sp1/nios2eds/bin/gnu/H-i686-pc-linux-gnu/bin/../lib/gcc/nios2-elf/4.1.2/../../../../nios2-elf/lib/mno-hw-mul/libc.a(lib_a-freer.o)
 .bss           0x001158e2        0x0 /opt/altera/13.0sp1/nios2eds/bin/gnu/H-i686-pc-linux-gnu/bin/../lib/gcc/nios2-elf/4.1.2/../../../../nios2-elf/lib/mno-hw-mul/libc.a(lib_a-fvwrite.o)
 .bss           0x001158e2        0x0 /opt/altera/13.0sp1/nios2eds/bin/gnu/H-i686-pc-linux-gnu/bin/../lib/gcc/nios2-elf/4.1.2/../../../../nios2-elf/lib/mno-hw-mul/libc.a(lib_a-fwalk.o)
 .bss           0x001158e2        0x0 /opt/altera/13.0sp1/nios2eds/bin/gnu/H-i686-pc-linux-gnu/bin/../lib/gcc/nios2-elf/4.1.2/../../../../nios2-elf/lib/mno-hw-mul/libc.a(lib_a-impure.o)
 .bss           0x001158e2        0x0 /opt/altera/13.0sp1/nios2eds/bin/gnu/H-i686-pc-linux-gnu/bin/../lib/gcc/nios2-elf/4.1.2/../../../../nios2-elf/lib/mno-hw-mul/libc.a(lib_a-locale.o)
 .bss           0x001158e2        0x0 /opt/altera/13.0sp1/nios2eds/bin/gnu/H-i686-pc-linux-gnu/bin/../lib/gcc/nios2-elf/4.1.2/../../../../nios2-elf/lib/mno-hw-mul/libc.a(lib_a-makebuf.o)
 *fill*         0x001158e2        0x2 00
 .bss           0x001158e4       0x28 /opt/altera/13.0sp1/nios2eds/bin/gnu/H-i686-pc-linux-gnu/bin/../lib/gcc/nios2-elf/4.1.2/../../../../nios2-elf/lib/mno-hw-mul/libc.a(lib_a-mallocr.o)
                0x001158e4                __malloc_current_mallinfo
 .bss           0x0011590c        0x0 /opt/altera/13.0sp1/nios2eds/bin/gnu/H-i686-pc-linux-gnu/bin/../lib/gcc/nios2-elf/4.1.2/../../../../nios2-elf/lib/mno-hw-mul/libc.a(lib_a-memchr.o)
 .bss           0x0011590c        0x0 /opt/altera/13.0sp1/nios2eds/bin/gnu/H-i686-pc-linux-gnu/bin/../lib/gcc/nios2-elf/4.1.2/../../../../nios2-elf/lib/mno-hw-mul/libc.a(lib_a-memcpy.o)
 .bss           0x0011590c        0x0 /opt/altera/13.0sp1/nios2eds/bin/gnu/H-i686-pc-linux-gnu/bin/../lib/gcc/nios2-elf/4.1.2/../../../../nios2-elf/lib/mno-hw-mul/libc.a(lib_a-memmove.o)
 .bss           0x0011590c        0x0 /opt/altera/13.0sp1/nios2eds/bin/gnu/H-i686-pc-linux-gnu/bin/../lib/gcc/nios2-elf/4.1.2/../../../../nios2-elf/lib/mno-hw-mul/libc.a(lib_a-memset.o)
 .bss           0x0011590c        0x0 /opt/altera/13.0sp1/nios2eds/bin/gnu/H-i686-pc-linux-gnu/bin/../lib/gcc/nios2-elf/4.1.2/../../../../nios2-elf/lib/mno-hw-mul/libc.a(lib_a-mprec.o)
 .bss           0x0011590c        0x0 /opt/altera/13.0sp1/nios2eds/bin/gnu/H-i686-pc-linux-gnu/bin/../lib/gcc/nios2-elf/4.1.2/../../../../nios2-elf/lib/mno-hw-mul/libc.a(lib_a-reallocr.o)
 .bss           0x0011590c        0x0 /opt/altera/13.0sp1/nios2eds/bin/gnu/H-i686-pc-linux-gnu/bin/../lib/gcc/nios2-elf/4.1.2/../../../../nios2-elf/lib/mno-hw-mul/libc.a(lib_a-s_isinfd.o)
 .bss           0x0011590c        0x0 /opt/altera/13.0sp1/nios2eds/bin/gnu/H-i686-pc-linux-gnu/bin/../lib/gcc/nios2-elf/4.1.2/../../../../nios2-elf/lib/mno-hw-mul/libc.a(lib_a-s_isnand.o)
 .bss           0x0011590c        0x0 /opt/altera/13.0sp1/nios2eds/bin/gnu/H-i686-pc-linux-gnu/bin/../lib/gcc/nios2-elf/4.1.2/../../../../nios2-elf/lib/mno-hw-mul/libc.a(lib_a-sbrkr.o)
 .bss           0x0011590c        0x0 /opt/altera/13.0sp1/nios2eds/bin/gnu/H-i686-pc-linux-gnu/bin/../lib/gcc/nios2-elf/4.1.2/../../../../nios2-elf/lib/mno-hw-mul/libc.a(lib_a-stdio.o)
 .bss           0x0011590c        0x0 /opt/altera/13.0sp1/nios2eds/bin/gnu/H-i686-pc-linux-gnu/bin/../lib/gcc/nios2-elf/4.1.2/../../../../nios2-elf/lib/mno-hw-mul/libc.a(lib_a-strcmp.o)
 .bss           0x0011590c        0x0 /opt/altera/13.0sp1/nios2eds/bin/gnu/H-i686-pc-linux-gnu/bin/../lib/gcc/nios2-elf/4.1.2/../../../../nios2-elf/lib/mno-hw-mul/libc.a(lib_a-writer.o)
 .bss           0x0011590c        0x0 /opt/altera/13.0sp1/nios2eds/bin/gnu/H-i686-pc-linux-gnu/bin/../lib/gcc/nios2-elf/4.1.2/../../../../nios2-elf/lib/mno-hw-mul/libc.a(lib_a-callocr.o)
 .bss           0x0011590c        0x0 /opt/altera/13.0sp1/nios2eds/bin/gnu/H-i686-pc-linux-gnu/bin/../lib/gcc/nios2-elf/4.1.2/../../../../nios2-elf/lib/mno-hw-mul/libc.a(lib_a-closer.o)
 .bss           0x0011590c        0x0 /opt/altera/13.0sp1/nios2eds/bin/gnu/H-i686-pc-linux-gnu/bin/../lib/gcc/nios2-elf/4.1.2/../../../../nios2-elf/lib/mno-hw-mul/libc.a(lib_a-fclose.o)
 .bss           0x0011590c        0x0 /opt/altera/13.0sp1/nios2eds/bin/gnu/H-i686-pc-linux-gnu/bin/../lib/gcc/nios2-elf/4.1.2/../../../../nios2-elf/lib/mno-hw-mul/libc.a(lib_a-fstatr.o)
 .bss           0x0011590c        0x0 /opt/altera/13.0sp1/nios2eds/bin/gnu/H-i686-pc-linux-gnu/bin/../lib/gcc/nios2-elf/4.1.2/../../../../nios2-elf/lib/mno-hw-mul/libc.a(lib_a-int_errno.o)
 .bss           0x0011590c        0x0 /opt/altera/13.0sp1/nios2eds/bin/gnu/H-i686-pc-linux-gnu/bin/../lib/gcc/nios2-elf/4.1.2/../../../../nios2-elf/lib/mno-hw-mul/libc.a(lib_a-isattyr.o)
 .bss           0x0011590c        0x0 /opt/altera/13.0sp1/nios2eds/bin/gnu/H-i686-pc-linux-gnu/bin/../lib/gcc/nios2-elf/4.1.2/../../../../nios2-elf/lib/mno-hw-mul/libc.a(lib_a-lseekr.o)
 .bss           0x0011590c        0x0 /opt/altera/13.0sp1/nios2eds/bin/gnu/H-i686-pc-linux-gnu/bin/../lib/gcc/nios2-elf/4.1.2/../../../../nios2-elf/lib/mno-hw-mul/libc.a(lib_a-readr.o)
 .bss           0x0011590c        0x0 /opt/altera/13.0sp1/nios2eds/bin/gnu/H-i686-pc-linux-gnu/bin/../lib/gcc/nios2-elf/4.1.2/mno-hw-mul/libgcc.a(_udivdi3.o)
 .bss           0x0011590c        0x0 /opt/altera/13.0sp1/nios2eds/bin/gnu/H-i686-pc-linux-gnu/bin/../lib/gcc/nios2-elf/4.1.2/mno-hw-mul/libgcc.a(_umoddi3.o)
 .bss           0x0011590c        0x0 /opt/altera/13.0sp1/nios2eds/bin/gnu/H-i686-pc-linux-gnu/bin/../lib/gcc/nios2-elf/4.1.2/mno-hw-mul/libgcc.a(_eq_df.o)
 .bss           0x0011590c        0x0 /opt/altera/13.0sp1/nios2eds/bin/gnu/H-i686-pc-linux-gnu/bin/../lib/gcc/nios2-elf/4.1.2/mno-hw-mul/libgcc.a(_gt_df.o)
 .bss           0x0011590c        0x0 /opt/altera/13.0sp1/nios2eds/bin/gnu/H-i686-pc-linux-gnu/bin/../lib/gcc/nios2-elf/4.1.2/mno-hw-mul/libgcc.a(_lt_df.o)
 .bss           0x0011590c        0x0 /opt/altera/13.0sp1/nios2eds/bin/gnu/H-i686-pc-linux-gnu/bin/../lib/gcc/nios2-elf/4.1.2/mno-hw-mul/libgcc.a(_df_to_si.o)
 .bss           0x0011590c        0x0 ../bsp//libucosii_bsp.a(alt_close.o)
 .bss           0x0011590c        0x0 ../bsp//libucosii_bsp.a(alt_dev.o)
 .bss           0x0011590c        0x0 ../bsp//libucosii_bsp.a(alt_errno.o)
 .bss           0x0011590c        0x0 ../bsp//libucosii_bsp.a(alt_fstat.o)
 .bss           0x0011590c        0x0 ../bsp//libucosii_bsp.a(alt_isatty.o)
 .bss           0x0011590c        0x0 ../bsp//libucosii_bsp.a(alt_load.o)
 .bss           0x0011590c        0x0 ../bsp//libucosii_bsp.a(alt_lseek.o)
 .bss           0x0011590c        0x0 ../bsp//libucosii_bsp.a(alt_main.o)
 .bss           0x0011590c        0x0 ../bsp//libucosii_bsp.a(alt_read.o)
 .bss           0x0011590c        0x0 ../bsp//libucosii_bsp.a(alt_release_fd.o)
 .bss           0x0011590c        0x0 ../bsp//libucosii_bsp.a(alt_sbrk.o)
 .bss           0x0011590c        0x0 ../bsp//libucosii_bsp.a(alt_write.o)
 .bss           0x0011590c        0x0 ../bsp//libucosii_bsp.a(alt_env_lock.o)
 .bss           0x0011590c        0x0 ../bsp//libucosii_bsp.a(alt_malloc_lock.o)
 .bss           0x0011590c        0x0 ../bsp//libucosii_bsp.a(os_core.o)
 .bss           0x0011590c        0x0 ../bsp//libucosii_bsp.a(os_dbg.o)
 .bss           0x0011590c        0x0 ../bsp//libucosii_bsp.a(os_flag.o)
 .bss           0x0011590c        0x0 ../bsp//libucosii_bsp.a(os_mem.o)
 .bss           0x0011590c        0x0 ../bsp//libucosii_bsp.a(os_q.o)
 .bss           0x0011590c        0x0 ../bsp//libucosii_bsp.a(os_sem.o)
 .bss           0x0011590c        0x0 ../bsp//libucosii_bsp.a(os_task.o)
 .bss           0x0011590c        0x0 ../bsp//libucosii_bsp.a(os_time.o)
 .bss           0x0011590c        0x0 ../bsp//libucosii_bsp.a(os_tmr.o)
 .bss           0x0011590c        0x0 ../bsp//libucosii_bsp.a(alt_sys_init.o)
 .bss           0x0011590c        0x0 ../bsp//libucosii_bsp.a(altera_avalon_jtag_uart_fd.o)
 .bss           0x0011590c        0x0 ../bsp//libucosii_bsp.a(altera_avalon_jtag_uart_init.o)
 .bss           0x0011590c        0x0 ../bsp//libucosii_bsp.a(altera_avalon_jtag_uart_ioctl.o)
 .bss           0x0011590c        0x0 ../bsp//libucosii_bsp.a(altera_avalon_jtag_uart_read.o)
 .bss           0x0011590c        0x0 ../bsp//libucosii_bsp.a(altera_avalon_jtag_uart_write.o)
 .bss           0x0011590c        0x0 ../bsp//libucosii_bsp.a(altera_avalon_performance_counter.o)
 .bss           0x0011590c        0x0 ../bsp//libucosii_bsp.a(altera_avalon_timer_sc.o)
 .bss           0x0011590c        0x0 ../bsp//libucosii_bsp.a(altera_up_avalon_character_lcd.o)
 .bss           0x0011590c        0x0 ../bsp//libucosii_bsp.a(alt_alarm_start.o)
 .bss           0x0011590c        0x0 ../bsp//libucosii_bsp.a(alt_dcache_flush_all.o)
 .bss           0x0011590c        0x0 ../bsp//libucosii_bsp.a(alt_dev_llist_insert.o)
 .bss           0x0011590c        0x0 ../bsp//libucosii_bsp.a(alt_do_ctors.o)
 .bss           0x0011590c        0x0 ../bsp//libucosii_bsp.a(alt_do_dtors.o)
 .bss           0x0011590c        0x0 ../bsp//libucosii_bsp.a(alt_find_dev.o)
 .bss           0x0011590c        0x0 ../bsp//libucosii_bsp.a(alt_icache_flush_all.o)
 .bss           0x0011590c        0x0 ../bsp//libucosii_bsp.a(alt_iic.o)
 .bss           0x0011590c        0x0 ../bsp//libucosii_bsp.a(alt_iic_isr_register.o)
 .bss           0x0011590c        0x0 ../bsp//libucosii_bsp.a(alt_io_redirect.o)
 .bss           0x0011590c        0x0 ../bsp//libucosii_bsp.a(alt_irq_entry.o)
 .bss           0x0011590c        0x0 ../bsp//libucosii_bsp.a(alt_irq_handler.o)
 .bss           0x0011590c        0x0 ../bsp//libucosii_bsp.a(alt_irq_vars.o)
 .bss           0x0011590c        0x0 ../bsp//libucosii_bsp.a(alt_open.o)
 .bss           0x0011590c        0x0 ../bsp//libucosii_bsp.a(alt_tick.o)
 .bss           0x0011590c        0x0 ../bsp//libucosii_bsp.a(altera_nios2_qsys_irq.o)
 .bss           0x0011590c        0x0 ../bsp//libucosii_bsp.a(os_cpu_a.o)
 .bss           0x0011590c        0x0 ../bsp//libucosii_bsp.a(os_cpu_c.o)
 .bss           0x0011590c        0x0 ../bsp//libucosii_bsp.a(alt_exception_entry.o)
 .bss           0x0011590c        0x0 ../bsp//libucosii_bsp.a(alt_find_file.o)
 .bss           0x0011590c        0x0 ../bsp//libucosii_bsp.a(alt_get_fd.o)
 .bss           0x0011590c        0x0 /opt/altera/13.0sp1/nios2eds/bin/gnu/H-i686-pc-linux-gnu/bin/../lib/gcc/nios2-elf/4.1.2/../../../../nios2-elf/lib/mno-hw-mul/libc.a(lib_a-atexit.o)
 .bss           0x0011590c        0x0 /opt/altera/13.0sp1/nios2eds/bin/gnu/H-i686-pc-linux-gnu/bin/../lib/gcc/nios2-elf/4.1.2/../../../../nios2-elf/lib/mno-hw-mul/libc.a(lib_a-exit.o)
 .bss           0x0011590c        0x0 /opt/altera/13.0sp1/nios2eds/bin/gnu/H-i686-pc-linux-gnu/bin/../lib/gcc/nios2-elf/4.1.2/../../../../nios2-elf/lib/mno-hw-mul/libc.a(lib_a-memcmp.o)
 .bss           0x0011590c        0x0 /opt/altera/13.0sp1/nios2eds/bin/gnu/H-i686-pc-linux-gnu/bin/../lib/gcc/nios2-elf/4.1.2/../../../../nios2-elf/lib/mno-hw-mul/libc.a(lib_a-__atexit.o)
 .bss           0x0011590c        0x0 /opt/altera/13.0sp1/nios2eds/bin/gnu/H-i686-pc-linux-gnu/bin/../lib/gcc/nios2-elf/4.1.2/../../../../nios2-elf/lib/mno-hw-mul/libc.a(lib_a-__call_atexit.o)
 .bss           0x0011590c        0x0 /opt/altera/13.0sp1/nios2eds/bin/gnu/H-i686-pc-linux-gnu/bin/../lib/gcc/nios2-elf/4.1.2/mno-hw-mul/libgcc.a(_fixunsdfsi.o)
 .bss           0x0011590c        0x0 ../bsp//libucosii_bsp.a(alt_exit.o)
 *(COMMON)
 COMMON         0x0011590c     0x4000 obj/default/ContexSwitch.o
                0x0011590c                task1_stk
                0x0011790c                task0_stk
 COMMON         0x0011990c     0x3d74 ../bsp//libucosii_bsp.a(os_core.o)
                0x0011990c                OSTmrWheelTbl
                0x0011991c                OSFlagTbl
                0x00119c8c                OSTmrTbl
                0x00119fcc                OSMemTbl
                0x0011abfc                OSTaskStatStk
                0x0011b3fc                OSQTbl
                0x0011b5dc                OSTmrTaskStk
                0x0011bddc                OSTaskIdleStk
                0x0011c5dc                OSEventTbl
                0x0011d11c                OSTCBTbl
                0x0011d62c                OSTCBPrioTbl
 COMMON         0x0011d680      0x100 ../bsp//libucosii_bsp.a(alt_irq_handler.o)
                0x0011d680                alt_irq
 COMMON         0x0011d780      0x190 /opt/altera/13.0sp1/nios2eds/bin/gnu/H-i686-pc-linux-gnu/bin/../lib/gcc/nios2-elf/4.1.2/../../../../nios2-elf/lib/mno-hw-mul/libc.a(lib_a-atexit.o)
                0x0011d780                _atexit0
                0x0011d910                . = ALIGN (0x4)
                0x0011d910                __bss_end = ABSOLUTE (.)

.onchip_memory  0x00000000        0x0 load address 0x0011d910
                0x00000000                PROVIDE (_alt_partition_onchip_memory_start, ABSOLUTE (.))
 *(.onchip_memory. onchip_memory.*)
                0x00000000                . = ALIGN (0x4)
                0x00000000                PROVIDE (_alt_partition_onchip_memory_end, ABSOLUTE (.))
                0x0011d910                PROVIDE (_alt_partition_onchip_memory_load_addr, LOADADDR (.onchip_memory))

.sram           0x0011d910        0x0
                0x0011d910                PROVIDE (_alt_partition_sram_start, ABSOLUTE (.))
 *(.sram. sram.*)
                0x0011d910                . = ALIGN (0x4)
                0x0011d910                PROVIDE (_alt_partition_sram_end, ABSOLUTE (.))
                0x0011d910                _end = ABSOLUTE (.)
                0x0011d910                end = ABSOLUTE (.)
                0x0011d910                __alt_stack_base = ABSOLUTE (.)
                0x0011d910                PROVIDE (_alt_partition_sram_load_addr, LOADADDR (.sram))

.sdram          0x01000144        0x0 load address 0x0011d910
                0x01000144                PROVIDE (_alt_partition_sdram_start, ABSOLUTE (.))
 *(.sdram. sdram.*)
                0x01000144                . = ALIGN (0x4)
                0x01000144                PROVIDE (_alt_partition_sdram_end, ABSOLUTE (.))
                0x0011d910                PROVIDE (_alt_partition_sdram_load_addr, LOADADDR (.sdram))

.stab
 *(.stab)

.stabstr
 *(.stabstr)

.stab.excl
 *(.stab.excl)

.stab.exclstr
 *(.stab.exclstr)

.stab.index
 *(.stab.index)

.stab.indexstr
 *(.stab.indexstr)

.comment        0x00000000       0x26
 *(.comment)
 .comment       0x00000000       0x26 obj/default/ContexSwitch.o
                                 0x27 (size before relaxing)
 .comment       0x00000000       0x27 /opt/altera/13.0sp1/nios2eds/bin/gnu/H-i686-pc-linux-gnu/bin/../lib/gcc/nios2-elf/4.1.2/mno-hw-mul/libgcc.a(_floatdisf.o)
 .comment       0x00000000       0x27 /opt/altera/13.0sp1/nios2eds/bin/gnu/H-i686-pc-linux-gnu/bin/../lib/gcc/nios2-elf/4.1.2/mno-hw-mul/libgcc.a(_floatdidf.o)
 .comment       0x00000000       0x27 /opt/altera/13.0sp1/nios2eds/bin/gnu/H-i686-pc-linux-gnu/bin/../lib/gcc/nios2-elf/4.1.2/mno-hw-mul/libgcc.a(_sf_to_df.o)
 .comment       0x00000000       0x27 /opt/altera/13.0sp1/nios2eds/bin/gnu/H-i686-pc-linux-gnu/bin/../lib/gcc/nios2-elf/4.1.2/mno-hw-mul/libgcc.a(_usi_to_sf.o)
 .comment       0x00000000       0x27 /opt/altera/13.0sp1/nios2eds/bin/gnu/H-i686-pc-linux-gnu/bin/../lib/gcc/nios2-elf/4.1.2/mno-hw-mul/libgcc.a(_addsub_df.o)
 .comment       0x00000000       0x27 /opt/altera/13.0sp1/nios2eds/bin/gnu/H-i686-pc-linux-gnu/bin/../lib/gcc/nios2-elf/4.1.2/mno-hw-mul/libgcc.a(_mul_df.o)
 .comment       0x00000000       0x27 /opt/altera/13.0sp1/nios2eds/bin/gnu/H-i686-pc-linux-gnu/bin/../lib/gcc/nios2-elf/4.1.2/mno-hw-mul/libgcc.a(_div_df.o)
 .comment       0x00000000       0x27 /opt/altera/13.0sp1/nios2eds/bin/gnu/H-i686-pc-linux-gnu/bin/../lib/gcc/nios2-elf/4.1.2/mno-hw-mul/libgcc.a(_ne_df.o)
 .comment       0x00000000       0x27 /opt/altera/13.0sp1/nios2eds/bin/gnu/H-i686-pc-linux-gnu/bin/../lib/gcc/nios2-elf/4.1.2/mno-hw-mul/libgcc.a(_ge_df.o)
 .comment       0x00000000       0x27 /opt/altera/13.0sp1/nios2eds/bin/gnu/H-i686-pc-linux-gnu/bin/../lib/gcc/nios2-elf/4.1.2/mno-hw-mul/libgcc.a(_le_df.o)
 .comment       0x00000000       0x27 /opt/altera/13.0sp1/nios2eds/bin/gnu/H-i686-pc-linux-gnu/bin/../lib/gcc/nios2-elf/4.1.2/mno-hw-mul/libgcc.a(_si_to_df.o)
 .comment       0x00000000       0x27 /opt/altera/13.0sp1/nios2eds/bin/gnu/H-i686-pc-linux-gnu/bin/../lib/gcc/nios2-elf/4.1.2/mno-hw-mul/libgcc.a(_make_df.o)
 .comment       0x00000000       0x27 /opt/altera/13.0sp1/nios2eds/bin/gnu/H-i686-pc-linux-gnu/bin/../lib/gcc/nios2-elf/4.1.2/mno-hw-mul/libgcc.a(_df_to_sf.o)
 .comment       0x00000000       0x27 /opt/altera/13.0sp1/nios2eds/bin/gnu/H-i686-pc-linux-gnu/bin/../lib/gcc/nios2-elf/4.1.2/mno-hw-mul/libgcc.a(_thenan_df.o)
 .comment       0x00000000       0x27 /opt/altera/13.0sp1/nios2eds/bin/gnu/H-i686-pc-linux-gnu/bin/../lib/gcc/nios2-elf/4.1.2/mno-hw-mul/libgcc.a(_usi_to_df.o)