Archive member included because of file (symbol)

/opt/altera/13.0sp1/nios2eds/bin/gnu/H-i686-pc-linux-gnu/bin/../lib/gcc/nios2-elf/4.1.2/mno-hw-mul/libgcc.a(_addsub_df.o)
                              obj/default/cruise.o (__adddf3)
/opt/altera/13.0sp1/nios2eds/bin/gnu/H-i686-pc-linux-gnu/bin/../lib/gcc/nios2-elf/4.1.2/mno-hw-mul/libgcc.a(_div_df.o)
                              obj/default/cruise.o (__divdf3)
/opt/altera/13.0sp1/nios2eds/bin/gnu/H-i686-pc-linux-gnu/bin/../lib/gcc/nios2-elf/4.1.2/mno-hw-mul/libgcc.a(_si_to_df.o)
                              obj/default/cruise.o (__floatsidf)
/opt/altera/13.0sp1/nios2eds/bin/gnu/H-i686-pc-linux-gnu/bin/../lib/gcc/nios2-elf/4.1.2/mno-hw-mul/libgcc.a(_df_to_si.o)
                              obj/default/cruise.o (__fixdfsi)
/opt/altera/13.0sp1/nios2eds/bin/gnu/H-i686-pc-linux-gnu/bin/../lib/gcc/nios2-elf/4.1.2/mno-hw-mul/libgcc.a(_thenan_df.o)
                              /opt/altera/13.0sp1/nios2eds/bin/gnu/H-i686-pc-linux-gnu/bin/../lib/gcc/nios2-elf/4.1.2/mno-hw-mul/libgcc.a(_addsub_df.o) (__thenan_df)
/opt/altera/13.0sp1/nios2eds/bin/gnu/H-i686-pc-linux-gnu/bin/../lib/gcc/nios2-elf/4.1.2/mno-hw-mul/libgcc.a(lib2-divmod.o)
                              obj/default/cruise.o (__divsi3)
/opt/altera/13.0sp1/nios2eds/bin/gnu/H-i686-pc-linux-gnu/bin/../lib/gcc/nios2-elf/4.1.2/mno-hw-mul/libgcc.a(lib2-mul.o)
                              obj/default/cruise.o (__mulsi3)
/opt/altera/13.0sp1/nios2eds/bin/gnu/H-i686-pc-linux-gnu/bin/../lib/gcc/nios2-elf/4.1.2/mno-hw-mul/libgcc.a(_clzsi2.o)
                              /opt/altera/13.0sp1/nios2eds/bin/gnu/H-i686-pc-linux-gnu/bin/../lib/gcc/nios2-elf/4.1.2/mno-hw-mul/libgcc.a(_si_to_df.o) (__clzsi2)
/opt/altera/13.0sp1/nios2eds/bin/gnu/H-i686-pc-linux-gnu/bin/../lib/gcc/nios2-elf/4.1.2/mno-hw-mul/libgcc.a(_pack_df.o)
                              /opt/altera/13.0sp1/nios2eds/bin/gnu/H-i686-pc-linux-gnu/bin/../lib/gcc/nios2-elf/4.1.2/mno-hw-mul/libgcc.a(_addsub_df.o) (__pack_d)
/opt/altera/13.0sp1/nios2eds/bin/gnu/H-i686-pc-linux-gnu/bin/../lib/gcc/nios2-elf/4.1.2/mno-hw-mul/libgcc.a(_unpack_df.o)
                              /opt/altera/13.0sp1/nios2eds/bin/gnu/H-i686-pc-linux-gnu/bin/../lib/gcc/nios2-elf/4.1.2/mno-hw-mul/libgcc.a(_addsub_df.o) (__unpack_d)
/opt/altera/13.0sp1/nios2eds/bin/gnu/H-i686-pc-linux-gnu/bin/../lib/gcc/nios2-elf/4.1.2/mno-hw-mul/libgcc.a(_clz.o)
                              /opt/altera/13.0sp1/nios2eds/bin/gnu/H-i686-pc-linux-gnu/bin/../lib/gcc/nios2-elf/4.1.2/mno-hw-mul/libgcc.a(_clzsi2.o) (__clz_tab)
/opt/altera/13.0sp1/nios2eds/bin/gnu/H-i686-pc-linux-gnu/bin/../lib/gcc/nios2-elf/4.1.2/../../../../nios2-elf/lib/mno-hw-mul/libc.a(lib_a-printf.o)
                              obj/default/cruise.o (printf)
/opt/altera/13.0sp1/nios2eds/bin/gnu/H-i686-pc-linux-gnu/bin/../lib/gcc/nios2-elf/4.1.2/../../../../nios2-elf/lib/mno-hw-mul/libc.a(lib_a-putchar.o)
                              obj/default/cruise.o (putchar)
/opt/altera/13.0sp1/nios2eds/bin/gnu/H-i686-pc-linux-gnu/bin/../lib/gcc/nios2-elf/4.1.2/../../../../nios2-elf/lib/mno-hw-mul/libc.a(lib_a-puts.o)
                              obj/default/cruise.o (puts)
/opt/altera/13.0sp1/nios2eds/bin/gnu/H-i686-pc-linux-gnu/bin/../lib/gcc/nios2-elf/4.1.2/../../../../nios2-elf/lib/mno-hw-mul/libc.a(lib_a-strlen.o)
                              /opt/altera/13.0sp1/nios2eds/bin/gnu/H-i686-pc-linux-gnu/bin/../lib/gcc/nios2-elf/4.1.2/../../../../nios2-elf/lib/mno-hw-mul/libc.a(lib_a-puts.o) (strlen)
/opt/altera/13.0sp1/nios2eds/bin/gnu/H-i686-pc-linux-gnu/bin/../lib/gcc/nios2-elf/4.1.2/../../../../nios2-elf/lib/mno-hw-mul/libc.a(lib_a-vfprintf.o)
                              /opt/altera/13.0sp1/nios2eds/bin/gnu/H-i686-pc-linux-gnu/bin/../lib/gcc/nios2-elf/4.1.2/../../../../nios2-elf/lib/mno-hw-mul/libc.a(lib_a-printf.o) (___vfprintf_internal_r)
/opt/altera/13.0sp1/nios2eds/bin/gnu/H-i686-pc-linux-gnu/bin/../lib/gcc/nios2-elf/4.1.2/../../../../nios2-elf/lib/mno-hw-mul/libc.a(lib_a-wsetup.o)
                              /opt/altera/13.0sp1/nios2eds/bin/gnu/H-i686-pc-linux-gnu/bin/../lib/gcc/nios2-elf/4.1.2/../../../../nios2-elf/lib/mno-hw-mul/libc.a(lib_a-vfprintf.o) (__swsetup_r)
/opt/altera/13.0sp1/nios2eds/bin/gnu/H-i686-pc-linux-gnu/bin/../lib/gcc/nios2-elf/4.1.2/../../../../nios2-elf/lib/mno-hw-mul/libc.a(lib_a-dtoa.o)
                              /opt/altera/13.0sp1/nios2eds/bin/gnu/H-i686-pc-linux-gnu/bin/../lib/gcc/nios2-elf/4.1.2/../../../../nios2-elf/lib/mno-hw-mul/libc.a(lib_a-vfprintf.o) (_dtoa_r)
/opt/altera/13.0sp1/nios2eds/bin/gnu/H-i686-pc-linux-gnu/bin/../lib/gcc/nios2-elf/4.1.2/../../../../nios2-elf/lib/mno-hw-mul/libc.a(lib_a-fflush.o)
                              /opt/altera/13.0sp1/nios2eds/bin/gnu/H-i686-pc-linux-gnu/bin/../lib/gcc/nios2-elf/4.1.2/../../../../nios2-elf/lib/mno-hw-mul/libc.a(lib_a-vfprintf.o) (_fflush_r)
[...]
Memory Configuration

Name             Origin             Length             Attributes
onchip_memory    0x00000000         0x00006400
sram             0x00100000         0x00080000
reset            0x01000000         0x00000020
sdram            0x01000020         0x007fffe0
*default*        0x00000000         0xffffffff

Linker script and memory map

LOAD ../bsp//obj/HAL/src/crt0.o
LOAD obj/default/cruise.o
LOAD /opt/altera/13.0sp1/nios2eds/bin/gnu/H-i686-pc-linux-gnu/bin/../lib/gcc/nios2-elf/4.1.2/../../../../nios2-elf/lib/mno-hw-mul/libstdc++.a
LOAD /opt/altera/13.0sp1/nios2eds/bin/gnu/H-i686-pc-linux-gnu/bin/../lib/gcc/nios2-elf/4.1.2/../../../../nios2-elf/lib/mno-hw-mul/libm.a
LOAD /opt/altera/13.0sp1/nios2eds/bin/gnu/H-i686-pc-linux-gnu/bin/../lib/gcc/nios2-elf/4.1.2/mno-hw-mul/libgcc.a
START GROUP
LOAD /opt/altera/13.0sp1/nios2eds/bin/gnu/H-i686-pc-linux-gnu/bin/../lib/gcc/nios2-elf/4.1.2/../../../../nios2-elf/lib/mno-hw-mul/libc.a
LOAD /opt/altera/13.0sp1/nios2eds/bin/gnu/H-i686-pc-linux-gnu/bin/../lib/gcc/nios2-elf/4.1.2/mno-hw-mul/libgcc.a
LOAD ../bsp//libucosii_bsp.a
END GROUP
LOAD /opt/altera/13.0sp1/nios2eds/bin/gnu/H-i686-pc-linux-gnu/bin/../lib/gcc/nios2-elf/4.1.2/mno-hw-mul/libgcc.a
                0x00000000                __alt_mem_onchip_memory = 0x0
                0x00100000                __alt_mem_sram = 0x100000
                0x01000000                __alt_mem_sdram = 0x1000000

.entry          0x01000000       0x20
 *(.entry)
 .entry         0x01000000       0x20 ../bsp//obj/HAL/src/crt0.o
                0x01000000                __reset

.exceptions     0x01000020      0x124 load address 0x00100000
                0x01000020                PROVIDE (__ram_exceptions_start, ABSOLUTE (.))
                0x01000020                . = ALIGN (0x20)
 *(.irq)
 *(.exceptions.entry.label)
 .exceptions.entry.label
                0x01000020        0x0 ../bsp//libucosii_bsp.a(alt_irq_entry.o)
                0x01000020                alt_irq_entry
 .exceptions.entry.label
                0x01000020        0x0 ../bsp//libucosii_bsp.a(alt_exception_entry.o)
                0x01000020                alt_exception
 *(.exceptions.entry.user)
 *(.exceptions.entry)
 .exceptions.entry
                0x01000020       0x54 ../bsp//libucosii_bsp.a(alt_exception_entry.o)
 *(.exceptions.irqtest.user)
 *(.exceptions.irqtest)
 .exceptions.irqtest
                0x01000074       0x10 ../bsp//libucosii_bsp.a(alt_irq_entry.o)
 *(.exceptions.irqhandler.user)
 *(.exceptions.irqhandler)
 .exceptions.irqhandler
                0x01000084        0x4 ../bsp//libucosii_bsp.a(alt_irq_entry.o)
 *(.exceptions.irqreturn.user)
 *(.exceptions.irqreturn)
 .exceptions.irqreturn
                0x01000088        0x4 ../bsp//libucosii_bsp.a(alt_irq_entry.o)
 *(.exceptions.notirq.label)
 .exceptions.notirq.label
                0x0100008c        0x0 ../bsp//libucosii_bsp.a(alt_irq_entry.o)
 *(.exceptions.notirq.user)
 *(.exceptions.notirq)
 .exceptions.notirq
                0x0100008c        0x8 ../bsp//libucosii_bsp.a(alt_exception_entry.o)
 *(.exceptions.soft.user)
 *(.exceptions.soft)
 *(.exceptions.unknown.user)
 *(.exceptions.unknown)
 .exceptions.unknown
                0x01000094        0x4 ../bsp//libucosii_bsp.a(alt_exception_entry.o)
 *(.exceptions.exit.label)
 .exceptions.exit.label
                0x01000098        0x0 ../bsp//libucosii_bsp.a(alt_irq_entry.o)
 .exceptions.exit.label
                0x01000098        0x0 ../bsp//libucosii_bsp.a(alt_exception_entry.o)
 *(.exceptions.exit.user)
 *(.exceptions.exit)
 .exceptions.exit
                0x01000098       0x54 ../bsp//libucosii_bsp.a(alt_exception_entry.o)
 *(.exceptions)
 .exceptions    0x010000ec       0x58 ../bsp//libucosii_bsp.a(alt_irq_handler.o)
                0x010000ec                alt_irq_handler
                0x01000144                PROVIDE (__ram_exceptions_end, ABSOLUTE (.))
                0x00100000                PROVIDE (__flash_exceptions_start, LOADADDR (.exceptions))

.text           0x00100124    0x127c0
                0x00100124                PROVIDE (stext, ABSOLUTE (.))
 *(.interp)
 *(.hash)
 *(.dynsym)
 *(.dynstr)
 *(.gnu.version)
 *(.gnu.version_d)
 *(.gnu.version_r)
 *(.rel.init)
 *(.rela.init)
 *(.rel.text .rel.text.* .rel.gnu.linkonce.t.*)
 *(.rela.text .rela.text.* .rela.gnu.linkonce.t.*)
 *(.rel.fini)
 *(.rela.fini)
 *(.rel.rodata .rel.rodata.* .rel.gnu.linkonce.r.*)
 *(.rela.rodata .rela.rodata.* .rela.gnu.linkonce.r.*)
 *(.rel.data .rel.data.* .rel.gnu.linkonce.d.*)
 *(.rela.data .rela.data.* .rela.gnu.linkonce.d.*)
 *(.rel.tdata .rel.tdata.* .rel.gnu.linkonce.td.*)
 *(.rela.tdata .rela.tdata.* .rela.gnu.linkonce.td.*)
 *(.rel.tbss .rel.tbss.* .rel.gnu.linkonce.tb.*)
 *(.rela.tbss .rela.tbss.* .rela.gnu.linkonce.tb.*)
 *(.rel.ctors)
 *(.rela.ctors)
 *(.rel.dtors)
 *(.rela.dtors)
 *(.rel.got)
 *(.rela.got)
 *(.rel.sdata .rel.sdata.* .rel.gnu.linkonce.s.*)
 *(.rela.sdata .rela.sdata.* .rela.gnu.linkonce.s.*)
 *(.rel.sbss .rel.sbss.* .rel.gnu.linkonce.sb.*)
 *(.rela.sbss .rela.sbss.* .rela.gnu.linkonce.sb.*)
 *(.rel.sdata2 .rel.sdata2.* .rel.gnu.linkonce.s2.*)
 *(.rela.sdata2 .rela.sdata2.* .rela.gnu.linkonce.s2.*)
 *(.rel.sbss2 .rel.sbss2.* .rel.gnu.linkonce.sb2.*)
 *(.rela.sbss2 .rela.sbss2.* .rela.gnu.linkonce.sb2.*)
 *(.rel.bss .rel.bss.* .rel.gnu.linkonce.b.*)
 *(.rela.bss .rela.bss.* .rela.gnu.linkonce.b.*)
 *(.rel.plt)
 *(.rela.plt)
 *(.rel.dyn)
 *(.init)
 *(.plt)
 *(.text .stub .text.* .gnu.linkonce.t.*)
 .text          0x00100124       0x3c ../bsp//obj/HAL/src/crt0.o
                0x00100124                _start
 .text          0x00100160     0x1354 obj/default/cruise.o
                0x00100160                buttons_pressed
                0x00100188                switches_pressed
                0x001001ac                alarm_handler
                0x001001dc                int2seven
                0x00100218                show_velocity_on_sevenseg
                0x00100308                show_target_velocity
                0x001003d0                show_position
                0x00100434                Timer_Vehicle_CallbackSemPost
                0x00100464                Timer_Control_CallbackSemPost
                0x00100494                Timer_SwitchIO_CallbackSemPost
                0x001004c4                Timer_KeyIO_CallbackSemPost
                0x001004f4                Timer_OverloadDetection_CallbackSemPost
                0x00100524                Timer_ExtraLoad_CallbackSemPost
                0x00100554                VehicleTask
                0x00100920                ControlTask
                0x00100c0c                SwitchIOTask
                0x00100d18                KeyIOTask
                0x00100e08                OverloadDetectionTask
                0x00100e48                WatchdogTask
                0x00100eb0                ExtraLoadTask
                0x00100f78                StartTask
                0x00101438                main
 .text          0x001014b4      0x504 /opt/altera/13.0sp1/nios2eds/bin/gnu/H-i686-pc-linux-gnu/bin/../lib/gcc/nios2-elf/4.1.2/mno-hw-mul/libgcc.a(_addsub_df.o)
                0x001018c4                __subdf3
                0x00101944                __adddf3
 .text          0x001019b8      0x258 /opt/altera/13.0sp1/nios2eds/bin/gnu/H-i686-pc-linux-gnu/bin/../lib/gcc/nios2-elf/4.1.2/mno-hw-mul/libgcc.a(_div_df.o)
                0x001019b8                __divdf3
 .text          0x00101c10       0xf8 /opt/altera/13.0sp1/nios2eds/bin/gnu/H-i686-pc-linux-gnu/bin/../lib/gcc/nios2-elf/4.1.2/mno-hw-mul/libgcc.a(_si_to_df.o)
                0x00101c10                __floatsidf
 .text          0x00101d08       0xd8 /opt/altera/13.0sp1/nios2eds/bin/gnu/H-i686-pc-linux-gnu/bin/../lib/gcc/nios2-elf/4.1.2/mno-hw-mul/libgcc.a(_df_to_si.o)
                0x00101d08                __fixdfsi
 .text          0x00101de0        0x0 /opt/altera/13.0sp1/nios2eds/bin/gnu/H-i686-pc-linux-gnu/bin/../lib/gcc/nios2-elf/4.1.2/mno-hw-mul/libgcc.a(_thenan_df.o)
 .text          0x00101de0      0x14c /opt/altera/13.0sp1/nios2eds/bin/gnu/H-i686-pc-linux-gnu/bin/../lib/gcc/nios2-elf/4.1.2/mno-hw-mul/libgcc.a(lib2-divmod.o)
                0x00101e5c                __divsi3
                0x00101ebc                __modsi3
                0x00101f1c                __udivsi3
                0x00101f24                __umodsi3
 .text          0x00101f2c       0x38 /opt/altera/13.0sp1/nios2eds/bin/gnu/H-i686-pc-linux-gnu/bin/../lib/gcc/nios2-elf/4.1.2/mno-hw-mul/libgcc.a(lib2-mul.o)
                0x00101f2c                __mulsi3
 .text          0x00101f64       0x80 /opt/altera/13.0sp1/nios2eds/bin/gnu/H-i686-pc-linux-gnu/bin/../lib/gcc/nios2-elf/4.1.2/mno-hw-mul/libgcc.a(_clzsi2.o)
                0x00101f64                __clzsi2
 .text          0x00101fe4      0x314 /opt/altera/13.0sp1/nios2eds/bin/gnu/H-i686-pc-linux-gnu/bin/../lib/gcc/nios2-elf/4.1.2/mno-hw-mul/libgcc.a(_pack_df.o)
                0x00101fe4                __pack_d
 .text          0x001022f8      0x138 /opt/altera/13.0sp1/nios2eds/bin/gnu/H-i686-pc-linux-gnu/bin/../lib/gcc/nios2-elf/4.1.2/mno-hw-mul/libgcc.a(_unpack_df.o)
                0x001022f8                __unpack_d
 .text          0x00102430        0x0 /opt/altera/13.0sp1/nios2eds/bin/gnu/H-i686-pc-linux-gnu/bin/../lib/gcc/nios2-elf/4.1.2/mno-hw-mul/libgcc.a(_clz.o)
 .text          0x00102430       0x78 /opt/altera/13.0sp1/nios2eds/bin/gnu/H-i686-pc-linux-gnu/bin/../lib/gcc/nios2-elf/4.1.2/../../../../nios2-elf/lib/mno-hw-mul/libc.a(lib_a-printf.o)
                0x00102430                printf
                0x00102474                _printf_r
 .text          0x001024a8       0x24 /opt/altera/13.0sp1/nios2eds/bin/gnu/H-i686-pc-linux-gnu/bin/../lib/gcc/nios2-elf/4.1.2/../../../../nios2-elf/lib/mno-hw-mul/libc.a(lib_a-putchar.o)
                0x001024a8                putchar
                0x001024c4                _putchar_r
 .text          0x001024cc       0xb4 /opt/altera/13.0sp1/nios2eds/bin/gnu/H-i686-pc-linux-gnu/bin/../lib/gcc/nios2-elf/4.1.2/../../../../nios2-elf/lib/mno-hw-mul/libc.a(lib_a-puts.o)
                0x001024cc                _puts_r
                0x0010256c                puts
 .text          0x00102580       0x74 /opt/altera/13.0sp1/nios2eds/bin/gnu/H-i686-pc-linux-gnu/bin/../lib/gcc/nios2-elf/4.1.2/../../../../nios2-elf/lib/mno-hw-mul/libc.a(lib_a-strlen.o)
                0x00102580                strlen
 .text          0x001025f4     0x1f40 /opt/altera/13.0sp1/nios2eds/bin/gnu/H-i686-pc-linux-gnu/bin/../lib/gcc/nios2-elf/4.1.2/../../../../nios2-elf/lib/mno-hw-mul/libc.a(lib_a-vfprintf.o)
                0x0010264c                ___vfprintf_internal_r
                0x00104510                __vfprintf_internal
 .text          0x00104534      0x13c /opt/altera/13.0sp1/nios2eds/bin/gnu/H-i686-pc-linux-gnu/bin/../lib/gcc/nios2-elf/4.1.2/../../../../nios2-elf/lib/mno-hw-mul/libc.a(lib_a-wsetup.o)
                0x00104534                __swsetup_r
 .text          0x00104670     0x17f8 /opt/altera/13.0sp1/nios2eds/bin/gnu/H-i686-pc-linux-gnu/bin/../lib/gcc/nios2-elf/4.1.2/../../../../nios2-elf/lib/mno-hw-mul/libc.a(lib_a-dtoa.o)
                0x001048b4                _dtoa_r
 .text          0x00105e68      0x230 /opt/altera/13.0sp1/nios2eds/bin/gnu/H-i686-pc-linux-gnu/bin/../lib/gcc/nios2-elf/4.1.2/../../../../nios2-elf/lib/mno-hw-mul/libc.a(lib_a-fflush.o)
                0x00105e68                _fflush_r
                0x00106064                fflush
 .text          0x00106098      0x2f4 /opt/altera/13.0sp1/nios2eds/bin/gnu/H-i686-pc-linux-gnu/bin/../lib/gcc/nios2-elf/4.1.2/../../../../nios2-elf/lib/mno-hw-mul/libc.a(lib_a-findfp.o)
                0x001060f0                __sfp_lock_acquire
                0x001060f4                __sfp_lock_release
                0x001060f8                __sinit_lock_acquire
                0x001060fc                __sinit_lock_release
                0x00106100                __sinit
                0x001061b4                __fp_unlock_all
                0x001061cc                __fp_lock_all
                0x001061e4                _cleanup_r
                0x001061f0                _cleanup
                0x00106200                __sfmoreglue
                0x0010629c                __sfp
 .text          0x0010638c      0x440 /opt/altera/13.0sp1/nios2eds/bin/gnu/H-i686-pc-linux-gnu/bin/../lib/gcc/nios2-elf/4.1.2/../../../../nios2-elf/lib/mno-hw-mul/libc.a(lib_a-freer.o)
                0x0010638c                _malloc_trim_r
                0x001064b8                _free_r
 .text          0x001067cc      0x49c /opt/altera/13.0sp1/nios2eds/bin/gnu/H-i686-pc-linux-gnu/bin/../lib/gcc/nios2-elf/4.1.2/../../../../nios2-elf/lib/mno-hw-mul/libc.a(lib_a-fvwrite.o)
                0x001067cc                __sfvwrite_r
 .text          0x00106c68      0x180 /opt/altera/13.0sp1/nios2eds/bin/gnu/H-i686-pc-linux-gnu/bin/../lib/gcc/nios2-elf/4.1.2/../../../../nios2-elf/lib/mno-hw-mul/libc.a(lib_a-fwalk.o)
                0x00106c68                _fwalk_reent
                0x00106d30                _fwalk
 .text          0x00106de8        0x0 /opt/altera/13.0sp1/nios2eds/bin/gnu/H-i686-pc-linux-gnu/bin/../lib/gcc/nios2-elf/4.1.2/../../../../nios2-elf/lib/mno-hw-mul/libc.a(lib_a-impure.o)
 .text          0x00106de8       0xc4 /opt/altera/13.0sp1/nios2eds/bin/gnu/H-i686-pc-linux-gnu/bin/../lib/gcc/nios2-elf/4.1.2/../../../../nios2-elf/lib/mno-hw-mul/libc.a(lib_a-locale.o)
                0x00106de8                __locale_charset
                0x00106df0                _localeconv_r
                0x00106dfc                localeconv
                0x00106e0c                _setlocale_r
                0x00106e90                setlocale
 .text          0x00106eac      0x194 /opt/altera/13.0sp1/nios2eds/bin/gnu/H-i686-pc-linux-gnu/bin/../lib/gcc/nios2-elf/4.1.2/../../../../nios2-elf/lib/mno-hw-mul/libc.a(lib_a-makebuf.o)
                0x00106eac                __smakebuf_r
 .text          0x00107040      0x740 /opt/altera/13.0sp1/nios2eds/bin/gnu/H-i686-pc-linux-gnu/bin/../lib/gcc/nios2-elf/4.1.2/../../../../nios2-elf/lib/mno-hw-mul/libc.a(lib_a-mallocr.o)
                0x00107040                _malloc_r
 .text          0x00107780       0xe4 /opt/altera/13.0sp1/nios2eds/bin/gnu/H-i686-pc-linux-gnu/bin/../lib/gcc/nios2-elf/4.1.2/../../../../nios2-elf/lib/mno-hw-mul/libc.a(lib_a-memchr.o)
                0x00107780                memchr
 .text          0x00107864       0xa0 /opt/altera/13.0sp1/nios2eds/bin/gnu/H-i686-pc-linux-gnu/bin/../lib/gcc/nios2-elf/4.1.2/../../../../nios2-elf/lib/mno-hw-mul/libc.a(lib_a-memcpy.o)
                0x00107864                memcpy
 .text          0x00107904       0xe0 /opt/altera/13.0sp1/nios2eds/bin/gnu/H-i686-pc-linux-gnu/bin/../lib/gcc/nios2-elf/4.1.2/../../../../nios2-elf/lib/mno-hw-mul/libc.a(lib_a-memmove.o)
                0x00107904                memmove
 .text          0x001079e4       0x98 /opt/altera/13.0sp1/nios2eds/bin/gnu/H-i686-pc-linux-gnu/bin/../lib/gcc/nios2-elf/4.1.2/../../../../nios2-elf/lib/mno-hw-mul/libc.a(lib_a-memset.o)
                0x001079e4                memset
 .text          0x00107a7c     0x108c /opt/altera/13.0sp1/nios2eds/bin/gnu/H-i686-pc-linux-gnu/bin/../lib/gcc/nios2-elf/4.1.2/../../../../nios2-elf/lib/mno-hw-mul/libc.a(lib_a-mprec.o)
                0x00107a7c                _Bfree
                0x00107aa4                __hi0bits
                0x00107b14                __lo0bits
                0x00107bd8                __mcmp
                0x00107c38                __ulp
                0x00107cb8                __b2d
                0x00107dd8                __ratio
                0x00107e88                _mprec_log10
                0x00107f1c                __copybits
                0x00107f74                __any_on
                0x00107ffc                _Balloc
                0x001080b8                __d2b
                0x00108234                __mdiff
                0x001083c0                __lshift
                0x0010850c                __multiply
                0x00108760                __i2b
                0x0010879c                __multadd
                0x001088c8                __pow5mult
                0x001089e8                __s2b
 .text          0x00108b08      0x1ec /opt/altera/13.0sp1/nios2eds/bin/gnu/H-i686-pc-linux-gnu/bin/../lib/gcc/nios2-elf/4.1.2/../../../../nios2-elf/lib/mno-hw-mul/libc.a(lib_a-putc.o)
                0x00108b08                putc
                0x00108c0c                _putc_r
 .text          0x00108cf4      0x5f4 /opt/altera/13.0sp1/nios2eds/bin/gnu/H-i686-pc-linux-gnu/bin/../lib/gcc/nios2-elf/4.1.2/../../../../nios2-elf/lib/mno-hw-mul/libc.a(lib_a-reallocr.o)
                0x00108cf4                _realloc_r
 .text          0x001092e8       0x40 /opt/altera/13.0sp1/nios2eds/bin/gnu/H-i686-pc-linux-gnu/bin/../lib/gcc/nios2-elf/4.1.2/../../../../nios2-elf/lib/mno-hw-mul/libc.a(lib_a-s_isinfd.o)
                0x001092e8                __isinfd
 .text          0x00109328       0x30 /opt/altera/13.0sp1/nios2eds/bin/gnu/H-i686-pc-linux-gnu/bin/../lib/gcc/nios2-elf/4.1.2/../../../../nios2-elf/lib/mno-hw-mul/libc.a(lib_a-s_isnand.o)
                0x00109328                __isnand
 .text          0x00109358       0x70 /opt/altera/13.0sp1/nios2eds/bin/gnu/H-i686-pc-linux-gnu/bin/../lib/gcc/nios2-elf/4.1.2/../../../../nios2-elf/lib/mno-hw-mul/libc.a(lib_a-sbrkr.o)
                0x00109358                _sbrk_r
 .text          0x001093c8      0x14c /opt/altera/13.0sp1/nios2eds/bin/gnu/H-i686-pc-linux-gnu/bin/../lib/gcc/nios2-elf/4.1.2/../../../../nios2-elf/lib/mno-hw-mul/libc.a(lib_a-stdio.o)
                0x001093c8                __sclose
                0x001093d0                __sseek
                0x00109438                __swrite
                0x001094b4                __sread
 .text          0x00109514       0xbc /opt/altera/13.0sp1/nios2eds/bin/gnu/H-i686-pc-linux-gnu/bin/../lib/gcc/nios2-elf/4.1.2/../../../../nios2-elf/lib/mno-hw-mul/libc.a(lib_a-strcmp.o)
                0x00109514                strcmp
 .text          0x001095d0      0x14c /opt/altera/13.0sp1/nios2eds/bin/gnu/H-i686-pc-linux-gnu/bin/../lib/gcc/nios2-elf/4.1.2/../../../../nios2-elf/lib/mno-hw-mul/libc.a(lib_a-wbuf.o)
                0x001095d0                __swbuf_r
                0x00109700                __swbuf
 .text          0x0010971c       0x78 /opt/altera/13.0sp1/nios2eds/bin/gnu/H-i686-pc-linux-gnu/bin/../lib/gcc/nios2-elf/4.1.2/../../../../nios2-elf/lib/mno-hw-mul/libc.a(lib_a-writer.o)
                0x0010971c                _write_r
 .text          0x00109794       0xc8 /opt/altera/13.0sp1/nios2eds/bin/gnu/H-i686-pc-linux-gnu/bin/../lib/gcc/nios2-elf/4.1.2/../../../../nios2-elf/lib/mno-hw-mul/libc.a(lib_a-callocr.o)
                0x00109794                _calloc_r
 .text          0x0010985c       0x70 /opt/altera/13.0sp1/nios2eds/bin/gnu/H-i686-pc-linux-gnu/bin/../lib/gcc/nios2-elf/4.1.2/../../../../nios2-elf/lib/mno-hw-mul/libc.a(lib_a-closer.o)
                0x0010985c                _close_r
 .text          0x001098cc      0x124 /opt/altera/13.0sp1/nios2eds/bin/gnu/H-i686-pc-linux-gnu/bin/../lib/gcc/nios2-elf/4.1.2/../../../../nios2-elf/lib/mno-hw-mul/libc.a(lib_a-fclose.o)
                0x001098cc                _fclose_r
                0x001099dc                fclose
 .text          0x001099f0       0x74 /opt/altera/13.0sp1/nios2eds/bin/gnu/H-i686-pc-linux-gnu/bin/../lib/gcc/nios2-elf/4.1.2/../../../../nios2-elf/lib/mno-hw-mul/libc.a(lib_a-fstatr.o)
                0x001099f0                _fstat_r
 .text          0x00109a64        0x0 /opt/altera/13.0sp1/nios2eds/bin/gnu/H-i686-pc-linux-gnu/bin/../lib/gcc/nios2-elf/4.1.2/../../../../nios2-elf/lib/mno-hw-mul/libc.a(lib_a-int_errno.o)
 .text          0x00109a64       0x70 /opt/altera/13.0sp1/nios2eds/bin/gnu/H-i686-pc-linux-gnu/bin/../lib/gcc/nios2-elf/4.1.2/../../../../nios2-elf/lib/mno-hw-mul/libc.a(lib_a-isattyr.o)
                0x00109a64                _isatty_r
 .text          0x00109ad4       0x78 /opt/altera/13.0sp1/nios2eds/bin/gnu/H-i686-pc-linux-gnu/bin/../lib/gcc/nios2-elf/4.1.2/../../../../nios2-elf/lib/mno-hw-mul/libc.a(lib_a-lseekr.o)
                0x00109ad4                _lseek_r
 .text          0x00109b4c       0x78 /opt/altera/13.0sp1/nios2eds/bin/gnu/H-i686-pc-linux-gnu/bin/../lib/gcc/nios2-elf/4.1.2/../../../../nios2-elf/lib/mno-hw-mul/libc.a(lib_a-readr.o)
                0x00109b4c                _read_r
 .text          0x00109bc4      0x66c /opt/altera/13.0sp1/nios2eds/bin/gnu/H-i686-pc-linux-gnu/bin/../lib/gcc/nios2-elf/4.1.2/mno-hw-mul/libgcc.a(_udivdi3.o)
                0x00109bc4                __udivdi3
 .text          0x0010a230      0x660 /opt/altera/13.0sp1/nios2eds/bin/gnu/H-i686-pc-linux-gnu/bin/../lib/gcc/nios2-elf/4.1.2/mno-hw-mul/libgcc.a(_umoddi3.o)
                0x0010a230                __umoddi3
 .text          0x0010a890      0x3c4 /opt/altera/13.0sp1/nios2eds/bin/gnu/H-i686-pc-linux-gnu/bin/../lib/gcc/nios2-elf/4.1.2/mno-hw-mul/libgcc.a(_mul_df.o)
                0x0010a890                __muldf3
 .text          0x0010ac54       0x88 /opt/altera/13.0sp1/nios2eds/bin/gnu/H-i686-pc-linux-gnu/bin/../lib/gcc/nios2-elf/4.1.2/mno-hw-mul/libgcc.a(_eq_df.o)
                0x0010ac54                __eqdf2
 .text          0x0010acdc       0x88 /opt/altera/13.0sp1/nios2eds/bin/gnu/H-i686-pc-linux-gnu/bin/../lib/gcc/nios2-elf/4.1.2/mno-hw-mul/libgcc.a(_ne_df.o)
                0x0010acdc                __nedf2
 .text          0x0010ad64       0x88 /opt/altera/13.0sp1/nios2eds/bin/gnu/H-i686-pc-linux-gnu/bin/../lib/gcc/nios2-elf/4.1.2/mno-hw-mul/libgcc.a(_gt_df.o)
                0x0010ad64                __gtdf2
 .text          0x0010adec       0x88 /opt/altera/13.0sp1/nios2eds/bin/gnu/H-i686-pc-linux-gnu/bin/../lib/gcc/nios2-elf/4.1.2/mno-hw-mul/libgcc.a(_ge_df.o)
                0x0010adec                __gedf2
 .text          0x0010ae74       0x88 /opt/altera/13.0sp1/nios2eds/bin/gnu/H-i686-pc-linux-gnu/bin/../lib/gcc/nios2-elf/4.1.2/mno-hw-mul/libgcc.a(_lt_df.o)
                0x0010ae74                __ltdf2
 .text          0x0010aefc      0x194 /opt/altera/13.0sp1/nios2eds/bin/gnu/H-i686-pc-linux-gnu/bin/../lib/gcc/nios2-elf/4.1.2/mno-hw-mul/libgcc.a(_usi_to_df.o)
                0x0010aefc                __floatunsidf
 .text          0x0010b090      0x124 /opt/altera/13.0sp1/nios2eds/bin/gnu/H-i686-pc-linux-gnu/bin/../lib/gcc/nios2-elf/4.1.2/mno-hw-mul/libgcc.a(_muldi3.o)
                0x0010b090                __muldi3
 .text          0x0010b1b4       0xc8 /opt/altera/13.0sp1/nios2eds/bin/gnu/H-i686-pc-linux-gnu/bin/../lib/gcc/nios2-elf/4.1.2/mno-hw-mul/libgcc.a(_fpcmp_parts_df.o)
                0x0010b1b4                __fpcmp_parts_d
 .text          0x0010b27c       0x90 ../bsp//libucosii_bsp.a(alt_alarm_start.o)
                0x0010b27c                alt_alarm_start
 .text          0x0010b30c       0xbc ../bsp//libucosii_bsp.a(alt_close.o)
                0x0010b32c                close
 .text          0x0010b3c8        0x8 ../bsp//libucosii_bsp.a(alt_dev.o)
 .text          0x0010b3d0        0x0 ../bsp//libucosii_bsp.a(alt_errno.o)
 .text          0x0010b3d0       0x9c ../bsp//libucosii_bsp.a(alt_fstat.o)
                0x0010b3d0                fstat
 .text          0x0010b46c       0x94 ../bsp//libucosii_bsp.a(alt_isatty.o)
                0x0010b46c                isatty
 .text          0x0010b500       0x8c ../bsp//libucosii_bsp.a(alt_load.o)
                0x0010b520                alt_load
 .text          0x0010b58c       0xb8 ../bsp//libucosii_bsp.a(alt_lseek.o)
                0x0010b58c                lseek
 .text          0x0010b644       0xa8 ../bsp//libucosii_bsp.a(alt_main.o)
                0x0010b644                alt_main
 .text          0x0010b6ec       0xd8 ../bsp//libucosii_bsp.a(alt_read.o)
                0x0010b70c                read
 .text          0x0010b7c4       0x5c ../bsp//libucosii_bsp.a(alt_release_fd.o)
                0x0010b7c4                alt_release_fd
 .text          0x0010b820       0x50 ../bsp//libucosii_bsp.a(alt_sbrk.o)
                0x0010b820                sbrk
 .text          0x0010b870       0xe0 ../bsp//libucosii_bsp.a(alt_tick.o)
                0x0010b870                alt_alarm_stop
                0x0010b8a4                alt_tick
 .text          0x0010b950       0xd4 ../bsp//libucosii_bsp.a(alt_write.o)
                0x0010b970                write
 .text          0x0010ba24       0xa8 ../bsp//libucosii_bsp.a(alt_env_lock.o)
                0x0010ba24                __env_unlock
                0x0010ba4c                __env_lock
 .text          0x0010bacc      0x110 ../bsp//libucosii_bsp.a(alt_malloc_lock.o)
                0x0010bacc                __malloc_unlock
                0x0010bb28                __malloc_lock
 .text          0x0010bbdc     0x1118 ../bsp//libucosii_bsp.a(os_core.o)
                0x0010bbdc                OSVersion
                0x0010bbe4                OS_Dummy
                0x0010bbe8                OS_EventTaskWait
                0x0010bc6c                OS_EventTaskWaitMulti
                0x0010bd0c                OS_EventTaskRemove
                0x0010bd58                OS_EventTaskRemoveMulti
                0x0010bdb4                OS_EventTaskRdy
                0x0010bea8                OS_EventWaitListInit
                0x0010bec4                OS_MemClr
                0x0010bee0                OS_MemCopy
                0x0010bf04                OS_StrCopy
                0x0010bf30                OS_StrLen
                0x0010bf50                OS_TaskStatStkChk
                0x0010bfd4                OS_Sched
                0x0010c08c                OSStart
                0x0010c0f8                OSInit
                0x0010c2d8                OSEventNameGet
                0x0010c390                OSEventPendMulti
                0x0010c6e8                OSIntEnter
                0x0010c724                OSSchedLock
                0x0010c768                OSSchedUnlock
                0x0010c7bc                OSStatInit
                0x0010c820                OSTimeTick
                0x0010c92c                OS_TaskIdle
                0x0010c95c                OS_TaskStat
                0x0010c9e0                OS_TCBInit
                0x0010cb64                OSIntExit
                0x0010cc38                OSEventNameSet
 .text          0x0010ccf4        0x4 ../bsp//libucosii_bsp.a(os_dbg.o)
                0x0010ccf4                OSDebugInit
 .text          0x0010ccf8      0xc5c ../bsp//libucosii_bsp.a(os_flag.o)
                0x0010cdb0                OS_FlagUnlink
                0x0010ce7c                OS_FlagInit
                0x0010ceec                OSFlagQuery
                0x0010cf48                OSFlagAccept
                0x0010d0b8                OSFlagCreate
                0x0010d140                OSFlagDel
                0x0010d2a0                OSFlagNameGet
                0x0010d360                OSFlagNameSet
                0x0010d434                OSFlagPend
                0x0010d734                OSFlagPendGetFlagsRdy
                0x0010d760                OSFlagPost
 .text          0x0010d954      0x67c ../bsp//libucosii_bsp.a(os_mbox.o)
                0x0010d954                OSMboxQuery
                0x0010d9d0                OSMboxAccept
                0x0010da08                OSMboxCreate
                0x0010da94                OSMboxDel
                0x0010dbdc                OSMboxPend
                0x0010dd6c                OSMboxPendAbort
                0x0010de50                OSMboxPost
                0x0010deec                OSMboxPostOpt
 .text          0x0010dfd0      0x3b8 ../bsp//libucosii_bsp.a(os_mem.o)
                0x0010dfd0                OS_MemInit
                0x0010e038                OSMemQuery
                0x0010e09c                OSMemCreate
                0x0010e16c                OSMemGet
                0x0010e1d8                OSMemNameGet
                0x0010e274                OSMemNameSet
                0x0010e330                OSMemPut
 .text          0x0010e388      0x9c4 ../bsp//libucosii_bsp.a(os_q.o)
                0x0010e388                OS_QInit
                0x0010e3d8                OSQQuery
                0x0010e470                OSQAccept
                0x0010e50c                OSQCreate
                0x0010e60c                OSQDel
                0x0010e790                OSQFlush
                0x0010e7e0                OSQPend
                0x0010e9a0                OSQPendAbort
                0x0010ea88                OSQPost
                0x0010eb44                OSQPostFront
                0x0010ec08                OSQPostOpt
 .text          0x0010ed4c      0x5e0 ../bsp//libucosii_bsp.a(os_sem.o)
                0x0010ed4c                OSSemSet
                0x0010edb0                OSSemAccept
                0x0010edf4                OSSemCreate
                0x0010ee80                OSSemDel
                0x0010efd4                OSSemPend
                0x0010f13c                OSSemPendAbort
                0x0010f228                OSSemPost
                0x0010f2c4                OSSemQuery
 .text          0x0010f32c      0xe74 ../bsp//libucosii_bsp.a(os_task.o)
                0x0010f32c                OS_TaskStkClr
                0x0010f35c                OSTaskQuery
                0x0010f424                OSTaskChangePrio
                0x0010f6c0                OSTaskCreate
                0x0010f7cc                OSTaskCreateExt
                0x0010f944                OSTaskDel
                0x0010fb90                OSTaskDelReq
                0x0010fc44                OSTaskNameGet
                0x0010fd4c                OSTaskNameSet
                0x0010fe68                OSTaskResume
                0x0010ff6c                OSTaskStkChk
                0x0011005c                OSTaskSuspend
 .text          0x001101a0      0x378 ../bsp//libucosii_bsp.a(os_time.o)
                0x001101a0                OSTimeSet
                0x001101c4                OSTimeDly
                0x0011025c                OSTimeDlyHMSM
                0x001103fc                OSTimeDlyResume
                0x001104f4                OSTimeGet
 .text          0x00110518      0xb94 ../bsp//libucosii_bsp.a(os_tmr.o)
                0x00110684                OSTmr_Init
                0x001108e0                OSTmrStop
                0x00110a3c                OSTmrStart
                0x00110b40                OSTmrStateGet
                0x00110be8                OSTmrRemainGet
                0x00110d00                OSTmrDel
                0x00110dfc                OSTmrSignal
                0x00110e24                OSTmrNameGet
                0x00110f10                OSTmrCreate
 .text          0x001110ac       0x9c ../bsp//libucosii_bsp.a(alt_sys_init.o)
                0x001110b8                alt_sys_init
                0x00111128                alt_irq_init
 .text          0x00111148       0x3c ../bsp//libucosii_bsp.a(altera_avalon_jtag_uart_fd.o)
                0x00111148                altera_avalon_jtag_uart_ioctl_fd
                0x00111154                altera_avalon_jtag_uart_close_fd
                0x00111164                altera_avalon_jtag_uart_write_fd
                0x00111174                altera_avalon_jtag_uart_read_fd
 .text          0x00111184      0x2f4 ../bsp//libucosii_bsp.a(altera_avalon_jtag_uart_init.o)
                0x00111184                altera_avalon_jtag_uart_close
                0x00111244                altera_avalon_jtag_uart_init
 .text          0x00111478       0x7c ../bsp//libucosii_bsp.a(altera_avalon_jtag_uart_ioctl.o)
                0x00111478                altera_avalon_jtag_uart_ioctl
 .text          0x001114f4      0x1ac ../bsp//libucosii_bsp.a(altera_avalon_jtag_uart_read.o)
                0x001114f4                altera_avalon_jtag_uart_read
 .text          0x001116a0      0x1b8 ../bsp//libucosii_bsp.a(altera_avalon_jtag_uart_write.o)
                0x001116a0                altera_avalon_jtag_uart_write
 .text          0x00111858       0x8c ../bsp//libucosii_bsp.a(altera_avalon_timer_sc.o)
                0x00111858                alt_avalon_timer_sc_init
 .text          0x001118e4      0x250 ../bsp//libucosii_bsp.a(altera_up_avalon_character_lcd.o)
                0x001118e4                get_DDRAM_addr
                0x001118fc                alt_up_character_lcd_string
                0x00111918                alt_up_character_lcd_write
                0x0011193c                alt_up_character_lcd_write_fd
                0x0011195c                alt_up_character_lcd_init
                0x0011196c                alt_up_character_lcd_send_cmd
                0x0011197c                alt_up_character_lcd_cursor_blink_on
                0x00111984                alt_up_character_lcd_cursor_off
                0x0011198c                alt_up_character_lcd_erase_pos
                0x001119f0                alt_up_character_lcd_shift_display
                0x00111a60                alt_up_character_lcd_shift_cursor
                0x00111ad0                alt_up_character_lcd_set_cursor_pos
                0x00111b28                alt_up_character_lcd_open_dev
 .text          0x00111b34        0x4 ../bsp//libucosii_bsp.a(alt_dcache_flush_all.o)
                0x00111b34                alt_dcache_flush_all
 .text          0x00111b38       0x70 ../bsp//libucosii_bsp.a(alt_dev_llist_insert.o)
                0x00111b38                alt_dev_llist_insert
 .text          0x00111ba8       0x40 ../bsp//libucosii_bsp.a(alt_do_ctors.o)
                0x00111ba8                _do_ctors
 .text          0x00111be8       0x40 ../bsp//libucosii_bsp.a(alt_do_dtors.o)
                0x00111be8                _do_dtors
 .text          0x00111c28       0x70 ../bsp//libucosii_bsp.a(alt_find_dev.o)
                0x00111c28                alt_find_dev
 .text          0x00111c98        0x4 ../bsp//libucosii_bsp.a(alt_icache_flush_all.o)
                0x00111c98                alt_icache_flush_all
 .text          0x00111c9c       0x9c ../bsp//libucosii_bsp.a(alt_iic.o)
                0x00111c9c                alt_ic_irq_enabled
                0x00111cb4                alt_ic_irq_enable
                0x00111cf4                alt_ic_irq_disable
                0x00111d34                alt_ic_isr_register
 .text          0x00111d38       0x6c ../bsp//libucosii_bsp.a(alt_iic_isr_register.o)
                0x00111d38                alt_iic_isr_register
 .text          0x00111da4      0x114 ../bsp//libucosii_bsp.a(alt_io_redirect.o)
                0x00111e2c                alt_io_redirect
 .text          0x00111eb8        0x0 ../bsp//libucosii_bsp.a(alt_irq_entry.o)
 .text          0x00111eb8        0x0 ../bsp//libucosii_bsp.a(alt_irq_handler.o)
 .text          0x00111eb8        0x0 ../bsp//libucosii_bsp.a(alt_irq_vars.o)
 .text          0x00111eb8      0x17c ../bsp//libucosii_bsp.a(alt_open.o)
                0x00111eb8                open
 .text          0x00112034        0x8 ../bsp//libucosii_bsp.a(altera_nios2_qsys_irq.o)
                0x00112034                altera_nios2_qsys_irq_init
 .text          0x0011203c       0xd0 ../bsp//libucosii_bsp.a(os_cpu_a.o)
                0x0011203c                OSCtxSw
                0x0011203c                OSIntCtxSw
                0x001120c8                OSStartHighRdy
                0x001120e8                OSStartTsk
 .text          0x0011210c      0x228 ../bsp//libucosii_bsp.a(os_cpu_c.o)
                0x0011210c                OSTaskCreateHook
                0x00112110                OSTaskDelHook
                0x00112114                OSTaskSwHook
                0x00112118                OSTaskStatHook
                0x0011211c                OSInitHookBegin
                0x00112124                OSInitHookEnd
                0x00112128                OSTaskIdleHook
                0x0011212c                OSTCBInitHook
                0x00112130                OSTimeTickHook
                0x00112188                OSTaskStkInit
 .text          0x00112334        0x0 ../bsp//libucosii_bsp.a(alt_exception_entry.o)
 .text          0x00112334       0x9c ../bsp//libucosii_bsp.a(alt_find_file.o)
                0x00112334                alt_find_file
 .text          0x001123d0       0xa4 ../bsp//libucosii_bsp.a(alt_get_fd.o)
                0x001123d0                alt_get_fd
 .text          0x00112474       0x14 /opt/altera/13.0sp1/nios2eds/bin/gnu/H-i686-pc-linux-gnu/bin/../lib/gcc/nios2-elf/4.1.2/../../../../nios2-elf/lib/mno-hw-mul/libc.a(lib_a-atexit.o)
                0x00112474                atexit
 .text          0x00112488       0x38 /opt/altera/13.0sp1/nios2eds/bin/gnu/H-i686-pc-linux-gnu/bin/../lib/gcc/nios2-elf/4.1.2/../../../../nios2-elf/lib/mno-hw-mul/libc.a(lib_a-exit.o)
                0x00112488                exit
 .text          0x001124c0       0x74 /opt/altera/13.0sp1/nios2eds/bin/gnu/H-i686-pc-linux-gnu/bin/../lib/gcc/nios2-elf/4.1.2/../../../../nios2-elf/lib/mno-hw-mul/libc.a(lib_a-memcmp.o)
                0x001124c0                memcmp
 .text          0x00112534      0x134 /opt/altera/13.0sp1/nios2eds/bin/gnu/H-i686-pc-linux-gnu/bin/../lib/gcc/nios2-elf/4.1.2/../../../../nios2-elf/lib/mno-hw-mul/libc.a(lib_a-__atexit.o)
                0x00112534                __register_exitproc
 .text          0x00112668      0x1b4 /opt/altera/13.0sp1/nios2eds/bin/gnu/H-i686-pc-linux-gnu/bin/../lib/gcc/nios2-elf/4.1.2/../../../../nios2-elf/lib/mno-hw-mul/libc.a(lib_a-__call_atexit.o)
                0x0011266c                __call_exitprocs
 .text          0x0011281c       0xa4 /opt/altera/13.0sp1/nios2eds/bin/gnu/H-i686-pc-linux-gnu/bin/../lib/gcc/nios2-elf/4.1.2/mno-hw-mul/libgcc.a(_fixunsdfsi.o)
                0x0011281c                __fixunsdfsi
 .text          0x001128c0       0x20 ../bsp//libucosii_bsp.a(alt_exit.o)
                0x001128c0                _exit
 *(.gnu.warning.*)
 *(.fini)
                0x001128e0                PROVIDE (__etext, ABSOLUTE (.))
                0x001128e0                PROVIDE (_etext, ABSOLUTE (.))
                0x001128e0                PROVIDE (etext, ABSOLUTE (.))
 *(.eh_frame_hdr)
                0x001128e0                . = ALIGN (0x4)
                0x001128e0                PROVIDE (__preinit_array_start, ABSOLUTE (.))
 *(.preinit_array)
                0x001128e0                PROVIDE (__preinit_array_end, ABSOLUTE (.))
                0x001128e0                PROVIDE (__init_array_start, ABSOLUTE (.))
 *(.init_array)
                0x001128e0                PROVIDE (__init_array_end, ABSOLUTE (.))
                0x001128e0                PROVIDE (__fini_array_start, ABSOLUTE (.))
 *(.fini_array)
                0x001128e0                PROVIDE (__fini_array_end, ABSOLUTE (.))
 *(.eh_frame)
 *(.gcc_except_table)
 *(.dynamic)
                0x001128e0                PROVIDE (__CTOR_LIST__, ABSOLUTE (.))
 *(.ctors)
 *(SORT(.ctors.*))
 .ctors.65535   0x001128e0        0x4 /opt/altera/13.0sp1/nios2eds/bin/gnu/H-i686-pc-linux-gnu/bin/../lib/gcc/nios2-elf/4.1.2/../../../../nios2-elf/lib/mno-hw-mul/libc.a(lib_a-__call_atexit.o)
                0x001128e4                PROVIDE (__CTOR_END__, ABSOLUTE (.))
                0x001128e4                PROVIDE (__DTOR_LIST__, ABSOLUTE (.))
 *(.dtors)
 *(SORT(.dtors.*))
                0x001128e4                PROVIDE (__DTOR_END__, ABSOLUTE (.))
 *(.jcr)
                0x001128e4                . = ALIGN (0x4)

.rodata         0x001128e4      0x620
                0x001128e4                PROVIDE (__ram_rodata_start, ABSOLUTE (.))
                0x001128e4                . = ALIGN (0x4)
 *(.rodata .rodata.* .gnu.linkonce.r.*)
 .rodata        0x001128e4      0x188 obj/default/cruise.o
 .rodata        0x00112a6c       0x14 /opt/altera/13.0sp1/nios2eds/bin/gnu/H-i686-pc-linux-gnu/bin/../lib/gcc/nios2-elf/4.1.2/mno-hw-mul/libgcc.a(_thenan_df.o)
                0x00112a6c                __thenan_df
 .rodata        0x00112a80      0x100 /opt/altera/13.0sp1/nios2eds/bin/gnu/H-i686-pc-linux-gnu/bin/../lib/gcc/nios2-elf/4.1.2/mno-hw-mul/libgcc.a(_clz.o)
                0x00112a80                __clz_tab
 .rodata.str1.4
                0x00112b80        0x2 /opt/altera/13.0sp1/nios2eds/bin/gnu/H-i686-pc-linux-gnu/bin/../lib/gcc/nios2-elf/4.1.2/../../../../nios2-elf/lib/mno-hw-mul/libc.a(lib_a-puts.o)
                                  0x4 (size before relaxing)
 *fill*         0x00112b82        0x2 00
 .rodata.str1.4
                0x00112b84       0x5e /opt/altera/13.0sp1/nios2eds/bin/gnu/H-i686-pc-linux-gnu/bin/../lib/gcc/nios2-elf/4.1.2/../../../../nios2-elf/lib/mno-hw-mul/libc.a(lib_a-vfprintf.o)
                                 0x60 (size before relaxing)
 .rodata        0x00112be2       0x20 /opt/altera/13.0sp1/nios2eds/bin/gnu/H-i686-pc-linux-gnu/bin/../lib/gcc/nios2-elf/4.1.2/../../../../nios2-elf/lib/mno-hw-mul/libc.a(lib_a-vfprintf.o)
 *fill*         0x00112c02        0x2 00
 .rodata.str1.4
                0x00112c04       0x10 /opt/altera/13.0sp1/nios2eds/bin/gnu/H-i686-pc-linux-gnu/bin/../lib/gcc/nios2-elf/4.1.2/../../../../nios2-elf/lib/mno-hw-mul/libc.a(lib_a-dtoa.o)
                                 0x14 (size before relaxing)
 .rodata.str1.4
                0x00112c14        0x2 /opt/altera/13.0sp1/nios2eds/bin/gnu/H-i686-pc-linux-gnu/bin/../lib/gcc/nios2-elf/4.1.2/../../../../nios2-elf/lib/mno-hw-mul/libc.a(lib_a-impure.o)
                                  0x4 (size before relaxing)
 *fill*         0x00112c16        0x2 00
 .rodata.str1.4
                0x00112c18        0xf /opt/altera/13.0sp1/nios2eds/bin/gnu/H-i686-pc-linux-gnu/bin/../lib/gcc/nios2-elf/4.1.2/../../../../nios2-elf/lib/mno-hw-mul/libc.a(lib_a-locale.o)
                                 0x18 (size before relaxing)
 *fill*         0x00112c27        0x1 00
 .rodata        0x00112c28       0x30 /opt/altera/13.0sp1/nios2eds/bin/gnu/H-i686-pc-linux-gnu/bin/../lib/gcc/nios2-elf/4.1.2/../../../../nios2-elf/lib/mno-hw-mul/libc.a(lib_a-locale.o)
 .rodata        0x00112c58      0x124 /opt/altera/13.0sp1/nios2eds/bin/gnu/H-i686-pc-linux-gnu/bin/../lib/gcc/nios2-elf/4.1.2/../../../../nios2-elf/lib/mno-hw-mul/libc.a(lib_a-mprec.o)
                0x00112c58                __mprec_tens
                0x00112d20                __mprec_bigtens
                0x00112d48                __mprec_tinytens
 .rodata.str1.4
                0x00112d7c        0xa ../bsp//libucosii_bsp.a(alt_dev.o)
                                  0xc (size before relaxing)
 *fill*         0x00112d86        0x2 00
 .rodata.str1.4
                0x00112d88       0x11 ../bsp//libucosii_bsp.a(alt_main.o)
                                 0x14 (size before relaxing)
 *fill*         0x00112d99        0x3 00
 .rodata.str1.4
                0x00112d9c       0x1e ../bsp//libucosii_bsp.a(os_core.o)
                                 0x20 (size before relaxing)
 .rodata        0x00112dba      0x100 ../bsp//libucosii_bsp.a(os_core.o)
                0x00112dba                OSUnMapTbl
 *fill*         0x00112eba        0x2 00
 .rodata.str1.4
                0x00112ebc       0x35 ../bsp//libucosii_bsp.a(os_tmr.o)
                                 0x38 (size before relaxing)
 *fill*         0x00112ef1        0x3 00
 .rodata.str1.4
                0x00112ef4       0x10 ../bsp//libucosii_bsp.a(alt_sys_init.o)
                                 0x24 (size before relaxing)
 .rodata.str1.4
                0x00000000        0x4 ../bsp//libucosii_bsp.a(os_cpu_c.o)
 *(.rodata1)
                0x00112f04                . = ALIGN (0x4)
                0x00112f04                PROVIDE (__ram_rodata_end, ABSOLUTE (.))
                0x001128e4                PROVIDE (__flash_rodata_start, LOADADDR (.rodata))

.rwdata         0x00112f04     0x1b3c load address 0x00114a40
                0x00112f04                PROVIDE (__ram_rwdata_start, ABSOLUTE (.))
                0x00112f04                . = ALIGN (0x4)
 *(.got.plt)
 *(.got)
 *(.data1)
 *(.data .data.* .gnu.linkonce.d.*)
 .data          0x00112f04        0x0 ../bsp//obj/HAL/src/crt0.o
 .data          0x00112f04       0x2c obj/default/cruise.o
 .data          0x00112f30        0x0 /opt/altera/13.0sp1/nios2eds/bin/gnu/H-i686-pc-linux-gnu/bin/../lib/gcc/nios2-elf/4.1.2/mno-hw-mul/libgcc.a(_addsub_df.o)
 .data          0x00112f30        0x0 /opt/altera/13.0sp1/nios2eds/bin/gnu/H-i686-pc-linux-gnu/bin/../lib/gcc/nios2-elf/4.1.2/mno-hw-mul/libgcc.a(_div_df.o)
 .data          0x00112f30        0x0 /opt/altera/13.0sp1/nios2eds/bin/gnu/H-i686-pc-linux-gnu/bin/../lib/gcc/nios2-elf/4.1.2/mno-hw-mul/libgcc.a(_si_to_df.o)
 .data          0x00112f30        0x0 /opt/altera/13.0sp1/nios2eds/bin/gnu/H-i686-pc-linux-gnu/bin/../lib/gcc/nios2-elf/4.1.2/mno-hw-mul/libgcc.a(_df_to_si.o)
 .data          0x00112f30        0x0 /opt/altera/13.0sp1/nios2eds/bin/gnu/H-i686-pc-linux-gnu/bin/../lib/gcc/nios2-elf/4.1.2/mno-hw-mul/libgcc.a(_thenan_df.o)
 .data          0x00112f30        0x0 /opt/altera/13.0sp1/nios2eds/bin/gnu/H-i686-pc-linux-gnu/bin/../lib/gcc/nios2-elf/4.1.2/mno-hw-mul/libgcc.a(lib2-divmod.o)
 .data          0x00112f30        0x0 /opt/altera/13.0sp1/nios2eds/bin/gnu/H-i686-pc-linux-gnu/bin/../lib/gcc/nios2-elf/4.1.2/mno-hw-mul/libgcc.a(lib2-mul.o)
 .data          0x00112f30        0x0 /opt/altera/13.0sp1/nios2eds/bin/gnu/H-i686-pc-linux-gnu/bin/../lib/gcc/nios2-elf/4.1.2/mno-hw-mul/libgcc.a(_clzsi2.o)
 .data          0x00112f30        0x0 /opt/altera/13.0sp1/nios2eds/bin/gnu/H-i686-pc-linux-gnu/bin/../lib/gcc/nios2-elf/4.1.2/mno-hw-mul/libgcc.a(_pack_df.o)
 .data          0x00112f30        0x0 /opt/altera/13.0sp1/nios2eds/bin/gnu/H-i686-pc-linux-gnu/bin/../lib/gcc/nios2-elf/4.1.2/mno-hw-mul/libgcc.a(_unpack_df.o)
 .data          0x00112f30        0x0 /opt/altera/13.0sp1/nios2eds/bin/gnu/H-i686-pc-linux-gnu/bin/../lib/gcc/nios2-elf/4.1.2/mno-hw-mul/libgcc.a(_clz.o)
 .data          0x00112f30        0x0 /opt/altera/13.0sp1/nios2eds/bin/gnu/H-i686-pc-linux-gnu/bin/../lib/gcc/nios2-elf/4.1.2/../../../../nios2-elf/lib/mno-hw-mul/libc.a(lib_a-printf.o)
 .data          0x00112f30        0x0 /opt/altera/13.0sp1/nios2eds/bin/gnu/H-i686-pc-linux-gnu/bin/../lib/gcc/nios2-elf/4.1.2/../../../../nios2-elf/lib/mno-hw-mul/libc.a(lib_a-putchar.o)
 .data          0x00112f30        0x0 /opt/altera/13.0sp1/nios2eds/bin/gnu/H-i686-pc-linux-gnu/bin/../lib/gcc/nios2-elf/4.1.2/../../../../nios2-elf/lib/mno-hw-mul/libc.a(lib_a-puts.o)
 .data          0x00112f30        0x0 /opt/altera/13.0sp1/nios2eds/bin/gnu/H-i686-pc-linux-gnu/bin/../lib/gcc/nios2-elf/4.1.2/../../../../nios2-elf/lib/mno-hw-mul/libc.a(lib_a-strlen.o)
 .data          0x00112f30        0x0 /opt/altera/13.0sp1/nios2eds/bin/gnu/H-i686-pc-linux-gnu/bin/../lib/gcc/nios2-elf/4.1.2/../../../../nios2-elf/lib/mno-hw-mul/libc.a(lib_a-vfprintf.o)
 .data          0x00112f30        0x0 /opt/altera/13.0sp1/nios2eds/bin/gnu/H-i686-pc-linux-gnu/bin/../lib/gcc/nios2-elf/4.1.2/../../../../nios2-elf/lib/mno-hw-mul/libc.a(lib_a-wsetup.o)
 .data          0x00112f30        0x0 /opt/altera/13.0sp1/nios2eds/bin/gnu/H-i686-pc-linux-gnu/bin/../lib/gcc/nios2-elf/4.1.2/../../../../nios2-elf/lib/mno-hw-mul/libc.a(lib_a-dtoa.o)
 .data          0x00112f30        0x0 /opt/altera/13.0sp1/nios2eds/bin/gnu/H-i686-pc-linux-gnu/bin/../lib/gcc/nios2-elf/4.1.2/../../../../nios2-elf/lib/mno-hw-mul/libc.a(lib_a-fflush.o)
 .data          0x00112f30        0x0 /opt/altera/13.0sp1/nios2eds/bin/gnu/H-i686-pc-linux-gnu/bin/../lib/gcc/nios2-elf/4.1.2/../../../../nios2-elf/lib/mno-hw-mul/libc.a(lib_a-findfp.o)
 .data          0x00112f30        0x0 /opt/altera/13.0sp1/nios2eds/bin/gnu/H-i686-pc-linux-gnu/bin/../lib/gcc/nios2-elf/4.1.2/../../../../nios2-elf/lib/mno-hw-mul/libc.a(lib_a-freer.o)
 .data          0x00112f30        0x0 /opt/altera/13.0sp1/nios2eds/bin/gnu/H-i686-pc-linux-gnu/bin/../lib/gcc/nios2-elf/4.1.2/../../../../nios2-elf/lib/mno-hw-mul/libc.a(lib_a-fvwrite.o)
 .data          0x00112f30        0x0 /opt/altera/13.0sp1/nios2eds/bin/gnu/H-i686-pc-linux-gnu/bin/../lib/gcc/nios2-elf/4.1.2/../../../../nios2-elf/lib/mno-hw-mul/libc.a(lib_a-fwalk.o)
 .data          0x00112f30      0x400 /opt/altera/13.0sp1/nios2eds/bin/gnu/H-i686-pc-linux-gnu/bin/../lib/gcc/nios2-elf/4.1.2/../../../../nios2-elf/lib/mno-hw-mul/libc.a(lib_a-impure.o)
 .data          0x00113330        0xc /opt/altera/13.0sp1/nios2eds/bin/gnu/H-i686-pc-linux-gnu/bin/../lib/gcc/nios2-elf/4.1.2/../../../../nios2-elf/lib/mno-hw-mul/libc.a(lib_a-locale.o)
                0x00113330                __lc_ctype
 .data          0x0011333c        0x0 /opt/altera/13.0sp1/nios2eds/bin/gnu/H-i686-pc-linux-gnu/bin/../lib/gcc/nios2-elf/4.1.2/../../../../nios2-elf/lib/mno-hw-mul/libc.a(lib_a-makebuf.o)
 .data          0x0011333c      0x408 /opt/altera/13.0sp1/nios2eds/bin/gnu/H-i686-pc-linux-gnu/bin/../lib/gcc/nios2-elf/4.1.2/../../../../nios2-elf/lib/mno-hw-mul/libc.a(lib_a-mallocr.o)
                0x0011333c                __malloc_av_
 .data          0x00113744        0x0 /opt/altera/13.0sp1/nios2eds/bin/gnu/H-i686-pc-linux-gnu/bin/../lib/gcc/nios2-elf/4.1.2/../../../../nios2-elf/lib/mno-hw-mul/libc.a(lib_a-memchr.o)
 .data          0x00113744        0x0 /opt/altera/13.0sp1/nios2eds/bin/gnu/H-i686-pc-linux-gnu/bin/../lib/gcc/nios2-elf/4.1.2/../../../../nios2-elf/lib/mno-hw-mul/libc.a(lib_a-memcpy.o)
 .data          0x00113744        0x0 /opt/altera/13.0sp1/nios2eds/bin/gnu/H-i686-pc-linux-gnu/bin/../lib/gcc/nios2-elf/4.1.2/../../../../nios2-elf/lib/mno-hw-mul/libc.a(lib_a-memmove.o)
 .data          0x00113744        0x0 /opt/altera/13.0sp1/nios2eds/bin/gnu/H-i686-pc-linux-gnu/bin/../lib/gcc/nios2-elf/4.1.2/../../../../nios2-elf/lib/mno-hw-mul/libc.a(lib_a-memset.o)
 .data          0x00113744        0x0 /opt/altera/13.0sp1/nios2eds/bin/gnu/H-i686-pc-linux-gnu/bin/../lib/gcc/nios2-elf/4.1.2/../../../../nios2-elf/lib/mno-hw-mul/libc.a(lib_a-mprec.o)
 .data          0x00113744        0x0 /opt/altera/13.0sp1/nios2eds/bin/gnu/H-i686-pc-linux-gnu/bin/../lib/gcc/nios2-elf/4.1.2/../../../../nios2-elf/lib/mno-hw-mul/libc.a(lib_a-putc.o)
 .data          0x00113744        0x0 /opt/altera/13.0sp1/nios2eds/bin/gnu/H-i686-pc-linux-gnu/bin/../lib/gcc/nios2-elf/4.1.2/../../../../nios2-elf/lib/mno-hw-mul/libc.a(lib_a-reallocr.o)
 .data          0x00113744        0x0 /opt/altera/13.0sp1/nios2eds/bin/gnu/H-i686-pc-linux-gnu/bin/../lib/gcc/nios2-elf/4.1.2/../../../../nios2-elf/lib/mno-hw-mul/libc.a(lib_a-s_isinfd.o)
 .data          0x00113744        0x0 /opt/altera/13.0sp1/nios2eds/bin/gnu/H-i686-pc-linux-gnu/bin/../lib/gcc/nios2-elf/4.1.2/../../../../nios2-elf/lib/mno-hw-mul/libc.a(lib_a-s_isnand.o)
 .data          0x00113744        0x0 /opt/altera/13.0sp1/nios2eds/bin/gnu/H-i686-pc-linux-gnu/bin/../lib/gcc/nios2-elf/4.1.2/../../../../nios2-elf/lib/mno-hw-mul/libc.a(lib_a-sbrkr.o)
 .data          0x00113744        0x0 /opt/altera/13.0sp1/nios2eds/bin/gnu/H-i686-pc-linux-gnu/bin/../lib/gcc/nios2-elf/4.1.2/../../../../nios2-elf/lib/mno-hw-mul/libc.a(lib_a-stdio.o)
 .data          0x00113744        0x0 /opt/altera/13.0sp1/nios2eds/bin/gnu/H-i686-pc-linux-gnu/bin/../lib/gcc/nios2-elf/4.1.2/../../../../nios2-elf/lib/mno-hw-mul/libc.a(lib_a-strcmp.o)
 .data          0x00113744        0x0 /opt/altera/13.0sp1/nios2eds/bin/gnu/H-i686-pc-linux-gnu/bin/../lib/gcc/nios2-elf/4.1.2/../../../../nios2-elf/lib/mno-hw-mul/libc.a(lib_a-wbuf.o)
 .data          0x00113744        0x0 /opt/altera/13.0sp1/nios2eds/bin/gnu/H-i686-pc-linux-gnu/bin/../lib/gcc/nios2-elf/4.1.2/../../../../nios2-elf/lib/mno-hw-mul/libc.a(lib_a-writer.o)
 .data          0x00113744        0x0 /opt/altera/13.0sp1/nios2eds/bin/gnu/H-i686-pc-linux-gnu/bin/../lib/gcc/nios2-elf/4.1.2/../../../../nios2-elf/lib/mno-hw-mul/libc.a(lib_a-callocr.o)
 .data          0x00113744        0x0 /opt/altera/13.0sp1/nios2eds/bin/gnu/H-i686-pc-linux-gnu/bin/../lib/gcc/nios2-elf/4.1.2/../../../../nios2-elf/lib/mno-hw-mul/libc.a(lib_a-closer.o)
 .data          0x00113744        0x0 /opt/altera/13.0sp1/nios2eds/bin/gnu/H-i686-pc-linux-gnu/bin/../lib/gcc/nios2-elf/4.1.2/../../../../nios2-elf/lib/mno-hw-mul/libc.a(lib_a-fclose.o)
 .data          0x00113744        0x0 /opt/altera/13.0sp1/nios2eds/bin/gnu/H-i686-pc-linux-gnu/bin/../lib/gcc/nios2-elf/4.1.2/../../../../nios2-elf/lib/mno-hw-mul/libc.a(lib_a-fstatr.o)
 .data          0x00113744        0x0 /opt/altera/13.0sp1/nios2eds/bin/gnu/H-i686-pc-linux-gnu/bin/../lib/gcc/nios2-elf/4.1.2/../../../../nios2-elf/lib/mno-hw-mul/libc.a(lib_a-int_errno.o)
 .data          0x00113744        0x0 /opt/altera/13.0sp1/nios2eds/bin/gnu/H-i686-pc-linux-gnu/bin/../lib/gcc/nios2-elf/4.1.2/../../../../nios2-elf/lib/mno-hw-mul/libc.a(lib_a-isattyr.o)
 .data          0x00113744        0x0 /opt/altera/13.0sp1/nios2eds/bin/gnu/H-i686-pc-linux-gnu/bin/../lib/gcc/nios2-elf/4.1.2/../../../../nios2-elf/lib/mno-hw-mul/libc.a(lib_a-lseekr.o)
 .data          0x00113744        0x0 /opt/altera/13.0sp1/nios2eds/bin/gnu/H-i686-pc-linux-gnu/bin/../lib/gcc/nios2-elf/4.1.2/../../../../nios2-elf/lib/mno-hw-mul/libc.a(lib_a-readr.o)
 .data          0x00113744        0x0 /opt/altera/13.0sp1/nios2eds/bin/gnu/H-i686-pc-linux-gnu/bin/../lib/gcc/nios2-elf/4.1.2/mno-hw-mul/libgcc.a(_udivdi3.o)
 .data          0x00113744        0x0 /opt/altera/13.0sp1/nios2eds/bin/gnu/H-i686-pc-linux-gnu/bin/../lib/gcc/nios2-elf/4.1.2/mno-hw-mul/libgcc.a(_umoddi3.o)
 .data          0x00113744        0x0 /opt/altera/13.0sp1/nios2eds/bin/gnu/H-i686-pc-linux-gnu/bin/../lib/gcc/nios2-elf/4.1.2/mno-hw-mul/libgcc.a(_mul_df.o)
 .data          0x00113744        0x0 /opt/altera/13.0sp1/nios2eds/bin/gnu/H-i686-pc-linux-gnu/bin/../lib/gcc/nios2-elf/4.1.2/mno-hw-mul/libgcc.a(_eq_df.o)
 .data          0x00113744        0x0 /opt/altera/13.0sp1/nios2eds/bin/gnu/H-i686-pc-linux-gnu/bin/../lib/gcc/nios2-elf/4.1.2/mno-hw-mul/libgcc.a(_ne_df.o)
 .data          0x00113744        0x0 /opt/altera/13.0sp1/nios2eds/bin/gnu/H-i686-pc-linux-gnu/bin/../lib/gcc/nios2-elf/4.1.2/mno-hw-mul/libgcc.a(_gt_df.o)
 .data          0x00113744        0x0 /opt/altera/13.0sp1/nios2eds/bin/gnu/H-i686-pc-linux-gnu/bin/../lib/gcc/nios2-elf/4.1.2/mno-hw-mul/libgcc.a(_ge_df.o)
 .data          0x00113744        0x0 /opt/altera/13.0sp1/nios2eds/bin/gnu/H-i686-pc-linux-gnu/bin/../lib/gcc/nios2-elf/4.1.2/mno-hw-mul/libgcc.a(_lt_df.o)
 .data          0x00113744        0x0 /opt/altera/13.0sp1/nios2eds/bin/gnu/H-i686-pc-linux-gnu/bin/../lib/gcc/nios2-elf/4.1.2/mno-hw-mul/libgcc.a(_usi_to_df.o)
 .data          0x00113744        0x0 /opt/altera/13.0sp1/nios2eds/bin/gnu/H-i686-pc-linux-gnu/bin/../lib/gcc/nios2-elf/4.1.2/mno-hw-mul/libgcc.a(_muldi3.o)
 .data          0x00113744        0x0 /opt/altera/13.0sp1/nios2eds/bin/gnu/H-i686-pc-linux-gnu/bin/../lib/gcc/nios2-elf/4.1.2/mno-hw-mul/libgcc.a(_fpcmp_parts_df.o)
 .data          0x00113744        0x0 ../bsp//libucosii_bsp.a(alt_alarm_start.o)
 .data          0x00113744        0x0 ../bsp//libucosii_bsp.a(alt_close.o)
 .data          0x00113744      0x1a8 ../bsp//libucosii_bsp.a(alt_dev.o)
                0x00113744                alt_dev_null
                0x0011376c                alt_fd_list
 .data          0x001138ec        0x0 ../bsp//libucosii_bsp.a(alt_errno.o)
 .data          0x001138ec        0x0 ../bsp//libucosii_bsp.a(alt_fstat.o)
 .data          0x001138ec        0x0 ../bsp//libucosii_bsp.a(alt_isatty.o)
 .data          0x001138ec        0x0 ../bsp//libucosii_bsp.a(alt_load.o)
 .data          0x001138ec        0x0 ../bsp//libucosii_bsp.a(alt_lseek.o)
 .data          0x001138ec        0x0 ../bsp//libucosii_bsp.a(alt_main.o)
 .data          0x001138ec        0x0 ../bsp//libucosii_bsp.a(alt_read.o)
 .data          0x001138ec        0x0 ../bsp//libucosii_bsp.a(alt_release_fd.o)
 .data          0x001138ec        0x0 ../bsp//libucosii_bsp.a(alt_sbrk.o)
 .data          0x001138ec        0x0 ../bsp//libucosii_bsp.a(alt_tick.o)
 .data          0x001138ec        0x0 ../bsp//libucosii_bsp.a(alt_write.o)
 .data          0x001138ec        0x0 ../bsp//libucosii_bsp.a(alt_env_lock.o)
 .data          0x001138ec        0x0 ../bsp//libucosii_bsp.a(alt_malloc_lock.o)
 .data          0x001138ec        0x0 ../bsp//libucosii_bsp.a(os_core.o)
 .data          0x001138ec        0x0 ../bsp//libucosii_bsp.a(os_dbg.o)
 .data          0x001138ec        0x0 ../bsp//libucosii_bsp.a(os_flag.o)
 .data          0x001138ec        0x0 ../bsp//libucosii_bsp.a(os_mbox.o)
 .data          0x001138ec        0x0 ../bsp//libucosii_bsp.a(os_mem.o)
 .data          0x001138ec        0x0 ../bsp//libucosii_bsp.a(os_q.o)
 .data          0x001138ec        0x0 ../bsp//libucosii_bsp.a(os_sem.o)
 .data          0x001138ec        0x0 ../bsp//libucosii_bsp.a(os_task.o)
 .data          0x001138ec        0x0 ../bsp//libucosii_bsp.a(os_time.o)
 .data          0x001138ec        0x0 ../bsp//libucosii_bsp.a(os_tmr.o)
 .data          0x001138ec     0x1098 ../bsp//libucosii_bsp.a(alt_sys_init.o)
 .data          0x00114984        0x0 ../bsp//libucosii_bsp.a(altera_avalon_jtag_uart_fd.o)
 .data          0x00114984        0x0 ../bsp//libucosii_bsp.a(altera_avalon_jtag_uart_init.o)
 .data          0x00114984        0x0 ../bsp//libucosii_bsp.a(altera_avalon_jtag_uart_ioctl.o)
 .data          0x00114984        0x0 ../bsp//libucosii_bsp.a(altera_avalon_jtag_uart_read.o)
 .data          0x00114984        0x0 ../bsp//libucosii_bsp.a(altera_avalon_jtag_uart_write.o)
 .data          0x00114984        0x0 ../bsp//libucosii_bsp.a(altera_avalon_timer_sc.o)
 .data          0x00114984        0x0 ../bsp//libucosii_bsp.a(altera_up_avalon_character_lcd.o)
 .data          0x00114984        0x0 ../bsp//libucosii_bsp.a(alt_dcache_flush_all.o)
 .data          0x00114984        0x0 ../bsp//libucosii_bsp.a(alt_dev_llist_insert.o)
 .data          0x00114984        0x0 ../bsp//libucosii_bsp.a(alt_do_ctors.o)
 .data          0x00114984        0x0 ../bsp//libucosii_bsp.a(alt_do_dtors.o)
 .data          0x00114984        0x0 ../bsp//libucosii_bsp.a(alt_find_dev.o)
 .data          0x00114984        0x0 ../bsp//libucosii_bsp.a(alt_icache_flush_all.o)
 .data          0x00114984        0x0 ../bsp//libucosii_bsp.a(alt_iic.o)
 .data          0x00114984        0x0 ../bsp//libucosii_bsp.a(alt_iic_isr_register.o)
 .data          0x00114984        0x0 ../bsp//libucosii_bsp.a(alt_io_redirect.o)
 .data          0x00114984        0x0 ../bsp//libucosii_bsp.a(alt_irq_entry.o)
 .data          0x00114984        0x0 ../bsp//libucosii_bsp.a(alt_irq_handler.o)
 .data          0x00114984        0x0 ../bsp//libucosii_bsp.a(alt_irq_vars.o)
 .data          0x00114984        0x0 ../bsp//libucosii_bsp.a(alt_open.o)
 .data          0x00114984        0x0 ../bsp//libucosii_bsp.a(altera_nios2_qsys_irq.o)
 .data          0x00114984        0x0 ../bsp//libucosii_bsp.a(os_cpu_a.o)
 .data          0x00114984        0x0 ../bsp//libucosii_bsp.a(os_cpu_c.o)
 .data          0x00114984        0x0 ../bsp//libucosii_bsp.a(alt_exception_entry.o)
 .data          0x00114984        0x0 ../bsp//libucosii_bsp.a(alt_find_file.o)
 .data          0x00114984        0x0 ../bsp//libucosii_bsp.a(alt_get_fd.o)
 .data          0x00114984        0x0 /opt/altera/13.0sp1/nios2eds/bin/gnu/H-i686-pc-linux-gnu/bin/../lib/gcc/nios2-elf/4.1.2/../../../../nios2-elf/lib/mno-hw-mul/libc.a(lib_a-atexit.o)
 .data          0x00114984        0x0 /opt/altera/13.0sp1/nios2eds/bin/gnu/H-i686-pc-linux-gnu/bin/../lib/gcc/nios2-elf/4.1.2/../../../../nios2-elf/lib/mno-hw-mul/libc.a(lib_a-exit.o)
 .data          0x00114984        0x0 /opt/altera/13.0sp1/nios2eds/bin/gnu/H-i686-pc-linux-gnu/bin/../lib/gcc/nios2-elf/4.1.2/../../../../nios2-elf/lib/mno-hw-mul/libc.a(lib_a-memcmp.o)
 .data          0x00114984        0x0 /opt/altera/13.0sp1/nios2eds/bin/gnu/H-i686-pc-linux-gnu/bin/../lib/gcc/nios2-elf/4.1.2/../../../../nios2-elf/lib/mno-hw-mul/libc.a(lib_a-__atexit.o)
 .data          0x00114984        0x0 /opt/altera/13.0sp1/nios2eds/bin/gnu/H-i686-pc-linux-gnu/bin/../lib/gcc/nios2-elf/4.1.2/../../../../nios2-elf/lib/mno-hw-mul/libc.a(lib_a-__call_atexit.o)
 .data          0x00114984        0x0 /opt/altera/13.0sp1/nios2eds/bin/gnu/H-i686-pc-linux-gnu/bin/../lib/gcc/nios2-elf/4.1.2/mno-hw-mul/libgcc.a(_fixunsdfsi.o)
 .data          0x00114984        0x0 ../bsp//libucosii_bsp.a(alt_exit.o)
                0x0011c984                _gp = ABSOLUTE ((. + 0x8000))
                0x0011c984                PROVIDE (gp, _gp)
 *(.rwdata .rwdata.*)
 *(.sdata .sdata.* .gnu.linkonce.s.*)
 .sdata         0x00114984        0x8 /opt/altera/13.0sp1/nios2eds/bin/gnu/H-i686-pc-linux-gnu/bin/../lib/gcc/nios2-elf/4.1.2/../../../../nios2-elf/lib/mno-hw-mul/libc.a(lib_a-impure.o)
                0x00114984                _impure_ptr
                0x00114988                _global_impure_ptr
 .sdata         0x0011498c        0x8 /opt/altera/13.0sp1/nios2eds/bin/gnu/H-i686-pc-linux-gnu/bin/../lib/gcc/nios2-elf/4.1.2/../../../../nios2-elf/lib/mno-hw-mul/libc.a(lib_a-locale.o)
                0x0011498c                __mb_cur_max
 .sdata         0x00114994        0x8 /opt/altera/13.0sp1/nios2eds/bin/gnu/H-i686-pc-linux-gnu/bin/../lib/gcc/nios2-elf/4.1.2/../../../../nios2-elf/lib/mno-hw-mul/libc.a(lib_a-mallocr.o)
                0x00114994                __malloc_trim_threshold
                0x00114998                __malloc_sbrk_base
 .sdata         0x0011499c       0x14 ../bsp//libucosii_bsp.a(alt_dev.o)
                0x0011499c                alt_fs_list
                0x001149a4                alt_dev_list
                0x001149ac                alt_max_fd
 .sdata         0x001149b0        0x4 ../bsp//libucosii_bsp.a(alt_errno.o)
                0x001149b0                alt_errno
 .sdata         0x001149b4        0x4 ../bsp//libucosii_bsp.a(alt_sbrk.o)
 .sdata         0x001149b8        0x8 ../bsp//libucosii_bsp.a(alt_tick.o)
                0x001149b8                alt_alarm_list
 .sdata         0x001149c0        0x4 ../bsp//libucosii_bsp.a(alt_env_lock.o)
 .sdata         0x001149c4        0x4 ../bsp//libucosii_bsp.a(alt_malloc_lock.o)
 .sdata         0x001149c8       0x74 ../bsp//libucosii_bsp.a(os_dbg.o)
                0x001149c8                OSDebugEn
                0x001149cc                OSEndiannessTest
                0x001149d0                OSEventEn
                0x001149d2                OSEventMax
                0x001149d4                OSEventNameSize
                0x001149d6                OSEventSize
                0x001149d8                OSEventTblSize
                0x001149da                OSEventMultiEn
                0x001149dc                OSFlagEn
                0x001149de                OSFlagGrpSize
                0x001149e0                OSFlagNodeSize
                0x001149e2                OSFlagWidth
                0x001149e4                OSFlagMax
                0x001149e6                OSFlagNameSize
                0x001149e8                OSLowestPrio
                0x001149ea                OSMboxEn
                0x001149ec                OSMemEn
                0x001149ee                OSMemMax
                0x001149f0                OSMemNameSize
                0x001149f2                OSMemSize
                0x001149f4                OSMemTblSize
                0x001149f6                OSMutexEn
                0x001149f8                OSPtrSize
                0x001149fa                OSQEn
                0x001149fc                OSQMax
                0x001149fe                OSQSize
                0x00114a00                OSRdyTblSize
                0x00114a02                OSSemEn
                0x00114a04                OSStkWidth
                0x00114a06                OSTaskCreateEn
                0x00114a08                OSTaskCreateExtEn
                0x00114a0a                OSTaskDelEn
                0x00114a0c                OSTaskIdleStkSize
                0x00114a0e                OSTaskProfileEn
                0x00114a10                OSTaskMax
                0x00114a12                OSTaskNameSize
                0x00114a14                OSTaskStatEn
                0x00114a16                OSTaskStatStkSize
                0x00114a18                OSTaskStatStkChkEn
                0x00114a1a                OSTaskSwHookEn
                0x00114a1c                OSTCBPrioTblMax
                0x00114a1e                OSTCBSize
                0x00114a20                OSTicksPerSec
                0x00114a22                OSTimeTickHookEn
                0x00114a24                OSVersionNbr
                0x00114a26                OSTmrEn
                0x00114a28                OSTmrCfgMax
                0x00114a2a                OSTmrCfgNameSize
                0x00114a2c                OSTmrCfgWheelSize
                0x00114a2e                OSTmrCfgTicksPerSec
                0x00114a30                OSTmrSize
                0x00114a32                OSTmrTblSize
                0x00114a34                OSTmrWheelSize
                0x00114a36                OSTmrWheelTblSize
                0x00114a38                OSDataSize
 .sdata         0x00114a3c        0x4 ../bsp//libucosii_bsp.a(alt_irq_vars.o)
                0x00114a3c                alt_priority_mask
 *(.sdata2 .sdata2.* .gnu.linkonce.s2.*)
                0x00114a40                . = ALIGN (0x4)
                0x00114a40                _edata = ABSOLUTE (.)
                0x00114a40                PROVIDE (edata, ABSOLUTE (.))
                0x00114a40                PROVIDE (__ram_rwdata_end, ABSOLUTE (.))
                0x00114a40                PROVIDE (__flash_rwdata_start, LOADADDR (.rwdata))

.bss            0x0011657c    0x14158
                0x0011657c                __bss_start = ABSOLUTE (.)
                0x0011657c                PROVIDE (__sbss_start, ABSOLUTE (.))
                0x0011657c                PROVIDE (___sbss_start, ABSOLUTE (.))
 *(.dynsbss)
 *(.sbss .sbss.* .gnu.linkonce.sb.*)
 .sbss          0x0011657c        0x8 obj/default/cruise.o
                0x0011657c                led_green
                0x00116580                led_red
 .sbss          0x00116584       0x58 obj/default/cruise.o
                0x00116584                Mbox_Gas
                0x00116588                Mbox_Throttle
                0x0011658c                Timer_KeyIO
                0x00116590                Mbox_Velocity
                0x00116594                Mbox_Cruise
                0x00116598                Timer_OverloadDetection
                0x0011659c                Timer_Vehicle
                0x001165a0                Sem_KeyIO
                0x001165a4                Sem_Vehicle
                0x001165a8                Sem_ExtraLoad
                0x001165ac                Sem_Control
                0x001165b0                Sem_OverloadDetection
                0x001165b4                Sem_SwitchIO
                0x001165b8                Mbox_Engine
                0x001165bc                Mbox_Overload
                0x001165c0                Timer_SwitchIO
                0x001165c4                Mbox_Gear
                0x001165c8                delay
                0x001165cc                Mbox_Brake
                0x001165d0                Mbox_ExtraLoadCreation
                0x001165d4                Timer_Control
                0x001165d8                Timer_ExtraLoad
 .sbss          0x001165dc        0xc /opt/altera/13.0sp1/nios2eds/bin/gnu/H-i686-pc-linux-gnu/bin/../lib/gcc/nios2-elf/4.1.2/../../../../nios2-elf/lib/mno-hw-mul/libc.a(lib_a-locale.o)
                0x001165dc                __nlocale_changed
                0x001165e0                __mlocale_changed
                0x001165e4                _PathLocale
 .sbss          0x001165e8        0xc /opt/altera/13.0sp1/nios2eds/bin/gnu/H-i686-pc-linux-gnu/bin/../lib/gcc/nios2-elf/4.1.2/../../../../nios2-elf/lib/mno-hw-mul/libc.a(lib_a-mallocr.o)
                0x001165e8                __malloc_top_pad
                0x001165ec                __malloc_max_sbrked_mem
                0x001165f0                __malloc_max_total_mem
 .sbss          0x001165f4        0x4 /opt/altera/13.0sp1/nios2eds/bin/gnu/H-i686-pc-linux-gnu/bin/../lib/gcc/nios2-elf/4.1.2/../../../../nios2-elf/lib/mno-hw-mul/libc.a(lib_a-int_errno.o)
                0x001165f4                errno
 .sbss          0x001165f8        0x4 ../bsp//libucosii_bsp.a(alt_dev.o)
                0x001165f8                alt_fd_list_lock
 .sbss          0x001165fc        0xc ../bsp//libucosii_bsp.a(alt_main.o)
                0x001165fc                alt_argc
                0x00116600                alt_argv
                0x00116604                alt_envp
 .sbss          0x00116608        0x8 ../bsp//libucosii_bsp.a(alt_tick.o)
                0x00116608                _alt_tick_rate
                0x0011660c                _alt_nticks
 .sbss          0x00116610        0x8 ../bsp//libucosii_bsp.a(alt_env_lock.o)
                0x00116614                alt_envsem
 .sbss          0x00116618        0x8 ../bsp//libucosii_bsp.a(alt_malloc_lock.o)
                0x0011661c                alt_heapsem
 .sbss          0x00116620       0x68 ../bsp//libucosii_bsp.a(os_core.o)
                0x00116620                OSTmrFreeList
                0x00116624                OSLockNesting
                0x00116628                OSTmrSemSignal
                0x0011662c                OSRunning
                0x00116630                OSIdleCtr
                0x00116634                OSTmrUsed
                0x00116636                OSPrioHighRdy
                0x00116637                OSPrioCur
                0x00116638                OSTCBList
                0x0011663c                OSTickStepState
                0x00116640                OSCtxSwCtr
                0x00116644                OSTmrFree
                0x00116648                OSIdleCtrMax
                0x0011664c                OSTCBFreeList
                0x00116650                OSCPUUsage
                0x00116651                OSTaskCtr
                0x00116654                OSMemFreeList
                0x00116658                OSTCBHighRdy
                0x0011665c                OSQFreeList
                0x00116660                OSRdyGrp
                0x00116661                OSRdyTbl
                0x00116664                OSEventFreeList
                0x00116668                OSIntNesting
                0x0011666c                OSTCBCur
                0x00116670                OSTmrTime
                0x00116674                OSTime
                0x00116678                OSTmrSem
                0x0011667c                OSFlagFreeList
                0x00116680                OSStatRdy
                0x00116684                OSIdleCtrRun
 .sbss          0x00116688        0x4 ../bsp//libucosii_bsp.a(alt_irq_vars.o)
                0x00116688                alt_irq_active
 .sbss          0x0011668c        0x2 ../bsp//libucosii_bsp.a(os_cpu_c.o)
 *(.sbss2 .sbss2.* .gnu.linkonce.sb2.*)
 *(.scommon)
                0x0011668e                PROVIDE (__sbss_end, ABSOLUTE (.))
                0x0011668e                PROVIDE (___sbss_end, ABSOLUTE (.))
 *(.dynbss)
 *(.bss .bss.* .gnu.linkonce.b.*)
 .bss           0x0011668e        0x0 ../bsp//obj/HAL/src/crt0.o
 *fill*         0x0011668e        0x2 00
 .bss           0x00116690       0x18 obj/default/cruise.o
 .bss           0x001166a8        0x0 /opt/altera/13.0sp1/nios2eds/bin/gnu/H-i686-pc-linux-gnu/bin/../lib/gcc/nios2-elf/4.1.2/mno-hw-mul/libgcc.a(_addsub_df.o)
 .bss           0x001166a8        0x0 /opt/altera/13.0sp1/nios2eds/bin/gnu/H-i686-pc-linux-gnu/bin/../lib/gcc/nios2-elf/4.1.2/mno-hw-mul/libgcc.a(_div_df.o)
 .bss           0x001166a8        0x0 /opt/altera/13.0sp1/nios2eds/bin/gnu/H-i686-pc-linux-gnu/bin/../lib/gcc/nios2-elf/4.1.2/mno-hw-mul/libgcc.a(_si_to_df.o)
 .bss           0x001166a8        0x0 /opt/altera/13.0sp1/nios2eds/bin/gnu/H-i686-pc-linux-gnu/bin/../lib/gcc/nios2-elf/4.1.2/mno-hw-mul/libgcc.a(_df_to_si.o)
 .bss           0x001166a8        0x0 /opt/altera/13.0sp1/nios2eds/bin/gnu/H-i686-pc-linux-gnu/bin/../lib/gcc/nios2-elf/4.1.2/mno-hw-mul/libgcc.a(_thenan_df.o)
 .bss           0x001166a8        0x0 /opt/altera/13.0sp1/nios2eds/bin/gnu/H-i686-pc-linux-gnu/bin/../lib/gcc/nios2-elf/4.1.2/mno-hw-mul/libgcc.a(lib2-divmod.o)
 .bss           0x001166a8        0x0 /opt/altera/13.0sp1/nios2eds/bin/gnu/H-i686-pc-linux-gnu/bin/../lib/gcc/nios2-elf/4.1.2/mno-hw-mul/libgcc.a(lib2-mul.o)
 .bss           0x001166a8        0x0 /opt/altera/13.0sp1/nios2eds/bin/gnu/H-i686-pc-linux-gnu/bin/../lib/gcc/nios2-elf/4.1.2/mno-hw-mul/libgcc.a(_clzsi2.o)
 .bss           0x001166a8        0x0 /opt/altera/13.0sp1/nios2eds/bin/gnu/H-i686-pc-linux-gnu/bin/../lib/gcc/nios2-elf/4.1.2/mno-hw-mul/libgcc.a(_pack_df.o)
 .bss           0x001166a8        0x0 /opt/altera/13.0sp1/nios2eds/bin/gnu/H-i686-pc-linux-gnu/bin/../lib/gcc/nios2-elf/4.1.2/mno-hw-mul/libgcc.a(_unpack_df.o)
 .bss           0x001166a8        0x0 /opt/altera/13.0sp1/nios2eds/bin/gnu/H-i686-pc-linux-gnu/bin/../lib/gcc/nios2-elf/4.1.2/mno-hw-mul/libgcc.a(_clz.o)
 .bss           0x001166a8        0x0 /opt/altera/13.0sp1/nios2eds/bin/gnu/H-i686-pc-linux-gnu/bin/../lib/gcc/nios2-elf/4.1.2/../../../../nios2-elf/lib/mno-hw-mul/libc.a(lib_a-printf.o)
 .bss           0x001166a8        0x0 /opt/altera/13.0sp1/nios2eds/bin/gnu/H-i686-pc-linux-gnu/bin/../lib/gcc/nios2-elf/4.1.2/../../../../nios2-elf/lib/mno-hw-mul/libc.a(lib_a-putchar.o)
 .bss           0x001166a8        0x0 /opt/altera/13.0sp1/nios2eds/bin/gnu/H-i686-pc-linux-gnu/bin/../lib/gcc/nios2-elf/4.1.2/../../../../nios2-elf/lib/mno-hw-mul/libc.a(lib_a-puts.o)
 .bss           0x001166a8        0x0 /opt/altera/13.0sp1/nios2eds/bin/gnu/H-i686-pc-linux-gnu/bin/../lib/gcc/nios2-elf/4.1.2/../../../../nios2-elf/lib/mno-hw-mul/libc.a(lib_a-strlen.o)
 .bss           0x001166a8        0x0 /opt/altera/13.0sp1/nios2eds/bin/gnu/H-i686-pc-linux-gnu/bin/../lib/gcc/nios2-elf/4.1.2/../../../../nios2-elf/lib/mno-hw-mul/libc.a(lib_a-vfprintf.o)
 .bss           0x001166a8        0x0 /opt/altera/13.0sp1/nios2eds/bin/gnu/H-i686-pc-linux-gnu/bin/../lib/gcc/nios2-elf/4.1.2/../../../../nios2-elf/lib/mno-hw-mul/libc.a(lib_a-wsetup.o)
 .bss           0x001166a8        0x0 /opt/altera/13.0sp1/nios2eds/bin/gnu/H-i686-pc-linux-gnu/bin/../lib/gcc/nios2-elf/4.1.2/../../../../nios2-elf/lib/mno-hw-mul/libc.a(lib_a-dtoa.o)
 .bss           0x001166a8        0x0 /opt/altera/13.0sp1/nios2eds/bin/gnu/H-i686-pc-linux-gnu/bin/../lib/gcc/nios2-elf/4.1.2/../../../../nios2-elf/lib/mno-hw-mul/libc.a(lib_a-fflush.o)
 .bss           0x001166a8        0x0 /opt/altera/13.0sp1/nios2eds/bin/gnu/H-i686-pc-linux-gnu/bin/../lib/gcc/nios2-elf/4.1.2/../../../../nios2-elf/lib/mno-hw-mul/libc.a(lib_a-findfp.o)
 .bss           0x001166a8        0x0 /opt/altera/13.0sp1/nios2eds/bin/gnu/H-i686-pc-linux-gnu/bin/../lib/gcc/nios2-elf/4.1.2/../../../../nios2-elf/lib/mno-hw-mul/libc.a(lib_a-freer.o)
 .bss           0x001166a8        0x0 /opt/altera/13.0sp1/nios2eds/bin/gnu/H-i686-pc-linux-gnu/bin/../lib/gcc/nios2-elf/4.1.2/../../../../nios2-elf/lib/mno-hw-mul/libc.a(lib_a-fvwrite.o)
 .bss           0x001166a8        0x0 /opt/altera/13.0sp1/nios2eds/bin/gnu/H-i686-pc-linux-gnu/bin/../lib/gcc/nios2-elf/4.1.2/../../../../nios2-elf/lib/mno-hw-mul/libc.a(lib_a-fwalk.o)
 .bss           0x001166a8        0x0 /opt/altera/13.0sp1/nios2eds/bin/gnu/H-i686-pc-linux-gnu/bin/../lib/gcc/nios2-elf/4.1.2/../../../../nios2-elf/lib/mno-hw-mul/libc.a(lib_a-impure.o)
 .bss           0x001166a8        0x0 /opt/altera/13.0sp1/nios2eds/bin/gnu/H-i686-pc-linux-gnu/bin/../lib/gcc/nios2-elf/4.1.2/../../../../nios2-elf/lib/mno-hw-mul/libc.a(lib_a-locale.o)
 .bss           0x001166a8        0x0 /opt/altera/13.0sp1/nios2eds/bin/gnu/H-i686-pc-linux-gnu/bin/../lib/gcc/nios2-elf/4.1.2/../../../../nios2-elf/lib/mno-hw-mul/libc.a(lib_a-makebuf.o)
 .bss           0x001166a8       0x28 /opt/altera/13.0sp1/nios2eds/bin/gnu/H-i686-pc-linux-gnu/bin/../lib/gcc/nios2-elf/4.1.2/../../../../nios2-elf/lib/mno-hw-mul/libc.a(lib_a-mallocr.o)
                0x001166a8                __malloc_current_mallinfo
 .bss           0x001166d0        0x0 /opt/altera/13.0sp1/nios2eds/bin/gnu/H-i686-pc-linux-gnu/bin/../lib/gcc/nios2-elf/4.1.2/../../../../nios2-elf/lib/mno-hw-mul/libc.a(lib_a-memchr.o)
 .bss           0x001166d0        0x0 /opt/altera/13.0sp1/nios2eds/bin/gnu/H-i686-pc-linux-gnu/bin/../lib/gcc/nios2-elf/4.1.2/../../../../nios2-elf/lib/mno-hw-mul/libc.a(lib_a-memcpy.o)
 .bss           0x001166d0        0x0 /opt/altera/13.0sp1/nios2eds/bin/gnu/H-i686-pc-linux-gnu/bin/../lib/gcc/nios2-elf/4.1.2/../../../../nios2-elf/lib/mno-hw-mul/libc.a(lib_a-memmove.o)
 .bss           0x001166d0        0x0 /opt/altera/13.0sp1/nios2eds/bin/gnu/H-i686-pc-linux-gnu/bin/../lib/gcc/nios2-elf/4.1.2/../../../../nios2-elf/lib/mno-hw-mul/libc.a(lib_a-memset.o)
 .bss           0x001166d0        0x0 /opt/altera/13.0sp1/nios2eds/bin/gnu/H-i686-pc-linux-gnu/bin/../lib/gcc/nios2-elf/4.1.2/../../../../nios2-elf/lib/mno-hw-mul/libc.a(lib_a-mprec.o)
 .bss           0x001166d0        0x0 /opt/altera/13.0sp1/nios2eds/bin/gnu/H-i686-pc-linux-gnu/bin/../lib/gcc/nios2-elf/4.1.2/../../../../nios2-elf/lib/mno-hw-mul/libc.a(lib_a-putc.o)
 .bss           0x001166d0        0x0 /opt/altera/13.0sp1/nios2eds/bin/gnu/H-i686-pc-linux-gnu/bin/../lib/gcc/nios2-elf/4.1.2/../../../../nios2-elf/lib/mno-hw-mul/libc.a(lib_a-reallocr.o)
 .bss           0x001166d0        0x0 /opt/altera/13.0sp1/nios2eds/bin/gnu/H-i686-pc-linux-gnu/bin/../lib/gcc/nios2-elf/4.1.2/../../../../nios2-elf/lib/mno-hw-mul/libc.a(lib_a-s_isinfd.o)
 .bss           0x001166d0        0x0 /opt/altera/13.0sp1/nios2eds/bin/gnu/H-i686-pc-linux-gnu/bin/../lib/gcc/nios2-elf/4.1.2/../../../../nios2-elf/lib/mno-hw-mul/libc.a(lib_a-s_isnand.o)
 .bss           0x001166d0        0x0 /opt/altera/13.0sp1/nios2eds/bin/gnu/H-i686-pc-linux-gnu/bin/../lib/gcc/nios2-elf/4.1.2/../../../../nios2-elf/lib/mno-hw-mul/libc.a(lib_a-sbrkr.o)
 .bss           0x001166d0        0x0 /opt/altera/13.0sp1/nios2eds/bin/gnu/H-i686-pc-linux-gnu/bin/../lib/gcc/nios2-elf/4.1.2/../../../../nios2-elf/lib/mno-hw-mul/libc.a(lib_a-stdio.o)
 .bss           0x001166d0        0x0 /opt/altera/13.0sp1/nios2eds/bin/gnu/H-i686-pc-linux-gnu/bin/../lib/gcc/nios2-elf/4.1.2/../../../../nios2-elf/lib/mno-hw-mul/libc.a(lib_a-strcmp.o)
 .bss           0x001166d0        0x0 /opt/altera/13.0sp1/nios2eds/bin/gnu/H-i686-pc-linux-gnu/bin/../lib/gcc/nios2-elf/4.1.2/../../../../nios2-elf/lib/mno-hw-mul/libc.a(lib_a-wbuf.o)
 .bss           0x001166d0        0x0 /opt/altera/13.0sp1/nios2eds/bin/gnu/H-i686-pc-linux-gnu/bin/../lib/gcc/nios2-elf/4.1.2/../../../../nios2-elf/lib/mno-hw-mul/libc.a(lib_a-writer.o)
 .bss           0x001166d0        0x0 /opt/altera/13.0sp1/nios2eds/bin/gnu/H-i686-pc-linux-gnu/bin/../lib/gcc/nios2-elf/4.1.2/../../../../nios2-elf/lib/mno-hw-mul/libc.a(lib_a-callocr.o)
 .bss           0x001166d0        0x0 /opt/altera/13.0sp1/nios2eds/bin/gnu/H-i686-pc-linux-gnu/bin/../lib/gcc/nios2-elf/4.1.2/../../../../nios2-elf/lib/mno-hw-mul/libc.a(lib_a-closer.o)
 .bss           0x001166d0        0x0 /opt/altera/13.0sp1/nios2eds/bin/gnu/H-i686-pc-linux-gnu/bin/../lib/gcc/nios2-elf/4.1.2/../../../../nios2-elf/lib/mno-hw-mul/libc.a(lib_a-fclose.o)
 .bss           0x001166d0        0x0 /opt/altera/13.0sp1/nios2eds/bin/gnu/H-i686-pc-linux-gnu/bin/../lib/gcc/nios2-elf/4.1.2/../../../../nios2-elf/lib/mno-hw-mul/libc.a(lib_a-fstatr.o)
 .bss           0x001166d0        0x0 /opt/altera/13.0sp1/nios2eds/bin/gnu/H-i686-pc-linux-gnu/bin/../lib/gcc/nios2-elf/4.1.2/../../../../nios2-elf/lib/mno-hw-mul/libc.a(lib_a-int_errno.o)
 .bss           0x001166d0        0x0 /opt/altera/13.0sp1/nios2eds/bin/gnu/H-i686-pc-linux-gnu/bin/../lib/gcc/nios2-elf/4.1.2/../../../../nios2-elf/lib/mno-hw-mul/libc.a(lib_a-isattyr.o)
 .bss           0x001166d0        0x0 /opt/altera/13.0sp1/nios2eds/bin/gnu/H-i686-pc-linux-gnu/bin/../lib/gcc/nios2-elf/4.1.2/../../../../nios2-elf/lib/mno-hw-mul/libc.a(lib_a-lseekr.o)
 .bss           0x001166d0        0x0 /opt/altera/13.0sp1/nios2eds/bin/gnu/H-i686-pc-linux-gnu/bin/../lib/gcc/nios2-elf/4.1.2/../../../../nios2-elf/lib/mno-hw-mul/libc.a(lib_a-readr.o)
 .bss           0x001166d0        0x0 /opt/altera/13.0sp1/nios2eds/bin/gnu/H-i686-pc-linux-gnu/bin/../lib/gcc/nios2-elf/4.1.2/mno-hw-mul/libgcc.a(_udivdi3.o)
 .bss           0x001166d0        0x0 /opt/altera/13.0sp1/nios2eds/bin/gnu/H-i686-pc-linux-gnu/bin/../lib/gcc/nios2-elf/4.1.2/mno-hw-mul/libgcc.a(_umoddi3.o)
 .bss           0x001166d0        0x0 /opt/altera/13.0sp1/nios2eds/bin/gnu/H-i686-pc-linux-gnu/bin/../lib/gcc/nios2-elf/4.1.2/mno-hw-mul/libgcc.a(_mul_df.o)
 .bss           0x001166d0        0x0 /opt/altera/13.0sp1/nios2eds/bin/gnu/H-i686-pc-linux-gnu/bin/../lib/gcc/nios2-elf/4.1.2/mno-hw-mul/libgcc.a(_eq_df.o)
 .bss           0x001166d0        0x0 /opt/altera/13.0sp1/nios2eds/bin/gnu/H-i686-pc-linux-gnu/bin/../lib/gcc/nios2-elf/4.1.2/mno-hw-mul/libgcc.a(_ne_df.o)
 .bss           0x001166d0        0x0 /opt/altera/13.0sp1/nios2eds/bin/gnu/H-i686-pc-linux-gnu/bin/../lib/gcc/nios2-elf/4.1.2/mno-hw-mul/libgcc.a(_gt_df.o)
 .bss           0x001166d0        0x0 /opt/altera/13.0sp1/nios2eds/bin/gnu/H-i686-pc-linux-gnu/bin/../lib/gcc/nios2-elf/4.1.2/mno-hw-mul/libgcc.a(_ge_df.o)
 .bss           0x001166d0        0x0 /opt/altera/13.0sp1/nios2eds/bin/gnu/H-i686-pc-linux-gnu/bin/../lib/gcc/nios2-elf/4.1.2/mno-hw-mul/libgcc.a(_lt_df.o)
 .bss           0x001166d0        0x0 /opt/altera/13.0sp1/nios2eds/bin/gnu/H-i686-pc-linux-gnu/bin/../lib/gcc/nios2-elf/4.1.2/mno-hw-mul/libgcc.a(_usi_to_df.o)
 .bss           0x001166d0        0x0 /opt/altera/13.0sp1/nios2eds/bin/gnu/H-i686-pc-linux-gnu/bin/../lib/gcc/nios2-elf/4.1.2/mno-hw-mul/libgcc.a(_muldi3.o)
 .bss           0x001166d0        0x0 /opt/altera/13.0sp1/nios2eds/bin/gnu/H-i686-pc-linux-gnu/bin/../lib/gcc/nios2-elf/4.1.2/mno-hw-mul/libgcc.a(_fpcmp_parts_df.o)
 .bss           0x001166d0        0x0 ../bsp//libucosii_bsp.a(alt_alarm_start.o)
 .bss           0x001166d0        0x0 ../bsp//libucosii_bsp.a(alt_close.o)
 .bss           0x001166d0        0x0 ../bsp//libucosii_bsp.a(alt_dev.o)
 .bss           0x001166d0        0x0 ../bsp//libucosii_bsp.a(alt_errno.o)
 .bss           0x001166d0        0x0 ../bsp//libucosii_bsp.a(alt_fstat.o)
 .bss           0x001166d0        0x0 ../bsp//libucosii_bsp.a(alt_isatty.o)
 .bss           0x001166d0        0x0 ../bsp//libucosii_bsp.a(alt_load.o)
 .bss           0x001166d0        0x0 ../bsp//libucosii_bsp.a(alt_lseek.o)
 .bss           0x001166d0        0x0 ../bsp//libucosii_bsp.a(alt_main.o)
 .bss           0x001166d0        0x0 ../bsp//libucosii_bsp.a(alt_read.o)
 .bss           0x001166d0        0x0 ../bsp//libucosii_bsp.a(alt_release_fd.o)
 .bss           0x001166d0        0x0 ../bsp//libucosii_bsp.a(alt_sbrk.o)
 .bss           0x001166d0        0x0 ../bsp//libucosii_bsp.a(alt_tick.o)
 .bss           0x001166d0        0x0 ../bsp//libucosii_bsp.a(alt_write.o)
 .bss           0x001166d0        0x0 ../bsp//libucosii_bsp.a(alt_env_lock.o)
 .bss           0x001166d0        0x0 ../bsp//libucosii_bsp.a(alt_malloc_lock.o)
 .bss           0x001166d0        0x0 ../bsp//libucosii_bsp.a(os_core.o)
 .bss           0x001166d0        0x0 ../bsp//libucosii_bsp.a(os_dbg.o)
 .bss           0x001166d0        0x0 ../bsp//libucosii_bsp.a(os_flag.o)
 .bss           0x001166d0        0x0 ../bsp//libucosii_bsp.a(os_mbox.o)
 .bss           0x001166d0        0x0 ../bsp//libucosii_bsp.a(os_mem.o)
 .bss           0x001166d0        0x0 ../bsp//libucosii_bsp.a(os_q.o)
 .bss           0x001166d0        0x0 ../bsp//libucosii_bsp.a(os_sem.o)
 .bss           0x001166d0        0x0 ../bsp//libucosii_bsp.a(os_task.o)
 .bss           0x001166d0        0x0 ../bsp//libucosii_bsp.a(os_time.o)
 .bss           0x001166d0        0x0 ../bsp//libucosii_bsp.a(os_tmr.o)
 .bss           0x001166d0        0x0 ../bsp//libucosii_bsp.a(alt_sys_init.o)
 .bss           0x001166d0        0x0 ../bsp//libucosii_bsp.a(altera_avalon_jtag_uart_fd.o)
 .bss           0x001166d0        0x0 ../bsp//libucosii_bsp.a(altera_avalon_jtag_uart_init.o)
 .bss           0x001166d0        0x0 ../bsp//libucosii_bsp.a(altera_avalon_jtag_uart_ioctl.o)
 .bss           0x001166d0        0x0 ../bsp//libucosii_bsp.a(altera_avalon_jtag_uart_read.o)
 .bss           0x001166d0        0x0 ../bsp//libucosii_bsp.a(altera_avalon_jtag_uart_write.o)
 .bss           0x001166d0        0x0 ../bsp//libucosii_bsp.a(altera_avalon_timer_sc.o)
 .bss           0x001166d0        0x0 ../bsp//libucosii_bsp.a(altera_up_avalon_character_lcd.o)
 .bss           0x001166d0        0x0 ../bsp//libucosii_bsp.a(alt_dcache_flush_all.o)
 .bss           0x001166d0        0x0 ../bsp//libucosii_bsp.a(alt_dev_llist_insert.o)
 .bss           0x001166d0        0x0 ../bsp//libucosii_bsp.a(alt_do_ctors.o)
 .bss           0x001166d0        0x0 ../bsp//libucosii_bsp.a(alt_do_dtors.o)
 .bss           0x001166d0        0x0 ../bsp//libucosii_bsp.a(alt_find_dev.o)
 .bss           0x001166d0        0x0 ../bsp//libucosii_bsp.a(alt_icache_flush_all.o)
 .bss           0x001166d0        0x0 ../bsp//libucosii_bsp.a(alt_iic.o)
 .bss           0x001166d0        0x0 ../bsp//libucosii_bsp.a(alt_iic_isr_register.o)
 .bss           0x001166d0        0x0 ../bsp//libucosii_bsp.a(alt_io_redirect.o)
 .bss           0x001166d0        0x0 ../bsp//libucosii_bsp.a(alt_irq_entry.o)
 .bss           0x001166d0        0x0 ../bsp//libucosii_bsp.a(alt_irq_handler.o)
 .bss           0x001166d0        0x0 ../bsp//libucosii_bsp.a(alt_irq_vars.o)
 .bss           0x001166d0        0x0 ../bsp//libucosii_bsp.a(alt_open.o)
 .bss           0x001166d0        0x0 ../bsp//libucosii_bsp.a(altera_nios2_qsys_irq.o)
 .bss           0x001166d0        0x0 ../bsp//libucosii_bsp.a(os_cpu_a.o)
 .bss           0x001166d0        0x0 ../bsp//libucosii_bsp.a(os_cpu_c.o)
 .bss           0x001166d0        0x0 ../bsp//libucosii_bsp.a(alt_exception_entry.o)
 .bss           0x001166d0        0x0 ../bsp//libucosii_bsp.a(alt_find_file.o)
 .bss           0x001166d0        0x0 ../bsp//libucosii_bsp.a(alt_get_fd.o)
 .bss           0x001166d0        0x0 /opt/altera/13.0sp1/nios2eds/bin/gnu/H-i686-pc-linux-gnu/bin/../lib/gcc/nios2-elf/4.1.2/../../../../nios2-elf/lib/mno-hw-mul/libc.a(lib_a-atexit.o)
 .bss           0x001166d0        0x0 /opt/altera/13.0sp1/nios2eds/bin/gnu/H-i686-pc-linux-gnu/bin/../lib/gcc/nios2-elf/4.1.2/../../../../nios2-elf/lib/mno-hw-mul/libc.a(lib_a-exit.o)
 .bss           0x001166d0        0x0 /opt/altera/13.0sp1/nios2eds/bin/gnu/H-i686-pc-linux-gnu/bin/../lib/gcc/nios2-elf/4.1.2/../../../../nios2-elf/lib/mno-hw-mul/libc.a(lib_a-memcmp.o)
 .bss           0x001166d0        0x0 /opt/altera/13.0sp1/nios2eds/bin/gnu/H-i686-pc-linux-gnu/bin/../lib/gcc/nios2-elf/4.1.2/../../../../nios2-elf/lib/mno-hw-mul/libc.a(lib_a-__atexit.o)
 .bss           0x001166d0        0x0 /opt/altera/13.0sp1/nios2eds/bin/gnu/H-i686-pc-linux-gnu/bin/../lib/gcc/nios2-elf/4.1.2/../../../../nios2-elf/lib/mno-hw-mul/libc.a(lib_a-__call_atexit.o)
 .bss           0x001166d0        0x0 /opt/altera/13.0sp1/nios2eds/bin/gnu/H-i686-pc-linux-gnu/bin/../lib/gcc/nios2-elf/4.1.2/mno-hw-mul/libgcc.a(_fixunsdfsi.o)
 .bss           0x001166d0        0x0 ../bsp//libucosii_bsp.a(alt_exit.o)
 *(COMMON)
 COMMON         0x001166d0    0x10000 obj/default/cruise.o
                0x001166d0                ControlTask_Stack
                0x001186d0                OverloadDetectionTask_Stack
                0x0011a6d0                KeyIOTask_Stack
                0x0011c6d0                VehicleTask_Stack
                0x0011e6d0                SwitchIOTask_Stack
                0x001206d0                StartTask_Stack
                0x001226d0                ExtraLoadTask_Stack
                0x001246d0                WatchdogTask_Stack
 COMMON         0x001266d0     0x3d74 ../bsp//libucosii_bsp.a(os_core.o)
                0x001266d0                OSTmrWheelTbl
                0x001266e0                OSFlagTbl
                0x00126a50                OSTmrTbl
                0x00126d90                OSMemTbl
                0x001279c0                OSTaskStatStk
                0x001281c0                OSQTbl
                0x001283a0                OSTmrTaskStk
                0x00128ba0                OSTaskIdleStk
                0x001293a0                OSEventTbl
                0x00129ee0                OSTCBTbl
                0x0012a3f0                OSTCBPrioTbl
 COMMON         0x0012a444      0x100 ../bsp//libucosii_bsp.a(alt_irq_handler.o)
                0x0012a444                alt_irq
 COMMON         0x0012a544      0x190 /opt/altera/13.0sp1/nios2eds/bin/gnu/H-i686-pc-linux-gnu/bin/../lib/gcc/nios2-elf/4.1.2/../../../../nios2-elf/lib/mno-hw-mul/libc.a(lib_a-atexit.o)
                0x0012a544                _atexit0
                0x0012a6d4                . = ALIGN (0x4)
                0x0012a6d4                __bss_end = ABSOLUTE (.)

.onchip_memory  0x00000000        0x0 load address 0x0012a6d4
                0x00000000                PROVIDE (_alt_partition_onchip_memory_start, ABSOLUTE (.))
 *(.onchip_memory. onchip_memory.*)
                0x00000000                . = ALIGN (0x4)
                0x00000000                PROVIDE (_alt_partition_onchip_memory_end, ABSOLUTE (.))
                0x0012a6d4                PROVIDE (_alt_partition_onchip_memory_load_addr, LOADADDR (.onchip_memory))

.sram           0x0012a6d4        0x0
                0x0012a6d4                PROVIDE (_alt_partition_sram_start, ABSOLUTE (.))
 *(.sram. sram.*)
                0x0012a6d4                . = ALIGN (0x4)
                0x0012a6d4                PROVIDE (_alt_partition_sram_end, ABSOLUTE (.))
                0x0012a6d4                _end = ABSOLUTE (.)
                0x0012a6d4                end = ABSOLUTE (.)
                0x0012a6d4                __alt_stack_base = ABSOLUTE (.)
                0x0012a6d4                PROVIDE (_alt_partition_sram_load_addr, LOADADDR (.sram))

.sdram          0x01000144        0x0 load address 0x0012a6d4
                0x01000144                PROVIDE (_alt_partition_sdram_start, ABSOLUTE (.))
 *(.sdram. sdram.*)
                0x01000144                . = ALIGN (0x4)
                0x01000144                PROVIDE (_alt_partition_sdram_end, ABSOLUTE (.))
                0x0012a6d4                PROVIDE (_alt_partition_sdram_load_addr, LOADADDR (.sdram))

.stab
 *(.stab)

.stabstr
 *(.stabstr)

.stab.excl
 *(.stab.excl)

.stab.exclstr
 *(.stab.exclstr)

.stab.index
 *(.stab.index)

.stab.indexstr
 *(.stab.indexstr)

.comment        0x00000000       0x26
 *(.comment)
 .comment       0x00000000       0x26 obj/default/cruise.o
                                 0x27 (size before relaxing)
 .comment       0x00000000       0x27 /opt/altera/13.0sp1/nios2eds/bin/gnu/H-i686-pc-linux-gnu/bin/../lib/gcc/nios2-elf/4.1.2/mno-hw-mul/libgcc.a(_addsub_df.o)
 .comment       0x00000000       0x27 /opt/altera/13.0sp1/nios2eds/bin/gnu/H-i686-pc-linux-gnu/bin/../lib/gcc/nios2-elf/4.1.2/mno-hw-mul/libgcc.a(_div_df.o)
 .comment       0x00000000       0x27 /opt/altera/13.0sp1/nios2eds/bin/gnu/H-i686-pc-linux-gnu/bin/../lib/gcc/nios2-elf/4.1.2/mno-hw-mul/libgcc.a(_si_to_df.o)
 .comment       0x00000000       0x27 /opt/altera/13.0sp1/nios2eds/bin/gnu/H-i686-pc-linux-gnu/bin/../lib/gcc/nios2-elf/4.1.2/mno-hw-mul/libgcc.a(_df_to_si.o)
 .comment       0x00000000       0x27 /opt/altera/13.0sp1/nios2eds/bin/gnu/H-i686-pc-linux-gnu/bin/../lib/gcc/nios2-elf/4.1.2/mno-hw-mul/libgcc.a(_thenan_df.o)
 .comment       0x00000000       0x27 /opt/altera/13.0sp1/nios2eds/bin/gnu/H-i686-pc-linux-gnu/bin/../lib/gcc/nios2-elf/4.1.2/mno-hw-mul/libgcc.a(lib2-divmod.o)
 .comment       0x00000000       0x27 /opt/altera/13.0sp1/nios2eds/bin/gnu/H-i686-pc-linux-gnu/bin/../lib/gcc/nios2-elf/4.1.2/mno-hw-mul/libgcc.a(lib2-mul.o)
 .comment       0x00000000       0x27 /opt/altera/13.0sp1/nios2eds/bin/gnu/H-i686-pc-linux-gnu/bin/../lib/gcc/nios2-elf/4.1.2/mno-hw-mul/libgcc.a(_clzsi2.o)
 .comment       0x00000000       0x27 /opt/altera/13.0sp1/nios2eds/bin/gnu/H-i686-pc-linux-gnu/bin/../lib/gcc/nios2-elf/4.1.2/mno-hw-mul/libgcc.a(_pack_df.o)
 .comment       0x00000000       0x27 /opt/altera/13.0sp1/nios2eds/bin/gnu/H-i686-pc-linux-gnu/bin/../lib/gcc/nios2-elf/4.1.2/mno-hw-mul/libgcc.a(_unpack_df.o)
 .comment       0x00000000       0x27 /opt/altera/13.0sp1/nios2eds/bin/gnu/H-i686-pc-linux-gnu/bin/../lib/gcc/nios2-elf/4.1.2/mno-hw-mul/libgcc.a(_clz.o)
 .comment       0x00000000       0x27 /opt/altera/13.0sp1/nios2eds/bin/gnu/H-i686-pc-linux-gnu/bin/../lib/gcc/nios2-elf/4.1.2/../../../../nios2-elf/lib/mno-hw-mul/libc.a(lib_a-printf.o)
 .comment       0x00000000       0x27 /opt/altera/13.0sp1/nios2eds/bin/gnu/H-i686-pc-linux-gnu/bin/../lib/gcc/nios2-elf/4.1.2/../../../../nios2-elf/lib/mno-hw-mul/libc.a(lib_a-putchar.o)
 .comment       0x00000000       0x27 /opt/altera/13.0sp1/nios2eds/bin/gnu/H-i686-pc-linux-gnu/bin/../lib/gcc/nios2-elf/4.1.2/../../../../nios2-elf/lib/mno-hw-mul/libc.a(lib_a-puts.o)
 .comment       0x00000000       0x27 /opt/altera/13.0sp1/nios2eds/bin/gnu/H-i686-pc-linux-gnu/bin/../lib/gcc/nios2-elf/4.1.2/../../../../nios2-elf/lib/mno-hw-mul/libc.a(lib_a-strlen.o)
 .comment       0x00000000       0x27 /opt/altera/13.0sp1/nios2eds/bin/gnu/H-i686-pc-linux-gnu/bin/../lib/gcc/nios2-elf/4.1.2/../../../../nios2-elf/lib/mno-hw-mul/libc.a(lib_a-vfprintf.o)
 .comment       0x00000000       0x27 /opt/altera/13.0sp1/nios2eds/bin/gnu/H-i686-pc-linux-gnu/bin/../lib/gcc/nios2-elf/4.1.2/../../../../nios2-elf/lib/mno-hw-mul/libc.a(lib_a-wsetup.o)
 .comment       0x00000000       0x27 /opt/altera/13.0sp1/nios2eds/bin/gnu/H-i686-pc-linux-gnu/bin/../lib/gcc/nios2-elf/4.1.2/../../../../nios2-elf/lib/mno-hw-mul/libc.a(lib_a-dtoa.o)
 .comment       0x00000000       0x27 /opt/altera/13.0sp1/nios2eds/bin/gnu/H-i686-pc-linux-gnu/bin/../lib/gcc/nios2-elf/4.1.2/../../../../nios2-elf/lib/mno-hw-mul/libc.a(lib_a-fflush.o)